Archive member included to satisfy reference by file (symbol)

C:/Program Files (x86)/Arm GNU Toolchain arm-none-eabi/13.2 Rel1/bin/../lib/gcc/arm-none-eabi/13.2.1/thumb/v8-m.main+dp/hard\libgcc.a(_aeabi_ldivmod.o)
                              ./ra/fsp/src/r_sci_b_uart/r_sci_b_uart.o (__aeabi_ldivmod)
C:/Program Files (x86)/Arm GNU Toolchain arm-none-eabi/13.2 Rel1/bin/../lib/gcc/arm-none-eabi/13.2.1/thumb/v8-m.main+dp/hard\libgcc.a(_udivmoddi4.o)
                              C:/Program Files (x86)/Arm GNU Toolchain arm-none-eabi/13.2 Rel1/bin/../lib/gcc/arm-none-eabi/13.2.1/thumb/v8-m.main+dp/hard\libgcc.a(_aeabi_ldivmod.o) (__udivmoddi4)
C:/Program Files (x86)/Arm GNU Toolchain arm-none-eabi/13.2 Rel1/bin/../lib/gcc/arm-none-eabi/13.2.1/thumb/v8-m.main+dp/hard\libgcc.a(_dvmd_tls.o)
                              C:/Program Files (x86)/Arm GNU Toolchain arm-none-eabi/13.2 Rel1/bin/../lib/gcc/arm-none-eabi/13.2.1/thumb/v8-m.main+dp/hard\libgcc.a(_aeabi_ldivmod.o) (__aeabi_ldiv0)
C:/Program Files (x86)/Arm GNU Toolchain arm-none-eabi/13.2 Rel1/bin/../lib/gcc/arm-none-eabi/13.2.1/thumb/v8-m.main+dp/hard\libg_nano.a(libc_a-exit.o)
                              C:/Program Files (x86)/Arm GNU Toolchain arm-none-eabi/13.2 Rel1/bin/../lib/gcc/arm-none-eabi/13.2.1/thumb/v8-m.main+dp/hard/crt0.o (exit)
C:/Program Files (x86)/Arm GNU Toolchain arm-none-eabi/13.2 Rel1/bin/../lib/gcc/arm-none-eabi/13.2.1/thumb/v8-m.main+dp/hard\libg_nano.a(libc_a-findfp.o)
                              C:/Program Files (x86)/Arm GNU Toolchain arm-none-eabi/13.2 Rel1/bin/../lib/gcc/arm-none-eabi/13.2.1/thumb/v8-m.main+dp/hard\libg_nano.a(libc_a-exit.o) (__stdio_exit_handler)
C:/Program Files (x86)/Arm GNU Toolchain arm-none-eabi/13.2 Rel1/bin/../lib/gcc/arm-none-eabi/13.2.1/thumb/v8-m.main+dp/hard\libg_nano.a(libc_a-fwalk.o)
                              C:/Program Files (x86)/Arm GNU Toolchain arm-none-eabi/13.2 Rel1/bin/../lib/gcc/arm-none-eabi/13.2.1/thumb/v8-m.main+dp/hard\libg_nano.a(libc_a-findfp.o) (_fwalk_sglue)
C:/Program Files (x86)/Arm GNU Toolchain arm-none-eabi/13.2 Rel1/bin/../lib/gcc/arm-none-eabi/13.2.1/thumb/v8-m.main+dp/hard\libg_nano.a(libc_a-sprintf.o)
                              ./src/hal_entry.o (sprintf)
C:/Program Files (x86)/Arm GNU Toolchain arm-none-eabi/13.2 Rel1/bin/../lib/gcc/arm-none-eabi/13.2.1/thumb/v8-m.main+dp/hard\libg_nano.a(libc_a-stdio.o)
                              C:/Program Files (x86)/Arm GNU Toolchain arm-none-eabi/13.2 Rel1/bin/../lib/gcc/arm-none-eabi/13.2.1/thumb/v8-m.main+dp/hard\libg_nano.a(libc_a-findfp.o) (__sread)
C:/Program Files (x86)/Arm GNU Toolchain arm-none-eabi/13.2 Rel1/bin/../lib/gcc/arm-none-eabi/13.2.1/thumb/v8-m.main+dp/hard\libg_nano.a(libc_a-memset.o)
                              C:/Program Files (x86)/Arm GNU Toolchain arm-none-eabi/13.2 Rel1/bin/../lib/gcc/arm-none-eabi/13.2.1/thumb/v8-m.main+dp/hard/crt0.o (memset)
C:/Program Files (x86)/Arm GNU Toolchain arm-none-eabi/13.2 Rel1/bin/../lib/gcc/arm-none-eabi/13.2.1/thumb/v8-m.main+dp/hard\libg_nano.a(libc_a-closer.o)
                              C:/Program Files (x86)/Arm GNU Toolchain arm-none-eabi/13.2 Rel1/bin/../lib/gcc/arm-none-eabi/13.2.1/thumb/v8-m.main+dp/hard\libg_nano.a(libc_a-stdio.o) (_close_r)
C:/Program Files (x86)/Arm GNU Toolchain arm-none-eabi/13.2 Rel1/bin/../lib/gcc/arm-none-eabi/13.2.1/thumb/v8-m.main+dp/hard\libg_nano.a(libc_a-reent.o)
                              C:/Program Files (x86)/Arm GNU Toolchain arm-none-eabi/13.2 Rel1/bin/../lib/gcc/arm-none-eabi/13.2.1/thumb/v8-m.main+dp/hard\libg_nano.a(libc_a-closer.o) (errno)
C:/Program Files (x86)/Arm GNU Toolchain arm-none-eabi/13.2 Rel1/bin/../lib/gcc/arm-none-eabi/13.2.1/thumb/v8-m.main+dp/hard\libg_nano.a(libc_a-impure.o)
                              C:/Program Files (x86)/Arm GNU Toolchain arm-none-eabi/13.2 Rel1/bin/../lib/gcc/arm-none-eabi/13.2.1/thumb/v8-m.main+dp/hard\libg_nano.a(libc_a-sprintf.o) (_impure_ptr)
C:/Program Files (x86)/Arm GNU Toolchain arm-none-eabi/13.2 Rel1/bin/../lib/gcc/arm-none-eabi/13.2.1/thumb/v8-m.main+dp/hard\libg_nano.a(libc_a-lseekr.o)
                              C:/Program Files (x86)/Arm GNU Toolchain arm-none-eabi/13.2 Rel1/bin/../lib/gcc/arm-none-eabi/13.2.1/thumb/v8-m.main+dp/hard\libg_nano.a(libc_a-stdio.o) (_lseek_r)
C:/Program Files (x86)/Arm GNU Toolchain arm-none-eabi/13.2 Rel1/bin/../lib/gcc/arm-none-eabi/13.2.1/thumb/v8-m.main+dp/hard\libg_nano.a(libc_a-readr.o)
                              C:/Program Files (x86)/Arm GNU Toolchain arm-none-eabi/13.2 Rel1/bin/../lib/gcc/arm-none-eabi/13.2.1/thumb/v8-m.main+dp/hard\libg_nano.a(libc_a-stdio.o) (_read_r)
C:/Program Files (x86)/Arm GNU Toolchain arm-none-eabi/13.2 Rel1/bin/../lib/gcc/arm-none-eabi/13.2.1/thumb/v8-m.main+dp/hard\libg_nano.a(libc_a-writer.o)
                              C:/Program Files (x86)/Arm GNU Toolchain arm-none-eabi/13.2 Rel1/bin/../lib/gcc/arm-none-eabi/13.2.1/thumb/v8-m.main+dp/hard\libg_nano.a(libc_a-stdio.o) (_write_r)
[...]
Memory Configuration

Name             Origin             Length             Attributes
RAM              0x22000000         0x001d4000         xrw
FLASH            0x02000000         0x00100000         xr
DATA_FLASH       0x27000000         0x00000000         xr
SDRAM            0x68000000         0x08000000         xrw
OSPI0_CS0        0x80000000         0x10000000         xrw
OSPI0_CS1        0x90000000         0x10000000         xr
OSPI1_CS0        0x70000000         0x08000000         xrw
OSPI1_CS1        0x78000000         0x08000000         xr
OPTION_SETTING_OFS0 0x02c9f040         0x00000004         r
OPTION_SETTING_OFS2 0x02c9f044         0x00000004         r
OPTION_SETTING_SAS 0x02c9f074         0x00000004         r
OPTION_SETTING_OFS1 0x12c9f4c0         0x00000004         r
OPTION_SETTING_OFS1_SEC 0x02c9f0c0         0x00000004         r
OPTION_SETTING_OFS1_SEL 0x02c9f120         0x00000004         r
OPTION_SETTING_OFS3 0x12c9f4c4         0x00000004         r
OPTION_SETTING_OFS3_SEC 0x02c9f0c4         0x00000004         r
OPTION_SETTING_OFS3_SEL 0x02c9f124         0x00000004         r
OPTION_SETTING_BPS 0x12c9f600         0x00000080         r
OPTION_SETTING_BPS_SEC 0x02c9f200         0x00000080         r
OPTION_SETTING_OTP_FSBLCTRL0 0x02e07600         0x00000004         r
OPTION_SETTING_OTP_FSBLCTRL1 0x02e07604         0x00000004         r
OPTION_SETTING_OTP_FSBLCTRL2 0x02e07608         0x00000004         r
OPTION_SETTING_OTP_SAMR 0x02e07614         0x00000004         r
OPTION_SETTING_OTP_SACC00 0x02e07620         0x00000004         r
OPTION_SETTING_OTP_SACC10 0x02e07630         0x00000004         r
OPTION_SETTING_OTP_SACC01 0x02e07640         0x00000004         r
OPTION_SETTING_OTP_SACC11 0x02e07650         0x00000004         r
OPTION_SETTING_OTP_SACC02 0x02e07660         0x00000004         r
OPTION_SETTING_OTP_SACC12 0x02e07670         0x00000004         r
OPTION_SETTING_OTP_SACC03 0x02e07680         0x00000004         r
OPTION_SETTING_OTP_SACC13 0x02e07690         0x00000004         r
OPTION_SETTING_OTP_PBPS_SEC 0x02e17700         0x00000080         r
OPTION_SETTING_OTP_PBPS 0x12e17780         0x00000080         r
OPTION_SETTING_OTP_ZHUK 0x02e17920         0x00000004         r
ITCM             0x00000000         0x00020000         xrw
DTCM             0x20000000         0x00020000         xrw
*default*        0x00000000         0xffffffff

Linker script and memory map

LOAD C:/Program Files (x86)/Arm GNU Toolchain arm-none-eabi/13.2 Rel1/bin/../lib/gcc/arm-none-eabi/13.2.1/thumb/v8-m.main+dp/hard/crti.o
LOAD C:/Program Files (x86)/Arm GNU Toolchain arm-none-eabi/13.2 Rel1/bin/../lib/gcc/arm-none-eabi/13.2.1/thumb/v8-m.main+dp/hard/crtbegin.o
LOAD C:/Program Files (x86)/Arm GNU Toolchain arm-none-eabi/13.2 Rel1/bin/../lib/gcc/arm-none-eabi/13.2.1/thumb/v8-m.main+dp/hard/crt0.o
START GROUP
LOAD ./src/hal_entry.o
LOAD ./src/hal_warmstart.o
LOAD ./ra_gen/common_data.o
LOAD ./ra_gen/hal_data.o
LOAD ./ra_gen/main.o
LOAD ./ra_gen/pin_data.o
LOAD ./ra_gen/vector_data.o
LOAD ./ra/fsp/src/r_sci_b_uart/r_sci_b_uart.o
LOAD ./ra/fsp/src/r_sci_b_spi/r_sci_b_spi.o
LOAD ./ra/fsp/src/r_ioport/r_ioport.o
LOAD ./ra/fsp/src/r_iic_master/r_iic_master.o
LOAD ./ra/fsp/src/r_ceu/r_ceu.o
LOAD ./ra/fsp/src/bsp/mcu/ra8p1/bsp_linker.o
LOAD ./ra/fsp/src/bsp/mcu/all/bsp_clocks.o
LOAD ./ra/fsp/src/bsp/mcu/all/bsp_common.o
LOAD ./ra/fsp/src/bsp/mcu/all/bsp_delay.o
LOAD ./ra/fsp/src/bsp/mcu/all/bsp_group_irq.o
LOAD ./ra/fsp/src/bsp/mcu/all/bsp_guard.o
LOAD ./ra/fsp/src/bsp/mcu/all/bsp_io.o
LOAD ./ra/fsp/src/bsp/mcu/all/bsp_ipc.o
LOAD ./ra/fsp/src/bsp/mcu/all/bsp_irq.o
LOAD ./ra/fsp/src/bsp/mcu/all/bsp_macl.o
LOAD ./ra/fsp/src/bsp/mcu/all/bsp_ospi_b.o
LOAD ./ra/fsp/src/bsp/mcu/all/bsp_register_protection.o
LOAD ./ra/fsp/src/bsp/mcu/all/bsp_sbrk.o
LOAD ./ra/fsp/src/bsp/mcu/all/bsp_sdram.o
LOAD ./ra/fsp/src/bsp/mcu/all/bsp_security.o
LOAD ./ra/fsp/src/bsp/cmsis/Device/RENESAS/Source/startup.o
LOAD ./ra/fsp/src/bsp/cmsis/Device/RENESAS/Source/system.o
LOAD ./ra/board/ra8p1_ek/board_init.o
LOAD ./ra/board/ra8p1_ek/board_leds.o
END GROUP
START GROUP
LOAD C:/Program Files (x86)/Arm GNU Toolchain arm-none-eabi/13.2 Rel1/bin/../lib/gcc/arm-none-eabi/13.2.1/thumb/v8-m.main+dp/hard\libgcc.a
LOAD C:/Program Files (x86)/Arm GNU Toolchain arm-none-eabi/13.2 Rel1/bin/../lib/gcc/arm-none-eabi/13.2.1/thumb/v8-m.main+dp/hard\libg_nano.a
LOAD C:/Program Files (x86)/Arm GNU Toolchain arm-none-eabi/13.2 Rel1/bin/../lib/gcc/arm-none-eabi/13.2.1/thumb/v8-m.main+dp/hard\libc_nano.a
END GROUP
START GROUP
LOAD C:/Program Files (x86)/Arm GNU Toolchain arm-none-eabi/13.2 Rel1/bin/../lib/gcc/arm-none-eabi/13.2.1/thumb/v8-m.main+dp/hard\libgcc.a
LOAD C:/Program Files (x86)/Arm GNU Toolchain arm-none-eabi/13.2 Rel1/bin/../lib/gcc/arm-none-eabi/13.2.1/thumb/v8-m.main+dp/hard\libc_nano.a
END GROUP
LOAD C:/Program Files (x86)/Arm GNU Toolchain arm-none-eabi/13.2 Rel1/bin/../lib/gcc/arm-none-eabi/13.2.1/thumb/v8-m.main+dp/hard/crtend.o
LOAD C:/Program Files (x86)/Arm GNU Toolchain arm-none-eabi/13.2 Rel1/bin/../lib/gcc/arm-none-eabi/13.2.1/thumb/v8-m.main+dp/hard/crtn.o
                0x22000000                        RAM_START = 0x22000000
                0x001d4000                        RAM_LENGTH = 0x1d4000
                0x02000000                        FLASH_START = 0x2000000
                0x00100000                        FLASH_LENGTH = 0x100000
                0x27000000                        DATA_FLASH_START = 0x27000000
                0x00000000                        DATA_FLASH_LENGTH = 0x0
                0x68000000                        SDRAM_START = 0x68000000
                0x08000000                        SDRAM_LENGTH = 0x8000000
                0x80000000                        OSPI0_CS0_START = 0x80000000
                0x10000000                        OSPI0_CS0_LENGTH = 0x10000000
                0x90000000                        OSPI0_CS1_START = 0x90000000
                0x10000000                        OSPI0_CS1_LENGTH = 0x10000000
                0x70000000                        OSPI1_CS0_START = 0x70000000
                0x08000000                        OSPI1_CS0_LENGTH = 0x8000000
                0x78000000                        OSPI1_CS1_START = 0x78000000
                0x08000000                        OSPI1_CS1_LENGTH = 0x8000000
                0x02c9f040                        OPTION_SETTING_OFS0_START = 0x2c9f040
                0x00000004                        OPTION_SETTING_OFS0_LENGTH = 0x4
                0x02c9f044                        OPTION_SETTING_OFS2_START = 0x2c9f044
                0x00000004                        OPTION_SETTING_OFS2_LENGTH = 0x4
                0x02c9f074                        OPTION_SETTING_SAS_START = 0x2c9f074
                0x00000004                        OPTION_SETTING_SAS_LENGTH = 0x4
                0x12c9f4c0                        OPTION_SETTING_OFS1_START = 0x12c9f4c0
                0x00000004                        OPTION_SETTING_OFS1_LENGTH = 0x4
                0x02c9f0c0                        OPTION_SETTING_OFS1_SEC_START = 0x2c9f0c0
                0x00000004                        OPTION_SETTING_OFS1_SEC_LENGTH = 0x4
                0x02c9f120                        OPTION_SETTING_OFS1_SEL_START = 0x2c9f120
                0x00000004                        OPTION_SETTING_OFS1_SEL_LENGTH = 0x4
                0x12c9f4c4                        OPTION_SETTING_OFS3_START = 0x12c9f4c4
                0x00000004                        OPTION_SETTING_OFS3_LENGTH = 0x4
                0x02c9f0c4                        OPTION_SETTING_OFS3_SEC_START = 0x2c9f0c4
                0x00000004                        OPTION_SETTING_OFS3_SEC_LENGTH = 0x4
                0x02c9f124                        OPTION_SETTING_OFS3_SEL_START = 0x2c9f124
                0x00000004                        OPTION_SETTING_OFS3_SEL_LENGTH = 0x4
                0x12c9f600                        OPTION_SETTING_BPS_START = 0x12c9f600
                0x00000080                        OPTION_SETTING_BPS_LENGTH = 0x80
                0x02c9f200                        OPTION_SETTING_BPS_SEC_START = 0x2c9f200
                0x00000080                        OPTION_SETTING_BPS_SEC_LENGTH = 0x80
                0x02e07600                        OPTION_SETTING_OTP_FSBLCTRL0_START = 0x2e07600
                0x00000004                        OPTION_SETTING_OTP_FSBLCTRL0_LENGTH = 0x4
                0x02e07604                        OPTION_SETTING_OTP_FSBLCTRL1_START = 0x2e07604
                0x00000004                        OPTION_SETTING_OTP_FSBLCTRL1_LENGTH = 0x4
                0x02e07608                        OPTION_SETTING_OTP_FSBLCTRL2_START = 0x2e07608
                0x00000004                        OPTION_SETTING_OTP_FSBLCTRL2_LENGTH = 0x4
                0x02e07614                        OPTION_SETTING_OTP_SAMR_START = 0x2e07614
                0x00000004                        OPTION_SETTING_OTP_SAMR_LENGTH = 0x4
                0x02e07620                        OPTION_SETTING_OTP_SACC00_START = 0x2e07620
                0x00000004                        OPTION_SETTING_OTP_SACC00_LENGTH = 0x4
                0x02e07630                        OPTION_SETTING_OTP_SACC10_START = 0x2e07630
                0x00000004                        OPTION_SETTING_OTP_SACC10_LENGTH = 0x4
                0x02e07640                        OPTION_SETTING_OTP_SACC01_START = 0x2e07640
                0x00000004                        OPTION_SETTING_OTP_SACC01_LENGTH = 0x4
                0x02e07650                        OPTION_SETTING_OTP_SACC11_START = 0x2e07650
                0x00000004                        OPTION_SETTING_OTP_SACC11_LENGTH = 0x4
                0x02e07660                        OPTION_SETTING_OTP_SACC02_START = 0x2e07660
                0x00000004                        OPTION_SETTING_OTP_SACC02_LENGTH = 0x4
                0x02e07670                        OPTION_SETTING_OTP_SACC12_START = 0x2e07670
                0x00000004                        OPTION_SETTING_OTP_SACC12_LENGTH = 0x4
                0x02e07680                        OPTION_SETTING_OTP_SACC03_START = 0x2e07680
                0x00000004                        OPTION_SETTING_OTP_SACC03_LENGTH = 0x4
                0x02e07690                        OPTION_SETTING_OTP_SACC13_START = 0x2e07690
                0x00000004                        OPTION_SETTING_OTP_SACC13_LENGTH = 0x4
                0x02e17700                        OPTION_SETTING_OTP_PBPS_SEC_START = 0x2e17700
                0x00000080                        OPTION_SETTING_OTP_PBPS_SEC_LENGTH = 0x80
                0x12e17780                        OPTION_SETTING_OTP_PBPS_START = 0x12e17780
                0x00000080                        OPTION_SETTING_OTP_PBPS_LENGTH = 0x80
                0x02e17920                        OPTION_SETTING_OTP_ZHUK_START = 0x2e17920
                0x00000004                        OPTION_SETTING_OTP_ZHUK_LENGTH = 0x4
                0x00000000                        ITCM_START = 0x0
                0x00020000                        ITCM_LENGTH = 0x20000
                0x20000000                        DTCM_START = 0x20000000
                0x00020000                        DTCM_LENGTH = 0x20000
START GROUP
LOAD C:/Program Files (x86)/Arm GNU Toolchain arm-none-eabi/13.2 Rel1/bin/../lib/gcc/arm-none-eabi/13.2.1/thumb/v8-m.main+dp/hard\libgcc.a
LOAD C:/Program Files (x86)/Arm GNU Toolchain arm-none-eabi/13.2 Rel1/bin/../lib/gcc/arm-none-eabi/13.2.1/thumb/v8-m.main+dp/hard\libc.a
LOAD C:/Program Files (x86)/Arm GNU Toolchain arm-none-eabi/13.2 Rel1/bin/../lib/gcc/arm-none-eabi/13.2.1/thumb/v8-m.main+dp/hard\libm.a
END GROUP

.ospi0_cs1.startof
                0x90000000        0x0
                0x90000000                        __ddsc_OSPI0_CS1_START = .

.sdram.startof  0x68000000        0x0
                0x68000000                        __ddsc_SDRAM_START = .

__sdram_from_ospi0_cs1$$
                0x68000000        0x0 load address 0x90000000
                0x68000000                        __sdram_from_ospi0_cs1$$Base = .
                0x90000000                        __sdram_from_ospi0_cs1$$Load = LOADADDR (__sdram_from_ospi0_cs1$$)
 *(.sdram_from_ospi0_cs1)
 *(.sdram_code_from_ospi0_cs1)
                0x68000000                        __sdram_from_ospi0_cs1$$Limit = .

.ospi0_cs0.startof
                0x80000000        0x0
                0x80000000                        __ddsc_OSPI0_CS0_START = .

__ospi0_cs0_from_ospi0_cs1$$
                0x80000000        0x0 load address 0x90000000
                0x80000000                        __ospi0_cs0_from_ospi0_cs1$$Base = .
                0x90000000                        __ospi0_cs0_from_ospi0_cs1$$Load = LOADADDR (__ospi0_cs0_from_ospi0_cs1$$)
 *(.ospi0_cs0_from_ospi0_cs1)
 *(.ospi0_cs0_code_from_ospi0_cs1)
                0x80000000                        __ospi0_cs0_from_ospi0_cs1$$Limit = .

.ospi1_cs0.startof
                0x70000000        0x0
                0x70000000                        __ddsc_OSPI1_CS0_START = .

__ospi1_cs0_from_ospi0_cs1$$
                0x70000000        0x0 load address 0x90000000
                0x70000000                        __ospi1_cs0_from_ospi0_cs1$$Base = .
                0x90000000                        __ospi1_cs0_from_ospi0_cs1$$Load = LOADADDR (__ospi1_cs0_from_ospi0_cs1$$)
 *(.ospi1_cs0_from_ospi0_cs1)
 *(.ospi1_cs0_code_from_ospi0_cs1)
                0x70000000                        __ospi1_cs0_from_ospi0_cs1$$Limit = .

.itcm.startof   0x00000000        0x0
                0x00000000                        __ddsc_ITCM_START = .

__itcm_from_ospi0_cs1$$
                0x00000000        0x0 load address 0x90000000
                0x00000000                        __itcm_from_ospi0_cs1$$Base = .
                0x90000000                        __itcm_from_ospi0_cs1$$Load = LOADADDR (__itcm_from_ospi0_cs1$$)
 *(.itcm_from_ospi0_cs1)
 *(.itcm_code_from_ospi0_cs1)
                0x00000000                        __itcm_from_ospi0_cs1$$Limit = .

.dtcm.startof   0x20000000        0x0
                0x20000000                        __ddsc_DTCM_START = .

__dtcm_from_ospi0_cs1$$
                0x20000000        0x0 load address 0x90000000
                0x20000000                        __dtcm_from_ospi0_cs1$$Base = .
                0x90000000                        __dtcm_from_ospi0_cs1$$Load = LOADADDR (__dtcm_from_ospi0_cs1$$)
 *(.dtcm_from_ospi0_cs1)
 *(.dtcm_code_from_ospi0_cs1)
                0x20000000                        __dtcm_from_ospi0_cs1$$Limit = .

.ram.startof    0x22000000        0x0
                0x22000000                        __ddsc_RAM_START = .

__ram_dtc_vector$$
                0x22000000        0x0
                0x22000000                        __ram_dtc_vector$$Base = .
 *(.fsp_dtc_vector_table)
                0x22000000                        __ram_dtc_vector$$Limit = .

__ram_from_ospi0_cs1$$
                0x22000000        0x0 load address 0x90000000
                0x22000000                        __ram_from_ospi0_cs1$$Base = .
                0x90000000                        __ram_from_ospi0_cs1$$Load = LOADADDR (__ram_from_ospi0_cs1$$)
 *(.ram_from_ospi0_cs1)
 *(.ram_code_from_ospi0_cs1)
                0x22000000                        __ram_from_ospi0_cs1$$Limit = .

__ospi0_cs1_readonly$$
                0x90000000        0x0
                0x90000000                        __ospi0_cs1_readonly$$Base = .
 *(.ospi0_cs1)
 *(.ospi0_cs1_code)
                0x90000000                        __ospi0_cs1_readonly$$Limit = .

__ospi0_cs1_noinit$$
                0x90000000        0x0
                0x90000000                        __ospi0_cs1_noinit$$Base = .
 *(.ospi0_cs1_noinit)
                0x90000000                        __ospi0_cs1_noinit$$Limit = .

.ospi0_cs1.endof
                0x90000000        0x0
                0x90000000                        __ddsc_OSPI0_CS1_END = .

.ospi1_cs1.startof
                0x78000000        0x0
                0x78000000                        __ddsc_OSPI1_CS1_START = .

__sdram_from_ospi1_cs1$$
                0x68000000        0x0 load address 0x78000000
                0x68000000                        __sdram_from_ospi1_cs1$$Base = .
                0x78000000                        __sdram_from_ospi1_cs1$$Load = LOADADDR (__sdram_from_ospi1_cs1$$)
 *(.sdram_from_ospi1_cs1)
 *(.sdram_code_from_ospi1_cs1)
                0x68000000                        __sdram_from_ospi1_cs1$$Limit = .

__ospi0_cs0_from_ospi1_cs1$$
                0x80000000        0x0 load address 0x78000000
                0x80000000                        __ospi0_cs0_from_ospi1_cs1$$Base = .
                0x78000000                        __ospi0_cs0_from_ospi1_cs1$$Load = LOADADDR (__ospi0_cs0_from_ospi1_cs1$$)
 *(.ospi0_cs0_from_ospi1_cs1)
 *(.ospi0_cs0_code_from_ospi1_cs1)
                0x80000000                        __ospi0_cs0_from_ospi1_cs1$$Limit = .

__ospi1_cs0_from_ospi1_cs1$$
                0x70000000        0x0 load address 0x78000000
                0x70000000                        __ospi1_cs0_from_ospi1_cs1$$Base = .
                0x78000000                        __ospi1_cs0_from_ospi1_cs1$$Load = LOADADDR (__ospi1_cs0_from_ospi1_cs1$$)
 *(.ospi1_cs0_from_ospi1_cs1)
 *(.ospi1_cs0_code_from_ospi1_cs1)
                0x70000000                        __ospi1_cs0_from_ospi1_cs1$$Limit = .

__itcm_from_ospi1_cs1$$
                0x00000000        0x0 load address 0x78000000
                0x00000000                        __itcm_from_ospi1_cs1$$Base = .
                0x78000000                        __itcm_from_ospi1_cs1$$Load = LOADADDR (__itcm_from_ospi1_cs1$$)
 *(.itcm_from_ospi1_cs1)
 *(.itcm_code_from_ospi1_cs1)
                0x00000000                        __itcm_from_ospi1_cs1$$Limit = .

__dtcm_from_ospi1_cs1$$
                0x20000000        0x0 load address 0x78000000
                0x20000000                        __dtcm_from_ospi1_cs1$$Base = .
                0x78000000                        __dtcm_from_ospi1_cs1$$Load = LOADADDR (__dtcm_from_ospi1_cs1$$)
 *(.dtcm_from_ospi1_cs1)
 *(.dtcm_code_from_ospi1_cs1)
                0x20000000                        __dtcm_from_ospi1_cs1$$Limit = .

__ram_from_ospi1_cs1$$
                0x22000000        0x0 load address 0x78000000
                0x22000000                        __ram_from_ospi1_cs1$$Base = .
                0x78000000                        __ram_from_ospi1_cs1$$Load = LOADADDR (__ram_from_ospi1_cs1$$)
 *(.ram_from_ospi1_cs1)
 *(.ram_code_from_ospi1_cs1)
                0x22000000                        __ram_from_ospi1_cs1$$Limit = .

__ospi1_cs1_readonly$$
                0x78000000        0x0
                0x78000000                        __ospi1_cs1_readonly$$Base = .
 *(.ospi1_cs1)
 *(.ospi1_cs1_code)
                0x78000000                        __ospi1_cs1_readonly$$Limit = .

__ospi1_cs1_noinit$$
                0x78000000        0x0
                0x78000000                        __ospi1_cs1_noinit$$Base = .
 *(.ospi1_cs1_noinit)
                0x78000000                        __ospi1_cs1_noinit$$Limit = .

.ospi1_cs1.endof
                0x78000000        0x0
                0x78000000                        __ddsc_OSPI1_CS1_END = .

.data_flash.startof
                0x27000000        0x0
                0x27000000                        __ddsc_DATA_FLASH_START = .

__sdram_from_data_flash$$
                0x68000000        0x0 load address 0x27000000
                0x68000000                        __sdram_from_data_flash$$Base = .
                0x27000000                        __sdram_from_data_flash$$Load = LOADADDR (__sdram_from_data_flash$$)
 *(.sdram_from_data_flash)
 *(.sdram_code_from_data_flash)
                0x68000000                        __sdram_from_data_flash$$Limit = .

__ospi0_cs0_from_data_flash$$
                0x80000000        0x0 load address 0x27000000
                0x80000000                        __ospi0_cs0_from_data_flash$$Base = .
                0x27000000                        __ospi0_cs0_from_data_flash$$Load = LOADADDR (__ospi0_cs0_from_data_flash$$)
 *(.ospi0_cs0_from_data_flash)
 *(.ospi0_cs0_code_from_data_flash)
                0x80000000                        __ospi0_cs0_from_data_flash$$Limit = .

__ospi1_cs0_from_data_flash$$
                0x70000000        0x0 load address 0x27000000
                0x70000000                        __ospi1_cs0_from_data_flash$$Base = .
                0x27000000                        __ospi1_cs0_from_data_flash$$Load = LOADADDR (__ospi1_cs0_from_data_flash$$)
 *(.ospi1_cs0_from_data_flash)
 *(.ospi1_cs0_code_from_data_flash)
                0x70000000                        __ospi1_cs0_from_data_flash$$Limit = .

__itcm_from_data_flash$$
                0x00000000        0x0 load address 0x27000000
                0x00000000                        __itcm_from_data_flash$$Base = .
                0x27000000                        __itcm_from_data_flash$$Load = LOADADDR (__itcm_from_data_flash$$)
 *(.itcm_from_data_flash)
 *(.itcm_code_from_data_flash)
                0x00000000                        __itcm_from_data_flash$$Limit = .

__dtcm_from_data_flash$$
                0x20000000        0x0 load address 0x27000000
                0x20000000                        __dtcm_from_data_flash$$Base = .
                0x27000000                        __dtcm_from_data_flash$$Load = LOADADDR (__dtcm_from_data_flash$$)
 *(.dtcm_from_data_flash)
 *(.dtcm_code_from_data_flash)
                0x20000000                        __dtcm_from_data_flash$$Limit = .

__ram_from_data_flash$$
                0x22000000        0x0 load address 0x27000000
                0x22000000                        __ram_from_data_flash$$Base = .
                0x27000000                        __ram_from_data_flash$$Load = LOADADDR (__ram_from_data_flash$$)
 *(.ram_from_data_flash)
 *(.ram_code_from_data_flash)
                0x22000000                        __ram_from_data_flash$$Limit = .

__data_flash_readonly$$
                0x27000000        0x0
                0x27000000                        __data_flash_readonly$$Base = .
 *(.data_flash)
 *(.data_flash_code)
                0x27000000                        __data_flash_readonly$$Limit = .

__data_flash_noinit$$
                0x27000000        0x0
                0x27000000                        __data_flash_noinit$$Base = .
 *(.data_flash_noinit)
                0x27000000                        __data_flash_noinit$$Limit = .

.data_flash.endof
                0x27000000        0x0
                0x27000000                        __ddsc_DATA_FLASH_END = .

.flash.startof  0x02000000        0x0
                0x02000000                        __ddsc_FLASH_START = .

__flash_vectors$$
                0x02000000       0x74
                0x02000000                        __flash_vectors$$Base = .
                0x02000000                        _VECTORS = .
 *(.fixed_vectors)
 .fixed_vectors
                0x02000000       0x40 ./ra/fsp/src/bsp/cmsis/Device/RENESAS/Source/startup.o
                0x02000000                __Vectors
 *(.application_vectors)
 .application_vectors
                0x02000040       0x34 ./ra_gen/vector_data.o
                0x02000040                g_vector_table
                0x02000074                        __flash_vectors$$Limit = .

__flash_noinit$$
                0x02000074        0x0
                0x02000074                        __flash_noinit$$Base = .
 *(.flash_noinit)
                0x02000074                        __flash_noinit$$Limit = .

__sdram_from_flash$$
                0x68000000        0x0 load address 0x02000074
                0x68000000                        __sdram_from_flash$$Base = .
                0x02000074                        __sdram_from_flash$$Load = LOADADDR (__sdram_from_flash$$)
 *(.sdram_from_flash)
 *(.sdram_code_from_flash)
                0x68000000                        __sdram_from_flash$$Limit = .

__sdram_noinit_nocache$$
                0x68000000        0x0 load address 0x02000080
                0x68000000                        __sdram_noinit_nocache$$Base = .
 *(.sdram_noinit_nocache)
                0x68000000                        __sdram_noinit_nocache$$Limit = .

__sdram_zero_nocache$$
                0x68000000        0x0 load address 0x02000074
                0x68000000                        __sdram_zero_nocache$$Base = .
 *(.sdram_nocache)
                0x68000000                        . = ALIGN (0x20)
                0x68000000                        __sdram_zero_nocache$$Limit = .

__sdram_noinit$$
                0x68000000        0x0 load address 0x02000074
                0x68000000                        __sdram_noinit$$Base = .
 *(.sdram_noinit)
                0x68000000                        __sdram_noinit$$Limit = .

__sdram_zero$$  0x68000000        0x0 load address 0x02000074
                0x68000000                        __sdram_zero$$Base = .
 *(.sdram)
                0x68000000                        __sdram_zero$$Limit = .

.sdram.endof    0x68000000        0x0
                0x68000000                        __ddsc_SDRAM_END = .

__ospi0_cs0_from_flash$$
                0x80000000        0x0 load address 0x02000074
                0x80000000                        __ospi0_cs0_from_flash$$Base = .
                0x02000074                        __ospi0_cs0_from_flash$$Load = LOADADDR (__ospi0_cs0_from_flash$$)
 *(.ospi0_cs0_from_flash)
 *(.ospi0_cs0_code_from_flash)
                0x80000000                        __ospi0_cs0_from_flash$$Limit = .

__ospi0_cs0_noinit_nocache$$
                0x80000000        0x0 load address 0x02000080
                0x80000000                        __ospi0_cs0_noinit_nocache$$Base = .
 *(.ospi0_cs0_noinit_nocache)
                0x80000000                        __ospi0_cs0_noinit_nocache$$Limit = .

__ospi0_cs0_zero_nocache$$
                0x80000000        0x0 load address 0x02000074
                0x80000000                        __ospi0_cs0_zero_nocache$$Base = .
 *(.ospi0_cs0_nocache)
                0x80000000                        . = ALIGN (0x20)
                0x80000000                        __ospi0_cs0_zero_nocache$$Limit = .

__ospi0_cs0_noinit$$
                0x80000000        0x0 load address 0x02000074
                0x80000000                        __ospi0_cs0_noinit$$Base = .
 *(.ospi0_cs0_noinit)
                0x80000000                        __ospi0_cs0_noinit$$Limit = .

__ospi0_cs0_zero$$
                0x80000000        0x0 load address 0x02000074
                0x80000000                        __ospi0_cs0_zero$$Base = .
 *(.ospi0_cs0)
                0x80000000                        __ospi0_cs0_zero$$Limit = .

.ospi0_cs0.endof
                0x80000000        0x0
                0x80000000                        __ddsc_OSPI0_CS0_END = .

__ospi1_cs0_from_flash$$
                0x70000000        0x0 load address 0x02000074
                0x70000000                        __ospi1_cs0_from_flash$$Base = .
                0x02000074                        __ospi1_cs0_from_flash$$Load = LOADADDR (__ospi1_cs0_from_flash$$)
 *(.ospi1_cs0_from_flash)
 *(.ospi1_cs0_code_from_flash)
                0x70000000                        __ospi1_cs0_from_flash$$Limit = .

__ospi1_cs0_noinit_nocache$$
                0x70000000        0x0 load address 0x02000080
                0x70000000                        __ospi1_cs0_noinit_nocache$$Base = .
 *(.ospi1_cs0_noinit_nocache)
                0x70000000                        __ospi1_cs0_noinit_nocache$$Limit = .

__ospi1_cs0_zero_nocache$$
                0x70000000        0x0 load address 0x02000074
                0x70000000                        __ospi1_cs0_zero_nocache$$Base = .
 *(.ospi1_cs0_nocache)
                0x70000000                        . = ALIGN (0x20)
                0x70000000                        __ospi1_cs0_zero_nocache$$Limit = .

__ospi1_cs0_noinit$$
                0x70000000        0x0 load address 0x02000074
                0x70000000                        __ospi1_cs0_noinit$$Base = .
 *(.ospi1_cs0_noinit)
                0x70000000                        __ospi1_cs0_noinit$$Limit = .

__ospi1_cs0_zero$$
                0x70000000        0x0 load address 0x02000074
                0x70000000                        __ospi1_cs0_zero$$Base = .
 *(.ospi1_cs0)
                0x70000000                        __ospi1_cs0_zero$$Limit = .

.ospi1_cs0.endof
                0x70000000        0x0
                0x70000000                        __ddsc_OSPI1_CS0_END = .

__itcm_from_flash$$
                0x00000000        0x0 load address 0x02000074
                0x00000000                        __itcm_from_flash$$Base = .
                0x02000074                        __itcm_from_flash$$Load = LOADADDR (__itcm_from_flash$$)
 *(.itcm_from_flash)
 *(.itcm_code_from_flash)
                0x00000000                        __itcm_from_flash$$Limit = .

__itcm_noinit$$
                0x00000000        0x0 load address 0x02000074
                0x00000000                        __itcm_noinit$$Base = .
 *(.itcm_noinit)
                0x00000000                        __itcm_noinit$$Limit = .

__itcm_zero$$   0x00000000        0x0 load address 0x02000074
                0x00000000                        __itcm_zero$$Base = .
 *(.itcm)
                0x00000000                        __itcm_zero$$Limit = .

.itcm.endof     0x00000000        0x0
                0x00000000                        __ddsc_ITCM_END = .

__dtcm_from_flash$$
                0x20000000        0x0 load address 0x02000074
                0x20000000                        __dtcm_from_flash$$Base = .
                0x02000074                        __dtcm_from_flash$$Load = LOADADDR (__dtcm_from_flash$$)
 *(.dtcm_from_flash)
 *(.dtcm_code_from_flash)
                0x20000000                        __dtcm_from_flash$$Limit = .

__dtcm_noinit$$
                0x20000000        0x0 load address 0x02000074
                0x20000000                        __dtcm_noinit$$Base = .
 *(.dtcm_noinit)
                0x20000000                        __dtcm_noinit$$Limit = .

__dtcm_zero$$   0x20000000        0x0 load address 0x02000074
                0x20000000                        __dtcm_zero$$Base = .
 *(.dtcm)
                0x20000000                        __dtcm_zero$$Limit = .

.dtcm.endof     0x20000000        0x0
                0x20000000                        __ddsc_DTCM_END = .

__ram_from_flash$$
                0x22000000       0x54 load address 0x02000074
                0x22000000                        __ram_from_flash$$Base = .
                0x02000074                        __ram_from_flash$$Load = LOADADDR (__ram_from_flash$$)
 *(.ram_from_flash)
 *(.ram_code_from_flash)
 *(.data*)
 .data.g_uart9_baud_setting
                0x22000000        0x4 ./ra_gen/hal_data.o
                0x22000000                g_uart9_baud_setting
 .data._impure_ptr
                0x22000004        0x4 C:/Program Files (x86)/Arm GNU Toolchain arm-none-eabi/13.2 Rel1/bin/../lib/gcc/arm-none-eabi/13.2.1/thumb/v8-m.main+dp/hard\libg_nano.a(libc_a-impure.o)
                0x22000004                _impure_ptr
 .data._impure_data
                0x22000008       0x4c C:/Program Files (x86)/Arm GNU Toolchain arm-none-eabi/13.2 Rel1/bin/../lib/gcc/arm-none-eabi/13.2.1/thumb/v8-m.main+dp/hard\libg_nano.a(libc_a-impure.o)
                0x22000008                _impure_data
 *(vtable)
                0x22000054                        __ram_from_flash$$Limit = .

.tm_clone_table
                0x22000054        0x0 load address 0x020000c8
 .tm_clone_table
                0x22000054        0x0 C:/Program Files (x86)/Arm GNU Toolchain arm-none-eabi/13.2 Rel1/bin/../lib/gcc/arm-none-eabi/13.2.1/thumb/v8-m.main+dp/hard/crtbegin.o
 .tm_clone_table
                0x22000054        0x0 C:/Program Files (x86)/Arm GNU Toolchain arm-none-eabi/13.2 Rel1/bin/../lib/gcc/arm-none-eabi/13.2.1/thumb/v8-m.main+dp/hard/crtend.o

.igot.plt       0x22000054        0x0 load address 0x020000c8
 .igot.plt      0x22000054        0x0 C:/Program Files (x86)/Arm GNU Toolchain arm-none-eabi/13.2 Rel1/bin/../lib/gcc/arm-none-eabi/13.2.1/thumb/v8-m.main+dp/hard/crtbegin.o

__ram_noinit_nocache$$
                0x22000060        0x0 load address 0x020000e0
                0x22000060                        __ram_noinit_nocache$$Base = .
 *(.ram_noinit_nocache)
                0x22000060                        __ram_noinit_nocache$$Limit = .

__ram_zero_nocache$$
                0x22000054        0xc load address 0x020000c8
                0x22000054                        __ram_zero_nocache$$Base = .
 *(.bss.*_fsp_nocache)
 *(.ram_nocache)
                0x22000060                        . = ALIGN (0x20)
 *fill*         0x22000054        0xc 
                0x22000060                        __ram_zero_nocache$$Limit = .

__ram_noinit$$  0x22000060      0x42c load address 0x020000c8
                0x22000060                        __ram_noinit$$Base = .
 *(.bss.g_heap)
 *(.bss.g_main_stack)
 .bss.g_main_stack
                0x22000060      0x400 ./ra/fsp/src/bsp/cmsis/Device/RENESAS/Source/startup.o
                0x22000060                g_main_stack
 *(.ram_noinit)
 .ram_noinit    0x22000460       0x2c ./ra/fsp/src/bsp/mcu/all/bsp_clocks.o
 *(.noinit)
                0x2200048c                        __ram_noinit$$Limit = .

__ram_zero$$    0x22000490      0x26c load address 0x020000c8
                0x22000490                        __ram_zero$$Base = .
 *(.ram)
 *(.bss*)
 .bss.completed.1
                0x22000490        0x1 C:/Program Files (x86)/Arm GNU Toolchain arm-none-eabi/13.2 Rel1/bin/../lib/gcc/arm-none-eabi/13.2.1/thumb/v8-m.main+dp/hard/crtbegin.o
 *fill*         0x22000491        0x3 
 .bss.object.0  0x22000494       0x18 C:/Program Files (x86)/Arm GNU Toolchain arm-none-eabi/13.2 Rel1/bin/../lib/gcc/arm-none-eabi/13.2.1/thumb/v8-m.main+dp/hard/crtbegin.o
 .bss.g_ioport_ctrl
                0x220004ac        0x8 ./ra_gen/common_data.o
                0x220004ac                g_ioport_ctrl
 .bss.g_sci_spi0_ctrl
                0x220004b4       0x2c ./ra_gen/hal_data.o
                0x220004b4                g_sci_spi0_ctrl
 .bss.g_uart9_ctrl
                0x220004e0       0x34 ./ra_gen/hal_data.o
                0x220004e0                g_uart9_ctrl
 .bss.tx_dummy.0
                0x22000514        0x1 ./ra/fsp/src/r_sci_b_spi/r_sci_b_spi.o
 *fill*         0x22000515        0x3 
 .bss.g_bsp_group_irq_sources
                0x22000518       0x54 ./ra/fsp/src/bsp/mcu/all/bsp_group_irq.o
                0x22000518                g_bsp_group_irq_sources
 .bss.g_protect_pfswe_counter
                0x2200056c        0x4 ./ra/fsp/src/bsp/mcu/all/bsp_io.o
                0x2200056c                g_protect_pfswe_counter
 .bss.gp_renesas_isr_context
                0x22000570       0x34 ./ra/fsp/src/bsp/mcu/all/bsp_irq.o
                0x22000570                gp_renesas_isr_context
 .bss.g_protect_counters
                0x220005a4        0xa ./ra/fsp/src/bsp/mcu/all/bsp_register_protection.o
                0x220005a4                g_protect_counters
 *fill*         0x220005ae        0x2 
 .bss.SystemCoreClock
                0x220005b0        0x4 ./ra/fsp/src/bsp/cmsis/Device/RENESAS/Source/system.o
                0x220005b0                SystemCoreClock
 .bss.__sf      0x220005b4      0x138 C:/Program Files (x86)/Arm GNU Toolchain arm-none-eabi/13.2 Rel1/bin/../lib/gcc/arm-none-eabi/13.2.1/thumb/v8-m.main+dp/hard\libg_nano.a(libc_a-findfp.o)
                0x220005b4                __sf
 .bss.errno     0x220006ec        0x4 C:/Program Files (x86)/Arm GNU Toolchain arm-none-eabi/13.2 Rel1/bin/../lib/gcc/arm-none-eabi/13.2.1/thumb/v8-m.main+dp/hard\libg_nano.a(libc_a-reent.o)
                0x220006ec                errno
 .bss.__lock___malloc_recursive_mutex
                0x220006f0        0x1 C:/Program Files (x86)/Arm GNU Toolchain arm-none-eabi/13.2 Rel1/bin/../lib/gcc/arm-none-eabi/13.2.1/thumb/v8-m.main+dp/hard\libg_nano.a(libc_a-lock.o)
                0x220006f0                __lock___malloc_recursive_mutex
 *fill*         0x220006f1        0x3 
 .bss.__malloc_sbrk_start
                0x220006f4        0x4 C:/Program Files (x86)/Arm GNU Toolchain arm-none-eabi/13.2 Rel1/bin/../lib/gcc/arm-none-eabi/13.2.1/thumb/v8-m.main+dp/hard\libg_nano.a(libc_a-mallocr.o)
                0x220006f4                __malloc_sbrk_start
 .bss.__malloc_free_list
                0x220006f8        0x4 C:/Program Files (x86)/Arm GNU Toolchain arm-none-eabi/13.2 Rel1/bin/../lib/gcc/arm-none-eabi/13.2.1/thumb/v8-m.main+dp/hard\libg_nano.a(libc_a-mallocr.o)
                0x220006f8                __malloc_free_list
                0x220006fc                        __ram_zero$$Limit = .

__ram_thread_stack$$
                0x22000700        0x0 load address 0x020000c8
                0x22000700                        __ram_thread_stack$$Base = .
 *(.stack?*)
                0x22000700                        __ram_thread_stack$$Limit = .

.ram.endof      0x22000800        0x0
                0x22000800                        __ddsc_RAM_END = .

.ram.flat_nsc   0x22000800        0x0
                0x22000800                        __ddsc_RAM_NSC = .

__flash_readonly$$
                0x020000c8     0x3ff8
                0x020000c8                        __flash_readonly$$Base = .
 *(.flash)
 *(.flash_code)
 *(.text*)
 .text.deregister_tm_clones
                0x020000c8       0x1c C:/Program Files (x86)/Arm GNU Toolchain arm-none-eabi/13.2 Rel1/bin/../lib/gcc/arm-none-eabi/13.2.1/thumb/v8-m.main+dp/hard/crtbegin.o
 .text.register_tm_clones
                0x020000e4       0x28 C:/Program Files (x86)/Arm GNU Toolchain arm-none-eabi/13.2 Rel1/bin/../lib/gcc/arm-none-eabi/13.2.1/thumb/v8-m.main+dp/hard/crtbegin.o
 .text.__do_global_dtors_aux
                0x0200010c       0x28 C:/Program Files (x86)/Arm GNU Toolchain arm-none-eabi/13.2 Rel1/bin/../lib/gcc/arm-none-eabi/13.2.1/thumb/v8-m.main+dp/hard/crtbegin.o
 .text.frame_dummy
                0x02000134       0x24 C:/Program Files (x86)/Arm GNU Toolchain arm-none-eabi/13.2 Rel1/bin/../lib/gcc/arm-none-eabi/13.2.1/thumb/v8-m.main+dp/hard/crtbegin.o
 .text.sci_b_spi_callback
                0x02000158        0x4 ./src/hal_entry.o
                0x02000158                sci_b_spi_callback
 .text.hal_entry
                0x0200015c      0x160 ./src/hal_entry.o
                0x0200015c                hal_entry
 .text.R_BSP_WarmStart
                0x020002bc       0x18 ./src/hal_warmstart.o
                0x020002bc                R_BSP_WarmStart
 .text.startup.main
                0x020002d4        0xc ./ra_gen/main.o
                0x020002d4                main
 .text.R_SCI_B_UART_Read
                0x020002e0        0xc ./ra/fsp/src/r_sci_b_uart/r_sci_b_uart.o
                0x020002e0                R_SCI_B_UART_Read
 .text.R_SCI_B_UART_Write
                0x020002ec       0x40 ./ra/fsp/src/r_sci_b_uart/r_sci_b_uart.o
                0x020002ec                R_SCI_B_UART_Write
 .text.R_SCI_B_UART_CallbackSet
                0x0200032c       0x10 ./ra/fsp/src/r_sci_b_uart/r_sci_b_uart.o
                0x0200032c                R_SCI_B_UART_CallbackSet
 .text.R_SCI_B_UART_InfoGet
                0x0200033c        0xc ./ra/fsp/src/r_sci_b_uart/r_sci_b_uart.o
                0x0200033c                R_SCI_B_UART_InfoGet
 .text.R_SCI_B_UART_Abort
                0x02000348       0x48 ./ra/fsp/src/r_sci_b_uart/r_sci_b_uart.o
                0x02000348                R_SCI_B_UART_Abort
 .text.R_SCI_B_UART_ReadStop
                0x02000390       0x14 ./ra/fsp/src/r_sci_b_uart/r_sci_b_uart.o
                0x02000390                R_SCI_B_UART_ReadStop
 .text.R_SCI_B_UART_ReceiveSuspend
                0x020003a4        0x4 ./ra/fsp/src/r_sci_b_uart/r_sci_b_uart.o
                0x020003a4                R_SCI_B_UART_ReceiveSuspend
 .text.r_sci_b_irq_cfg
                0x020003a8       0x70 ./ra/fsp/src/r_sci_b_uart/r_sci_b_uart.o
 .text.r_sci_b_uart_call_callback
                0x02000418       0x44 ./ra/fsp/src/r_sci_b_uart/r_sci_b_uart.o
 .text.R_SCI_B_UART_Close
                0x0200045c       0xf4 ./ra/fsp/src/r_sci_b_uart/r_sci_b_uart.o
                0x0200045c                R_SCI_B_UART_Close
 .text.r_sci_b_uart_synchronization_delay_cfg.constprop.0
                0x02000550       0x7c ./ra/fsp/src/r_sci_b_uart/r_sci_b_uart.o
 .text.R_SCI_B_UART_BaudSet
                0x020005cc       0x30 ./ra/fsp/src/r_sci_b_uart/r_sci_b_uart.o
                0x020005cc                R_SCI_B_UART_BaudSet
 .text.R_SCI_B_UART_ReceiveResume
                0x020005fc        0x4 ./ra/fsp/src/r_sci_b_uart/r_sci_b_uart.o
                0x020005fc                R_SCI_B_UART_ReceiveResume
 .text.R_SCI_B_UART_Open
                0x02000600      0x288 ./ra/fsp/src/r_sci_b_uart/r_sci_b_uart.o
                0x02000600                R_SCI_B_UART_Open
 .text.sci_b_uart_txi_isr
                0x02000888       0xa8 ./ra/fsp/src/r_sci_b_uart/r_sci_b_uart.o
                0x02000888                sci_b_uart_txi_isr
 .text.sci_b_uart_rxi_isr
                0x02000930       0x90 ./ra/fsp/src/r_sci_b_uart/r_sci_b_uart.o
                0x02000930                sci_b_uart_rxi_isr
 .text.sci_b_uart_tei_isr
                0x020009c0       0x4c ./ra/fsp/src/r_sci_b_uart/r_sci_b_uart.o
                0x020009c0                sci_b_uart_tei_isr
 .text.sci_b_uart_eri_isr
                0x02000a0c       0x84 ./ra/fsp/src/r_sci_b_uart/r_sci_b_uart.o
                0x02000a0c                sci_b_uart_eri_isr
 .text.R_SCI_B_SPI_CallbackSet
                0x02000a90       0x10 ./ra/fsp/src/r_sci_b_spi/r_sci_b_spi.o
                0x02000a90                R_SCI_B_SPI_CallbackSet
 .text.r_sci_b_spi_call_callback
                0x02000aa0       0x40 ./ra/fsp/src/r_sci_b_spi/r_sci_b_spi.o
 .text.R_SCI_B_SPI_Close
                0x02000ae0       0xe8 ./ra/fsp/src/r_sci_b_spi/r_sci_b_spi.o
                0x02000ae0                R_SCI_B_SPI_Close
 .text.R_SCI_B_SPI_Open
                0x02000bc8      0x31c ./ra/fsp/src/r_sci_b_spi/r_sci_b_spi.o
                0x02000bc8                R_SCI_B_SPI_Open
 .text.r_sci_b_spi_write_read_common
                0x02000ee4      0x164 ./ra/fsp/src/r_sci_b_spi/r_sci_b_spi.o
 .text.R_SCI_B_SPI_Read
                0x02001048        0xc ./ra/fsp/src/r_sci_b_spi/r_sci_b_spi.o
                0x02001048                R_SCI_B_SPI_Read
 .text.R_SCI_B_SPI_Write
                0x02001054        0x8 ./ra/fsp/src/r_sci_b_spi/r_sci_b_spi.o
                0x02001054                R_SCI_B_SPI_Write
 .text.R_SCI_B_SPI_WriteRead
                0x0200105c        0x4 ./ra/fsp/src/r_sci_b_spi/r_sci_b_spi.o
                0x0200105c                R_SCI_B_SPI_WriteRead
 .text.sci_b_spi_txi_isr
                0x02001060       0x70 ./ra/fsp/src/r_sci_b_spi/r_sci_b_spi.o
                0x02001060                sci_b_spi_txi_isr
 .text.sci_b_spi_rxi_isr
                0x020010d0       0x84 ./ra/fsp/src/r_sci_b_spi/r_sci_b_spi.o
                0x020010d0                sci_b_spi_rxi_isr
 .text.sci_b_spi_tei_isr
                0x02001154       0x44 ./ra/fsp/src/r_sci_b_spi/r_sci_b_spi.o
                0x02001154                sci_b_spi_tei_isr
 .text.sci_b_spi_eri_isr
                0x02001198       0x48 ./ra/fsp/src/r_sci_b_spi/r_sci_b_spi.o
                0x02001198                sci_b_spi_eri_isr
 .text.R_IOPORT_PinWrite
                0x020011e0       0x28 ./ra/fsp/src/r_ioport/r_ioport.o
                0x020011e0                R_IOPORT_PinWrite
 .text.bsp_vbatt_init
                0x02001208       0xec ./ra/fsp/src/r_ioport/r_ioport.o
 .text.r_ioport_pins_config
                0x020012f4       0xac ./ra/fsp/src/r_ioport/r_ioport.o
 .text.R_IOPORT_Open
                0x020013a0       0x14 ./ra/fsp/src/r_ioport/r_ioport.o
                0x020013a0                R_IOPORT_Open
 .text.iic_master_notify
                0x020013b4       0x3c ./ra/fsp/src/r_iic_master/r_iic_master.o
 .text.iic_master_open_hw_master
                0x020013f0      0x238 ./ra/fsp/src/r_iic_master/r_iic_master.o
 .text.iic_master_rxi_isr
                0x02001628      0x194 ./ra/fsp/src/r_iic_master/r_iic_master.o
                0x02001628                iic_master_rxi_isr
 .text.iic_master_txi_isr
                0x020017bc      0x124 ./ra/fsp/src/r_iic_master/r_iic_master.o
                0x020017bc                iic_master_txi_isr
 .text.iic_master_tei_isr
                0x020018e0       0xe4 ./ra/fsp/src/r_iic_master/r_iic_master.o
                0x020018e0                iic_master_tei_isr
 .text.iic_master_eri_isr
                0x020019c4      0x14c ./ra/fsp/src/r_iic_master/r_iic_master.o
                0x020019c4                iic_master_eri_isr
 .text.ceu_isr  0x02001b10       0x9c ./ra/fsp/src/r_ceu/r_ceu.o
                0x02001b10                ceu_isr
 .text.SystemCoreClockUpdate
                0x02001bac       0x88 ./ra/fsp/src/bsp/mcu/all/bsp_clocks.o
                0x02001bac                SystemCoreClockUpdate
 .text.R_BSP_SubClockStabilizeWaitAfterReset
                0x02001c34        0x4 ./ra/fsp/src/bsp/mcu/all/bsp_clocks.o
                0x02001c34                R_BSP_SubClockStabilizeWaitAfterReset
 .text.R_BSP_OctaclkUpdate
                0x02001c38      0x17c ./ra/fsp/src/bsp/mcu/all/bsp_clocks.o
                0x02001c38                R_BSP_OctaclkUpdate
 *fill*         0x02001db4        0x4 
 .text.bsp_clock_init
                0x02001db8      0x528 ./ra/fsp/src/bsp/mcu/all/bsp_clocks.o
                0x02001db8                bsp_clock_init
 .text.R_BSP_SourceClockHzGet
                0x020022e0        0xc ./ra/fsp/src/bsp/mcu/all/bsp_clocks.o
                0x020022e0                R_BSP_SourceClockHzGet
 .text.R_BSP_Init_RTC
                0x020022ec       0xb0 ./ra/fsp/src/bsp/mcu/all/bsp_clocks.o
                0x020022ec                R_BSP_Init_RTC
 *fill*         0x0200239c        0x4 
 .text.bsp_prv_software_delay_loop
                0x020023a0        0xc ./ra/fsp/src/bsp/mcu/all/bsp_delay.o
                0x020023a0                bsp_prv_software_delay_loop
 .text.R_BSP_SoftwareDelay
                0x020023ac       0x88 ./ra/fsp/src/bsp/mcu/all/bsp_delay.o
                0x020023ac                R_BSP_SoftwareDelay
 .text.NMI_Handler
                0x02002434       0x44 ./ra/fsp/src/bsp/mcu/all/bsp_group_irq.o
                0x02002434                NMI_Handler
 .text.bsp_irq_cfg
                0x02002478       0x2c ./ra/fsp/src/bsp/mcu/all/bsp_irq.o
                0x02002478                bsp_irq_cfg
 .text.R_BSP_RegisterProtectEnable
                0x020024a4       0x60 ./ra/fsp/src/bsp/mcu/all/bsp_register_protection.o
                0x020024a4                R_BSP_RegisterProtectEnable
 .text.R_BSP_RegisterProtectDisable
                0x02002504       0x54 ./ra/fsp/src/bsp/mcu/all/bsp_register_protection.o
                0x02002504                R_BSP_RegisterProtectDisable
 .text._sbrk    0x02002558       0x14 ./ra/fsp/src/bsp/mcu/all/bsp_sbrk.o
                0x02002558                _sbrk
 .text.Default_Handler
                0x0200256c        0x4 ./ra/fsp/src/bsp/cmsis/Device/RENESAS/Source/startup.o
                0x0200256c                DebugMon_Handler
                0x0200256c                HardFault_Handler
                0x0200256c                SysTick_Handler
                0x0200256c                PendSV_Handler
                0x0200256c                UsageFault_Handler
                0x0200256c                SecureFault_Handler
                0x0200256c                Default_Handler
                0x0200256c                MemManage_Handler
                0x0200256c                SVC_Handler
                0x0200256c                BusFault_Handler
 .text.Reset_Handler
                0x02002570        0xc ./ra/fsp/src/bsp/cmsis/Device/RENESAS/Source/startup.o
                0x02002570                Reset_Handler
 .text.SystemRuntimeInit
                0x0200257c       0x64 ./ra/fsp/src/bsp/cmsis/Device/RENESAS/Source/system.o
 .text.SystemInit
                0x020025e0      0x23c ./ra/fsp/src/bsp/cmsis/Device/RENESAS/Source/system.o
                0x020025e0                SystemInit
 .text.bsp_init
                0x0200281c        0x4 ./ra/board/ra8p1_ek/board_init.o
                0x0200281c                bsp_init
 .text.sprintf  0x02002820       0x40 C:/Program Files (x86)/Arm GNU Toolchain arm-none-eabi/13.2 Rel1/bin/../lib/gcc/arm-none-eabi/13.2.1/thumb/v8-m.main+dp/hard\libg_nano.a(libc_a-sprintf.o)
                0x02002820                siprintf
                0x02002820                sprintf
 .text.memset   0x02002860       0x10 C:/Program Files (x86)/Arm GNU Toolchain arm-none-eabi/13.2 Rel1/bin/../lib/gcc/arm-none-eabi/13.2.1/thumb/v8-m.main+dp/hard\libg_nano.a(libc_a-memset.o)
                0x02002860                memset
 .text.__errno  0x02002870        0xc C:/Program Files (x86)/Arm GNU Toolchain arm-none-eabi/13.2 Rel1/bin/../lib/gcc/arm-none-eabi/13.2.1/thumb/v8-m.main+dp/hard\libg_nano.a(libc_a-errno.o)
                0x02002870                __errno
 .text.__retarget_lock_acquire_recursive
                0x0200287c        0x2 C:/Program Files (x86)/Arm GNU Toolchain arm-none-eabi/13.2 Rel1/bin/../lib/gcc/arm-none-eabi/13.2.1/thumb/v8-m.main+dp/hard\libg_nano.a(libc_a-lock.o)
                0x0200287c                __retarget_lock_acquire_recursive
 .text.__retarget_lock_release_recursive
                0x0200287e        0x2 C:/Program Files (x86)/Arm GNU Toolchain arm-none-eabi/13.2 Rel1/bin/../lib/gcc/arm-none-eabi/13.2.1/thumb/v8-m.main+dp/hard\libg_nano.a(libc_a-lock.o)
                0x0200287e                __retarget_lock_release_recursive
 .text.memcpy   0x02002880       0x1a C:/Program Files (x86)/Arm GNU Toolchain arm-none-eabi/13.2 Rel1/bin/../lib/gcc/arm-none-eabi/13.2.1/thumb/v8-m.main+dp/hard\libg_nano.a(libc_a-memcpy-stub.o)
                0x02002880                memcpy
 .text          0x0200289a       0x10 C:/Program Files (x86)/Arm GNU Toolchain arm-none-eabi/13.2 Rel1/bin/../lib/gcc/arm-none-eabi/13.2.1/thumb/v8-m.main+dp/hard\libg_nano.a(libc_a-strlen.o)
                0x0200289a                strlen
 *fill*         0x020028aa        0x2 
 .text._free_r  0x020028ac       0x94 C:/Program Files (x86)/Arm GNU Toolchain arm-none-eabi/13.2 Rel1/bin/../lib/gcc/arm-none-eabi/13.2.1/thumb/v8-m.main+dp/hard\libg_nano.a(libc_a-freer.o)
                0x020028ac                _free_r
 .text.sbrk_aligned
                0x02002940       0x44 C:/Program Files (x86)/Arm GNU Toolchain arm-none-eabi/13.2 Rel1/bin/../lib/gcc/arm-none-eabi/13.2.1/thumb/v8-m.main+dp/hard\libg_nano.a(libc_a-mallocr.o)
 .text._malloc_r
                0x02002984      0x100 C:/Program Files (x86)/Arm GNU Toolchain arm-none-eabi/13.2 Rel1/bin/../lib/gcc/arm-none-eabi/13.2.1/thumb/v8-m.main+dp/hard\libg_nano.a(libc_a-mallocr.o)
                0x02002984                _malloc_r
 .text.__malloc_lock
                0x02002a84        0xc C:/Program Files (x86)/Arm GNU Toolchain arm-none-eabi/13.2 Rel1/bin/../lib/gcc/arm-none-eabi/13.2.1/thumb/v8-m.main+dp/hard\libg_nano.a(libc_a-mlock.o)
                0x02002a84                __malloc_lock
 .text.__malloc_unlock
                0x02002a90        0xc C:/Program Files (x86)/Arm GNU Toolchain arm-none-eabi/13.2 Rel1/bin/../lib/gcc/arm-none-eabi/13.2.1/thumb/v8-m.main+dp/hard\libg_nano.a(libc_a-mlock.o)
                0x02002a90                __malloc_unlock
 .text.__ssputs_r
                0x02002a9c       0xb6 C:/Program Files (x86)/Arm GNU Toolchain arm-none-eabi/13.2 Rel1/bin/../lib/gcc/arm-none-eabi/13.2.1/thumb/v8-m.main+dp/hard\libg_nano.a(libc_a-nano-svfprintf.o)
                0x02002a9c                __ssputs_r
 *fill*         0x02002b52        0x2 
 .text._svfprintf_r
                0x02002b54      0x1f8 C:/Program Files (x86)/Arm GNU Toolchain arm-none-eabi/13.2 Rel1/bin/../lib/gcc/arm-none-eabi/13.2.1/thumb/v8-m.main+dp/hard\libg_nano.a(libc_a-nano-svfprintf.o)
                0x02002b54                _svfiprintf_r
                0x02002b54                _svfprintf_r
 .text._printf_common
                0x02002d4c       0xe4 C:/Program Files (x86)/Arm GNU Toolchain arm-none-eabi/13.2 Rel1/bin/../lib/gcc/arm-none-eabi/13.2.1/thumb/v8-m.main+dp/hard\libg_nano.a(libc_a-nano-vfprintf_i.o)
                0x02002d4c                _printf_common
 .text._printf_i
                0x02002e30      0x23c C:/Program Files (x86)/Arm GNU Toolchain arm-none-eabi/13.2 Rel1/bin/../lib/gcc/arm-none-eabi/13.2.1/thumb/v8-m.main+dp/hard\libg_nano.a(libc_a-nano-vfprintf_i.o)
                0x02002e30                _printf_i
 .text.memmove  0x0200306c       0x34 C:/Program Files (x86)/Arm GNU Toolchain arm-none-eabi/13.2 Rel1/bin/../lib/gcc/arm-none-eabi/13.2.1/thumb/v8-m.main+dp/hard\libg_nano.a(libc_a-memmove.o)
                0x0200306c                memmove
 .text._sbrk_r  0x020030a0       0x20 C:/Program Files (x86)/Arm GNU Toolchain arm-none-eabi/13.2 Rel1/bin/../lib/gcc/arm-none-eabi/13.2.1/thumb/v8-m.main+dp/hard\libg_nano.a(libc_a-sbrkr.o)
                0x020030a0                _sbrk_r
 .text.memchr   0x020030c0       0x1c C:/Program Files (x86)/Arm GNU Toolchain arm-none-eabi/13.2 Rel1/bin/../lib/gcc/arm-none-eabi/13.2.1/thumb/v8-m.main+dp/hard\libg_nano.a(libc_a-memchr-stub.o)
                0x020030c0                memchr
 .text._realloc_r
                0x020030dc       0x5c C:/Program Files (x86)/Arm GNU Toolchain arm-none-eabi/13.2 Rel1/bin/../lib/gcc/arm-none-eabi/13.2.1/thumb/v8-m.main+dp/hard\libg_nano.a(libc_a-reallocr.o)
                0x020030dc                _realloc_r
 .text._malloc_usable_size_r
                0x02003138       0x10 C:/Program Files (x86)/Arm GNU Toolchain arm-none-eabi/13.2 Rel1/bin/../lib/gcc/arm-none-eabi/13.2.1/thumb/v8-m.main+dp/hard\libg_nano.a(libc_a-msizer.o)
                0x02003138                _malloc_usable_size_r
 .text.sinf     0x02003148      0x1e4 C:/Program Files (x86)/Arm GNU Toolchain arm-none-eabi/13.2 Rel1/bin/../lib/gcc/arm-none-eabi/13.2.1/thumb/v8-m.main+dp/hard\libm.a(libm_a-sinf.o)
                0x02003148                sinf
 .text.with_errnof
                0x0200332c       0x1c C:/Program Files (x86)/Arm GNU Toolchain arm-none-eabi/13.2 Rel1/bin/../lib/gcc/arm-none-eabi/13.2.1/thumb/v8-m.main+dp/hard\libm.a(libm_a-math_errf.o)
 .text.__math_invalidf
                0x02003348       0x20 C:/Program Files (x86)/Arm GNU Toolchain arm-none-eabi/13.2 Rel1/bin/../lib/gcc/arm-none-eabi/13.2.1/thumb/v8-m.main+dp/hard\libm.a(libm_a-math_errf.o)
                0x02003348                __math_invalidf
 .text          0x02003368      0x378 C:/Program Files (x86)/Arm GNU Toolchain arm-none-eabi/13.2 Rel1/bin/../lib/gcc/arm-none-eabi/13.2.1/thumb/v8-m.main+dp/hard\libgcc.a(_arm_addsubdf3.o)
                0x02003368                __aeabi_drsub
                0x02003370                __aeabi_dsub
                0x02003370                __subdf3
                0x02003374                __aeabi_dadd
                0x02003374                __adddf3
                0x020035ec                __floatunsidf
                0x020035ec                __aeabi_ui2d
                0x0200360c                __floatsidf
                0x0200360c                __aeabi_i2d
                0x02003630                __aeabi_f2d
                0x02003630                __extendsfdf2
                0x02003674                __floatundidf
                0x02003674                __aeabi_ul2d
                0x02003684                __floatdidf
                0x02003684                __aeabi_l2d
 *(.rodata*)
 .rodata.hal_entry.str1.4
                0x020036e0       0x29 ./src/hal_entry.o
 *fill*         0x02003709        0x3 
 .rodata.g_sci_spi0
                0x0200370c        0xc ./ra_gen/hal_data.o
                0x0200370c                g_sci_spi0
 .rodata.g_sci_spi0_cfg
                0x02003718       0x24 ./ra_gen/hal_data.o
                0x02003718                g_sci_spi0_cfg
 .rodata.g_sci_spi0_cfg_extend
                0x0200373c        0x5 ./ra_gen/hal_data.o
                0x0200373c                g_sci_spi0_cfg_extend
 *fill*         0x02003741        0x3 
 .rodata.g_uart9
                0x02003744        0xc ./ra_gen/hal_data.o
                0x02003744                g_uart9
 .rodata.g_uart9_cfg
                0x02003750       0x20 ./ra_gen/hal_data.o
                0x02003750                g_uart9_cfg
 .rodata.g_uart9_cfg_extend
                0x02003770       0x14 ./ra_gen/hal_data.o
                0x02003770                g_uart9_cfg_extend
 .rodata.g_bsp_pin_cfg
                0x02003784        0xc ./ra_gen/pin_data.o
                0x02003784                g_bsp_pin_cfg
 .rodata.g_bsp_pin_cfg_data
                0x02003790      0x4c8 ./ra_gen/pin_data.o
                0x02003790                g_bsp_pin_cfg_data
 .rodata.g_interrupt_event_link_select
                0x02003c58       0x1a ./ra_gen/vector_data.o
                0x02003c58                g_interrupt_event_link_select
 *fill*         0x02003c72        0x2 
 .rodata.g_uart_on_sci_b
                0x02003c74       0x2c ./ra/fsp/src/r_sci_b_uart/r_sci_b_uart.o
                0x02003c74                g_uart_on_sci_b
 .rodata.g_spi_on_sci_b
                0x02003ca0       0x18 ./ra/fsp/src/r_sci_b_spi/r_sci_b_spi.o
                0x02003ca0                g_spi_on_sci_b
 .rodata.g_vbatt_pins_input
                0x02003cb8        0x6 ./ra/fsp/src/r_ioport/r_ioport.o
 *fill*         0x02003cbe        0x2 
 .rodata.g_init_info
                0x02003cc0       0x18 ./ra/fsp/src/bsp/mcu/ra8p1/bsp_linker.o
                0x02003cc0                g_init_info
 .rodata.nocache_list
                0x02003cd8       0x20 ./ra/fsp/src/bsp/mcu/ra8p1/bsp_linker.o
 .rodata.copy_list
                0x02003cf8      0x180 ./ra/fsp/src/bsp/mcu/ra8p1/bsp_linker.o
 .rodata.zero_list
                0x02003e78       0x78 ./ra/fsp/src/bsp/mcu/ra8p1/bsp_linker.o
 .rodata.g_prcr_masks
                0x02003ef0        0xa ./ra/fsp/src/bsp/mcu/all/bsp_register_protection.o
 .rodata._svfprintf_r.str1.1
                0x02003efa       0x33 C:/Program Files (x86)/Arm GNU Toolchain arm-none-eabi/13.2 Rel1/bin/../lib/gcc/arm-none-eabi/13.2.1/thumb/v8-m.main+dp/hard\libg_nano.a(libc_a-nano-svfprintf.o)
                                 0x11 (size before relaxing)
 .rodata._printf_i.str1.1
                0x02003f2d       0x22 C:/Program Files (x86)/Arm GNU Toolchain arm-none-eabi/13.2 Rel1/bin/../lib/gcc/arm-none-eabi/13.2.1/thumb/v8-m.main+dp/hard\libg_nano.a(libc_a-nano-vfprintf_i.o)
 *fill*         0x02003f2d        0x3 
 .rodata.__inv_pio4
                0x02003f30       0x60 C:/Program Files (x86)/Arm GNU Toolchain arm-none-eabi/13.2 Rel1/bin/../lib/gcc/arm-none-eabi/13.2.1/thumb/v8-m.main+dp/hard\libm.a(libm_a-sincosf_data.o)
                0x02003f30                __inv_pio4
 .rodata.__sincosf_table
                0x02003f90       0xe0 C:/Program Files (x86)/Arm GNU Toolchain arm-none-eabi/13.2 Rel1/bin/../lib/gcc/arm-none-eabi/13.2.1/thumb/v8-m.main+dp/hard\libm.a(libm_a-sincosf_data.o)
                0x02003f90                __sincosf_table
 *(.mcuboot_sce9_key)
 *(.version)
 .version       0x02004070       0x50 ./ra/fsp/src/bsp/mcu/all/bsp_common.o
                0x020040c0                        __flash_readonly$$Limit = .

.glue_7         0x020040c0        0x0
 .glue_7        0x020040c0        0x0 linker stubs

.glue_7t        0x020040c0        0x0
 .glue_7t       0x020040c0        0x0 linker stubs

.vfp11_veneer   0x020040c0        0x0
 .vfp11_veneer  0x020040c0        0x0 linker stubs

.v4_bx          0x020040c0        0x0
 .v4_bx         0x020040c0        0x0 linker stubs

.init           0x020040c0        0x4
 .init          0x020040c0        0x4 C:/Program Files (x86)/Arm GNU Toolchain arm-none-eabi/13.2 Rel1/bin/../lib/gcc/arm-none-eabi/13.2.1/thumb/v8-m.main+dp/hard/crti.o
                0x020040c0                _init

.fini           0x020040c4        0x4
 .fini          0x020040c4        0x4 C:/Program Files (x86)/Arm GNU Toolchain arm-none-eabi/13.2 Rel1/bin/../lib/gcc/arm-none-eabi/13.2.1/thumb/v8-m.main+dp/hard/crti.o
                0x020040c4                _fini

.iplt           0x020040c8        0x0
 .iplt          0x020040c8        0x0 C:/Program Files (x86)/Arm GNU Toolchain arm-none-eabi/13.2 Rel1/bin/../lib/gcc/arm-none-eabi/13.2.1/thumb/v8-m.main+dp/hard/crtbegin.o

__flash_ctor$$
 *crtbegin.o(.ctors)
 *crtbegin?.o(.ctors)
 EXCLUDE_FILE(*crtend.o *crtend?.o) *(.ctors)
 *(SORT_BY_NAME(.ctors.*))
 *(.ctors)
 *crtbegin.o(.dtors)
 *crtbegin?.o(.dtors)
 EXCLUDE_FILE(*crtend.o *crtend?.o) *(.dtors)
 *(SORT_BY_NAME(.dtors.*))
 *(.dtors)

__flash_preinit_array$$
                0x020040c8        0x0
                0x020040c8                        __preinit_array_start = .
 *(.preinit_array)
                0x020040c8                        __preinit_array_end = .

__flash_.got$$
 *(.got.plt)
 *(.got)

__flash_init_array$$
                0x020040c8        0x4
                0x020040c8                        __init_array_start = .
 *(SORT_BY_NAME(.init_array.*))
 *(.init_array)
 .init_array    0x020040c8        0x4 C:/Program Files (x86)/Arm GNU Toolchain arm-none-eabi/13.2 Rel1/bin/../lib/gcc/arm-none-eabi/13.2.1/thumb/v8-m.main+dp/hard/crtbegin.o
                0x020040cc                        __init_array_end = .

__flash_fini_array$$
                0x020040cc        0x4
                0x020040cc                        __fini_array_start = .
 *(SORT_BY_NAME(.fini_array.*))
 *(.fini_array)
 .fini_array    0x020040cc        0x4 C:/Program Files (x86)/Arm GNU Toolchain arm-none-eabi/13.2 Rel1/bin/../lib/gcc/arm-none-eabi/13.2.1/thumb/v8-m.main+dp/hard/crtbegin.o
                0x020040d0                        __fini_array_end = .

__flash_arm.extab$$
 *(.ARM.extab*)
 *(.gnu.linkonce.armextab.*)

__flash_arm.exidx$$
                0x020040d0        0x8
                0x020040d0                        __exidx_start = .
 *(.ARM.exidx*)
 .ARM.exidx     0x020040d0        0x8 C:/Program Files (x86)/Arm GNU Toolchain arm-none-eabi/13.2 Rel1/bin/../lib/gcc/arm-none-eabi/13.2.1/thumb/v8-m.main+dp/hard\libg_nano.a(libc_a-strlen.o)
 *(.gnu.linkonce.armexidx.*)
                0x020040d8                        __exidx_end = .

.flash.endof    0x02004200        0x0
                0x02004200                        __ddsc_FLASH_END = .

.flash.flat_nsc
                0x02004200        0x0
                0x02004200                        __ddsc_FLASH_NSC = .

.option_setting_ofs0.startof
                0x02c9f040        0x0
                0x02c9f040                        __ddsc_OPTION_SETTING_OFS0_START = .

__option_setting_ofs0_reg$$
                0x02c9f040        0x4
                0x02c9f040                        __option_setting_ofs0_reg$$Base = .
 *(.option_setting_ofs0)
 .option_setting_ofs0
                0x02c9f040        0x4 ./ra/fsp/src/bsp/mcu/ra8p1/bsp_linker.o
                0x02c9f044                        __option_setting_ofs0_reg$$Limit = .

.option_setting_ofs0.endof
                0x02c9f044        0x0
                0x02c9f044                        __ddsc_OPTION_SETTING_OFS0_END = .

.option_setting_ofs2.startof
                0x02c9f044        0x0
                0x02c9f044                        __ddsc_OPTION_SETTING_OFS2_START = .

__option_setting_ofs2_reg$$
                0x02c9f044        0x4
                0x02c9f044                        __option_setting_ofs2_reg$$Base = .
 *(.option_setting_ofs2)
 .option_setting_ofs2
                0x02c9f044        0x4 ./ra/fsp/src/bsp/mcu/ra8p1/bsp_linker.o
                0x02c9f048                        __option_setting_ofs2_reg$$Limit = .

.option_setting_ofs2.endof
                0x02c9f048        0x0
                0x02c9f048                        __ddsc_OPTION_SETTING_OFS2_END = .

.option_setting_sas.startof
                0x02c9f074        0x0
                0x02c9f074                        __ddsc_OPTION_SETTING_SAS_START = .

__option_setting_sas_reg$$
                0x02c9f074        0x0
                0x02c9f074                        __option_setting_sas_reg$$Base = .
 *(.option_setting_sas)
                0x02c9f074                        __option_setting_sas_reg$$Limit = .

.option_setting_sas.endof
                0x02c9f074        0x0
                0x02c9f074                        __ddsc_OPTION_SETTING_SAS_END = .

.option_setting_ofs1.startof
                0x12c9f4c0        0x0
                0x12c9f4c0                        __ddsc_OPTION_SETTING_OFS1_START = .

__option_setting_ofs1_reg$$
                0x12c9f4c0        0x0
                0x12c9f4c0                        __option_setting_ofs1_reg$$Base = .
 *(.option_setting_ofs1)
                0x12c9f4c0                        __option_setting_ofs1_reg$$Limit = .

.option_setting_ofs1.endof
                0x12c9f4c0        0x0
                0x12c9f4c0                        __ddsc_OPTION_SETTING_OFS1_END = .

.option_setting_ofs1_sec.startof
                0x02c9f0c0        0x0
                0x02c9f0c0                        __ddsc_OPTION_SETTING_OFS1_SEC_START = .

__option_setting_ofs1_sec_reg$$
                0x02c9f0c0        0x4
                0x02c9f0c0                        __option_setting_ofs1_sec_reg$$Base = .
 *(.option_setting_ofs1_sec)
 .option_setting_ofs1_sec
                0x02c9f0c0        0x4 ./ra/fsp/src/bsp/mcu/ra8p1/bsp_linker.o
                0x02c9f0c4                        __option_setting_ofs1_sec_reg$$Limit = .

.option_setting_ofs1_sec.endof
                0x02c9f0c4        0x0
                0x02c9f0c4                        __ddsc_OPTION_SETTING_OFS1_SEC_END = .

.option_setting_ofs1_sel.startof
                0x02c9f120        0x0
                0x02c9f120                        __ddsc_OPTION_SETTING_OFS1_SEL_START = .

__option_setting_ofs1_sel_reg$$
                0x02c9f120        0x4
                0x02c9f120                        __option_setting_ofs1_sel_reg$$Base = .
 *(.option_setting_ofs1_sel)
 .option_setting_ofs1_sel
                0x02c9f120        0x4 ./ra/fsp/src/bsp/mcu/ra8p1/bsp_linker.o
                0x02c9f124                        __option_setting_ofs1_sel_reg$$Limit = .

.option_setting_ofs1_sel.endof
                0x02c9f124        0x0
                0x02c9f124                        __ddsc_OPTION_SETTING_OFS1_SEL_END = .

.option_setting_ofs3.startof
                0x12c9f4c4        0x0
                0x12c9f4c4                        __ddsc_OPTION_SETTING_OFS3_START = .

__option_setting_ofs3_reg$$
                0x12c9f4c4        0x0
                0x12c9f4c4                        __option_setting_ofs3_reg$$Base = .
 *(.option_setting_ofs3)
                0x12c9f4c4                        __option_setting_ofs3_reg$$Limit = .

.option_setting_ofs3.endof
                0x12c9f4c4        0x0
                0x12c9f4c4                        __ddsc_OPTION_SETTING_OFS3_END = .

.option_setting_ofs3_sec.startof
                0x02c9f0c4        0x0
                0x02c9f0c4                        __ddsc_OPTION_SETTING_OFS3_SEC_START = .

__option_setting_ofs3_sec_reg$$
                0x02c9f0c4        0x4
                0x02c9f0c4                        __option_setting_ofs3_sec_reg$$Base = .
 *(.option_setting_ofs3_sec)
 .option_setting_ofs3_sec
                0x02c9f0c4        0x4 ./ra/fsp/src/bsp/mcu/ra8p1/bsp_linker.o
                0x02c9f0c8                        __option_setting_ofs3_sec_reg$$Limit = .

.option_setting_ofs3_sec.endof
                0x02c9f0c8        0x0
                0x02c9f0c8                        __ddsc_OPTION_SETTING_OFS3_SEC_END = .

.option_setting_ofs3_sel.startof
                0x02c9f124        0x0
                0x02c9f124                        __ddsc_OPTION_SETTING_OFS3_SEL_START = .

__option_setting_ofs3_sel_reg$$
                0x02c9f124        0x4
                0x02c9f124                        __option_setting_ofs3_sel_reg$$Base = .
 *(.option_setting_ofs3_sel)
 .option_setting_ofs3_sel
                0x02c9f124        0x4 ./ra/fsp/src/bsp/mcu/ra8p1/bsp_linker.o
                0x02c9f128                        __option_setting_ofs3_sel_reg$$Limit = .

.eh_frame       0x02c9f128        0x0
 .eh_frame      0x02c9f128        0x0 C:/Program Files (x86)/Arm GNU Toolchain arm-none-eabi/13.2 Rel1/bin/../lib/gcc/arm-none-eabi/13.2.1/thumb/v8-m.main+dp/hard/crtbegin.o

.rel.dyn        0x02c9f128        0x0
 .rel.iplt      0x02c9f128        0x0 C:/Program Files (x86)/Arm GNU Toolchain arm-none-eabi/13.2 Rel1/bin/../lib/gcc/arm-none-eabi/13.2.1/thumb/v8-m.main+dp/hard/crtbegin.o

.option_setting_ofs3_sel.endof
                0x02c9f128        0x0
                0x02c9f128                        __ddsc_OPTION_SETTING_OFS3_SEL_END = .

.option_setting_bps.startof
                0x12c9f600        0x0
                0x12c9f600                        __ddsc_OPTION_SETTING_BPS_START = .

__option_setting_bps_reg$$
                0x12c9f600        0x0
                0x12c9f600                        __option_setting_bps_reg$$Base = .
 *(.option_setting_bps)
                0x12c9f600                        __option_setting_bps_reg$$Limit = .

.option_setting_bps.endof
                0x12c9f600        0x0
                0x12c9f600                        __ddsc_OPTION_SETTING_BPS_END = .

.option_setting_bps_sec.startof
                0x02c9f200        0x0
                0x02c9f200                        __ddsc_OPTION_SETTING_BPS_SEC_START = .

__option_setting_bps_sec_reg$$
                0x02c9f200        0x0
                0x02c9f200                        __option_setting_bps_sec_reg$$Base = .
 *(.option_setting_bps_sec)
                0x02c9f200                        __option_setting_bps_sec_reg$$Limit = .

.option_setting_bps_sec.endof
                0x02c9f200        0x0
                0x02c9f200                        __ddsc_OPTION_SETTING_BPS_SEC_END = .

.option_setting_otp_fsblctrl0.startof
                0x02e07600        0x0
                0x02e07600                        __ddsc_OPTION_SETTING_OTP_FSBLCTRL0_START = .

__option_setting_otp_fsblctrl0_reg$$
                0x02e07600        0x0
                0x02e07600                        __option_setting_otp_fsblctrl0_reg$$Base = .
 *(.option_setting_otp_fsblctrl0)
                0x02e07600                        __option_setting_otp_fsblctrl0_reg$$Limit = .

.option_setting_otp_fsblctrl0.endof
                0x02e07600        0x0
                0x02e07600                        __ddsc_OPTION_SETTING_OTP_FSBLCTRL0_END = .

.option_setting_otp_fsblctrl1.startof
                0x02e07604        0x0
                0x02e07604                        __ddsc_OPTION_SETTING_OTP_FSBLCTRL1_START = .

__option_setting_otp_fsblctrl1_reg$$
                0x02e07604        0x0
                0x02e07604                        __option_setting_otp_fsblctrl1_reg$$Base = .
 *(.option_setting_otp_fsblctrl1)
                0x02e07604                        __option_setting_otp_fsblctrl1_reg$$Limit = .

.option_setting_otp_fsblctrl1.endof
                0x02e07604        0x0
                0x02e07604                        __ddsc_OPTION_SETTING_OTP_FSBLCTRL1_END = .

.option_setting_otp_fsblctrl2.startof
                0x02e07608        0x0
                0x02e07608                        __ddsc_OPTION_SETTING_OTP_FSBLCTRL2_START = .

__option_setting_otp_fsblctrl2_reg$$
                0x02e07608        0x0
                0x02e07608                        __option_setting_otp_fsblctrl2_reg$$Base = .
 *(.option_setting_otp_fsblctrl2)
                0x02e07608                        __option_setting_otp_fsblctrl2_reg$$Limit = .

.option_setting_otp_fsblctrl2.endof
                0x02e07608        0x0
                0x02e07608                        __ddsc_OPTION_SETTING_OTP_FSBLCTRL2_END = .

.option_setting_otp_samr.startof
                0x02e07614        0x0
                0x02e07614                        __ddsc_OPTION_SETTING_OTP_SAMR_START = .

__option_setting_otp_samr_reg$$
                0x02e07614        0x0
                0x02e07614                        __option_setting_otp_samr_reg$$Base = .
 *(.option_setting_otp_samr)
                0x02e07614                        __option_setting_otp_samr_reg$$Limit = .

.option_setting_otp_samr.endof
                0x02e07614        0x0
                0x02e07614                        __ddsc_OPTION_SETTING_OTP_SAMR_END = .

.option_setting_otp_sacc00.startof
                0x02e07620        0x0
                0x02e07620                        __ddsc_OPTION_SETTING_OTP_SACC00_START = .

__option_setting_otp_sacc00_reg$$
                0x02e07620        0x0
                0x02e07620                        __option_setting_otp_sacc00_reg$$Base = .
 *(.option_setting_otp_sacc00)
                0x02e07620                        __option_setting_otp_sacc00_reg$$Limit = .

.option_setting_otp_sacc00.endof
                0x02e07620        0x0
                0x02e07620                        __ddsc_OPTION_SETTING_OTP_SACC00_END = .

.option_setting_otp_sacc10.startof
                0x02e07630        0x0
                0x02e07630                        __ddsc_OPTION_SETTING_OTP_SACC10_START = .

__option_setting_otp_sacc10_reg$$
                0x02e07630        0x0
                0x02e07630                        __option_setting_otp_sacc10_reg$$Base = .
 *(.option_setting_otp_sacc10)
                0x02e07630                        __option_setting_otp_sacc10_reg$$Limit = .

.option_setting_otp_sacc10.endof
                0x02e07630        0x0
                0x02e07630                        __ddsc_OPTION_SETTING_OTP_SACC10_END = .

.option_setting_otp_sacc01.startof
                0x02e07640        0x0
                0x02e07640                        __ddsc_OPTION_SETTING_OTP_SACC01_START = .

__option_setting_otp_sacc01_reg$$
                0x02e07640        0x0
                0x02e07640                        __option_setting_otp_sacc01_reg$$Base = .
 *(.option_setting_otp_sacc01)
                0x02e07640                        __option_setting_otp_sacc01_reg$$Limit = .

.option_setting_otp_sacc01.endof
                0x02e07640        0x0
                0x02e07640                        __ddsc_OPTION_SETTING_OTP_SACC01_END = .

.option_setting_otp_sacc11.startof
                0x02e07650        0x0
                0x02e07650                        __ddsc_OPTION_SETTING_OTP_SACC11_START = .

__option_setting_otp_sacc11_reg$$
                0x02e07650        0x0
                0x02e07650                        __option_setting_otp_sacc11_reg$$Base = .
 *(.option_setting_otp_sacc11)
                0x02e07650                        __option_setting_otp_sacc11_reg$$Limit = .

.option_setting_otp_sacc11.endof
                0x02e07650        0x0
                0x02e07650                        __ddsc_OPTION_SETTING_OTP_SACC11_END = .

.option_setting_otp_sacc02.startof
                0x02e07660        0x0
                0x02e07660                        __ddsc_OPTION_SETTING_OTP_SACC02_START = .

__option_setting_otp_sacc02_reg$$
                0x02e07660        0x0
                0x02e07660                        __option_setting_otp_sacc02_reg$$Base = .
 *(.option_setting_otp_sacc02)
                0x02e07660                        __option_setting_otp_sacc02_reg$$Limit = .

.option_setting_otp_sacc02.endof
                0x02e07660        0x0
                0x02e07660                        __ddsc_OPTION_SETTING_OTP_SACC02_END = .

.option_setting_otp_sacc12.startof
                0x02e07670        0x0
                0x02e07670                        __ddsc_OPTION_SETTING_OTP_SACC12_START = .

__option_setting_otp_sacc12_reg$$
                0x02e07670        0x0
                0x02e07670                        __option_setting_otp_sacc12_reg$$Base = .
 *(.option_setting_otp_sacc12)
                0x02e07670                        __option_setting_otp_sacc12_reg$$Limit = .

.option_setting_otp_sacc12.endof
                0x02e07670        0x0
                0x02e07670                        __ddsc_OPTION_SETTING_OTP_SACC12_END = .

.option_setting_otp_sacc03.startof
                0x02e07680        0x0
                0x02e07680                        __ddsc_OPTION_SETTING_OTP_SACC03_START = .

__option_setting_otp_sacc03_reg$$
                0x02e07680        0x0
                0x02e07680                        __option_setting_otp_sacc03_reg$$Base = .
 *(.option_setting_otp_sacc03)
                0x02e07680                        __option_setting_otp_sacc03_reg$$Limit = .

.option_setting_otp_sacc03.endof
                0x02e07680        0x0
                0x02e07680                        __ddsc_OPTION_SETTING_OTP_SACC03_END = .

.option_setting_otp_sacc13.startof
                0x02e07690        0x0
                0x02e07690                        __ddsc_OPTION_SETTING_OTP_SACC13_START = .

__option_setting_otp_sacc13_reg$$
                0x02e07690        0x0
                0x02e07690                        __option_setting_otp_sacc13_reg$$Base = .
 *(.option_setting_otp_sacc13)
                0x02e07690                        __option_setting_otp_sacc13_reg$$Limit = .

.option_setting_otp_sacc13.endof
                0x02e07690        0x0
                0x02e07690                        __ddsc_OPTION_SETTING_OTP_SACC13_END = .

.option_setting_otp_pbps_sec.startof
                0x02e17700        0x0
                0x02e17700                        __ddsc_OPTION_SETTING_OTP_PBPS_SEC_START = .

__option_setting_otp_pbps_sec_reg$$
                0x02e17700        0x0
                0x02e17700                        __option_setting_otp_pbps_sec_reg$$Base = .
 *(.option_setting_otp_pbps_sec)
                0x02e17700                        __option_setting_otp_pbps_sec_reg$$Limit = .

.option_setting_otp_pbps_sec.endof
                0x02e17700        0x0
                0x02e17700                        __ddsc_OPTION_SETTING_OTP_PBPS_SEC_END = .

.option_setting_otp_pbps.startof
                0x12e17780        0x0
                0x12e17780                        __ddsc_OPTION_SETTING_OTP_PBPS_START = .

__option_setting_otp_pbps_reg$$
                0x12e17780        0x0
                0x12e17780                        __option_setting_otp_pbps_reg$$Base = .
 *(.option_setting_otp_pbps)
                0x12e17780                        __option_setting_otp_pbps_reg$$Limit = .

.option_setting_otp_pbps.endof
                0x12e17780        0x0
                0x12e17780                        __ddsc_OPTION_SETTING_OTP_PBPS_END = .

.option_setting_otp_zhuk.startof
                0x02e17920        0x0
                0x02e17920                        __ddsc_OPTION_SETTING_OTP_ZHUK_START = .

__option_setting_otp_zhuk_reg$$
                0x02e17920        0x0
                0x02e17920                        __option_setting_otp_zhuk_reg$$Base = .
 *(.option_setting_otp_zhuk)
                0x02e17920                        __option_setting_otp_zhuk_reg$$Limit = .

.option_setting_otp_zhuk.endof
                0x02e17920        0x0
                0x02e17920                        __ddsc_OPTION_SETTING_OTP_ZHUK_END = .
OUTPUT(LifeDream.elf elf32-littlearm)
LOAD linker stubs

.ARM.attributes
                0x00000000       0x3a
 .ARM.attributes
                0x00000000       0x24 C:/Program Files (x86)/Arm GNU Toolchain arm-none-eabi/13.2 Rel1/bin/../lib/gcc/arm-none-eabi/13.2.1/thumb/v8-m.main+dp/hard/crti.o
 .ARM.attributes
                0x00000024       0x36 C:/Program Files (x86)/Arm GNU Toolchain arm-none-eabi/13.2 Rel1/bin/../lib/gcc/arm-none-eabi/13.2.1/thumb/v8-m.main+dp/hard/crtbegin.o
 .ARM.attributes
                0x0000005a       0x3e ./src/hal_entry.o
 .ARM.attributes
                0x00000098       0x3e ./src/hal_warmstart.o
 .ARM.attributes
                0x000000d6       0x3e ./ra_gen/common_data.o
 .ARM.attributes
                0x00000114       0x3e ./ra_gen/hal_data.o
 .ARM.attributes
                0x00000152       0x3e ./ra_gen/main.o
 .ARM.attributes
                0x00000190       0x3e ./ra_gen/pin_data.o
 .ARM.attributes
                0x000001ce       0x3e ./ra_gen/vector_data.o
 .ARM.attributes
                0x0000020c       0x3e ./ra/fsp/src/r_sci_b_uart/r_sci_b_uart.o
 .ARM.attributes
                0x0000024a       0x3e ./ra/fsp/src/r_sci_b_spi/r_sci_b_spi.o
 .ARM.attributes
                0x00000288       0x3e ./ra/fsp/src/r_ioport/r_ioport.o
 .ARM.attributes
                0x000002c6       0x3e ./ra/fsp/src/r_iic_master/r_iic_master.o
 .ARM.attributes
                0x00000304       0x3e ./ra/fsp/src/r_ceu/r_ceu.o
 .ARM.attributes
                0x00000342       0x3e ./ra/fsp/src/bsp/mcu/ra8p1/bsp_linker.o
 .ARM.attributes
                0x00000380       0x3e ./ra/fsp/src/bsp/mcu/all/bsp_clocks.o
 .ARM.attributes
                0x000003be       0x3e ./ra/fsp/src/bsp/mcu/all/bsp_common.o
 .ARM.attributes
                0x000003fc       0x3e ./ra/fsp/src/bsp/mcu/all/bsp_delay.o
 .ARM.attributes
                0x0000043a       0x3e ./ra/fsp/src/bsp/mcu/all/bsp_group_irq.o
 .ARM.attributes
                0x00000478       0x3e ./ra/fsp/src/bsp/mcu/all/bsp_io.o
 .ARM.attributes
                0x000004b6       0x3e ./ra/fsp/src/bsp/mcu/all/bsp_irq.o
 .ARM.attributes
                0x000004f4       0x3e ./ra/fsp/src/bsp/mcu/all/bsp_register_protection.o
 .ARM.attributes
                0x00000532       0x3e ./ra/fsp/src/bsp/mcu/all/bsp_sbrk.o
 .ARM.attributes
                0x00000570       0x3e ./ra/fsp/src/bsp/cmsis/Device/RENESAS/Source/startup.o
 .ARM.attributes
                0x000005ae       0x3e ./ra/fsp/src/bsp/cmsis/Device/RENESAS/Source/system.o
 .ARM.attributes
                0x000005ec       0x3e ./ra/board/ra8p1_ek/board_init.o
 .ARM.attributes
                0x0000062a       0x36 C:/Program Files (x86)/Arm GNU Toolchain arm-none-eabi/13.2 Rel1/bin/../lib/gcc/arm-none-eabi/13.2.1/thumb/v8-m.main+dp/hard\libg_nano.a(libc_a-findfp.o)
 .ARM.attributes
                0x00000660       0x36 C:/Program Files (x86)/Arm GNU Toolchain arm-none-eabi/13.2 Rel1/bin/../lib/gcc/arm-none-eabi/13.2.1/thumb/v8-m.main+dp/hard\libg_nano.a(libc_a-sprintf.o)
 .ARM.attributes
                0x00000696       0x36 C:/Program Files (x86)/Arm GNU Toolchain arm-none-eabi/13.2 Rel1/bin/../lib/gcc/arm-none-eabi/13.2.1/thumb/v8-m.main+dp/hard\libg_nano.a(libc_a-memset.o)
 .ARM.attributes
                0x000006cc       0x36 C:/Program Files (x86)/Arm GNU Toolchain arm-none-eabi/13.2 Rel1/bin/../lib/gcc/arm-none-eabi/13.2.1/thumb/v8-m.main+dp/hard\libg_nano.a(libc_a-reent.o)
 .ARM.attributes
                0x00000702       0x36 C:/Program Files (x86)/Arm GNU Toolchain arm-none-eabi/13.2 Rel1/bin/../lib/gcc/arm-none-eabi/13.2.1/thumb/v8-m.main+dp/hard\libg_nano.a(libc_a-impure.o)
 .ARM.attributes
                0x00000738       0x36 C:/Program Files (x86)/Arm GNU Toolchain arm-none-eabi/13.2 Rel1/bin/../lib/gcc/arm-none-eabi/13.2.1/thumb/v8-m.main+dp/hard\libg_nano.a(libc_a-errno.o)
 .ARM.attributes
                0x0000076e       0x36 C:/Program Files (x86)/Arm GNU Toolchain arm-none-eabi/13.2 Rel1/bin/../lib/gcc/arm-none-eabi/13.2.1/thumb/v8-m.main+dp/hard\libg_nano.a(libc_a-lock.o)
 .ARM.attributes
                0x000007a4       0x36 C:/Program Files (x86)/Arm GNU Toolchain arm-none-eabi/13.2 Rel1/bin/../lib/gcc/arm-none-eabi/13.2.1/thumb/v8-m.main+dp/hard\libg_nano.a(libc_a-memcpy-stub.o)
 .ARM.attributes
                0x000007da       0x22 C:/Program Files (x86)/Arm GNU Toolchain arm-none-eabi/13.2 Rel1/bin/../lib/gcc/arm-none-eabi/13.2.1/thumb/v8-m.main+dp/hard\libg_nano.a(libc_a-strlen.o)
 .ARM.attributes
                0x000007fc       0x36 C:/Program Files (x86)/Arm GNU Toolchain arm-none-eabi/13.2 Rel1/bin/../lib/gcc/arm-none-eabi/13.2.1/thumb/v8-m.main+dp/hard\libg_nano.a(libc_a-freer.o)
 .ARM.attributes
                0x00000832       0x36 C:/Program Files (x86)/Arm GNU Toolchain arm-none-eabi/13.2 Rel1/bin/../lib/gcc/arm-none-eabi/13.2.1/thumb/v8-m.main+dp/hard\libg_nano.a(libc_a-mallocr.o)
 .ARM.attributes
                0x00000868       0x36 C:/Program Files (x86)/Arm GNU Toolchain arm-none-eabi/13.2 Rel1/bin/../lib/gcc/arm-none-eabi/13.2.1/thumb/v8-m.main+dp/hard\libg_nano.a(libc_a-mlock.o)
 .ARM.attributes
                0x0000089e       0x36 C:/Program Files (x86)/Arm GNU Toolchain arm-none-eabi/13.2 Rel1/bin/../lib/gcc/arm-none-eabi/13.2.1/thumb/v8-m.main+dp/hard\libg_nano.a(libc_a-nano-svfprintf.o)
 .ARM.attributes
                0x000008d4       0x36 C:/Program Files (x86)/Arm GNU Toolchain arm-none-eabi/13.2 Rel1/bin/../lib/gcc/arm-none-eabi/13.2.1/thumb/v8-m.main+dp/hard\libg_nano.a(libc_a-nano-vfprintf_i.o)
 .ARM.attributes
                0x0000090a       0x36 C:/Program Files (x86)/Arm GNU Toolchain arm-none-eabi/13.2 Rel1/bin/../lib/gcc/arm-none-eabi/13.2.1/thumb/v8-m.main+dp/hard\libg_nano.a(libc_a-memmove.o)
 .ARM.attributes
                0x00000940       0x36 C:/Program Files (x86)/Arm GNU Toolchain arm-none-eabi/13.2 Rel1/bin/../lib/gcc/arm-none-eabi/13.2.1/thumb/v8-m.main+dp/hard\libg_nano.a(libc_a-sbrkr.o)
 .ARM.attributes
                0x00000976       0x36 C:/Program Files (x86)/Arm GNU Toolchain arm-none-eabi/13.2 Rel1/bin/../lib/gcc/arm-none-eabi/13.2.1/thumb/v8-m.main+dp/hard\libg_nano.a(libc_a-memchr-stub.o)
 .ARM.attributes
                0x000009ac       0x36 C:/Program Files (x86)/Arm GNU Toolchain arm-none-eabi/13.2 Rel1/bin/../lib/gcc/arm-none-eabi/13.2.1/thumb/v8-m.main+dp/hard\libg_nano.a(libc_a-reallocr.o)
 .ARM.attributes
                0x000009e2       0x36 C:/Program Files (x86)/Arm GNU Toolchain arm-none-eabi/13.2 Rel1/bin/../lib/gcc/arm-none-eabi/13.2.1/thumb/v8-m.main+dp/hard\libg_nano.a(libc_a-msizer.o)
 .ARM.attributes
                0x00000a18       0x36 C:/Program Files (x86)/Arm GNU Toolchain arm-none-eabi/13.2 Rel1/bin/../lib/gcc/arm-none-eabi/13.2.1/thumb/v8-m.main+dp/hard/crtend.o
 .ARM.attributes
                0x00000a4e       0x36 C:/Program Files (x86)/Arm GNU Toolchain arm-none-eabi/13.2 Rel1/bin/../lib/gcc/arm-none-eabi/13.2.1/thumb/v8-m.main+dp/hard\libm.a(libm_a-sinf.o)
 .ARM.attributes
                0x00000a84       0x36 C:/Program Files (x86)/Arm GNU Toolchain arm-none-eabi/13.2 Rel1/bin/../lib/gcc/arm-none-eabi/13.2.1/thumb/v8-m.main+dp/hard\libm.a(libm_a-sincosf_data.o)
 .ARM.attributes
                0x00000aba       0x36 C:/Program Files (x86)/Arm GNU Toolchain arm-none-eabi/13.2 Rel1/bin/../lib/gcc/arm-none-eabi/13.2.1/thumb/v8-m.main+dp/hard\libm.a(libm_a-math_errf.o)
 .ARM.attributes
                0x00000af0       0x24 C:/Program Files (x86)/Arm GNU Toolchain arm-none-eabi/13.2 Rel1/bin/../lib/gcc/arm-none-eabi/13.2.1/thumb/v8-m.main+dp/hard\libgcc.a(_arm_addsubdf3.o)

.comment        0x00000000       0x44
 .comment       0x00000000       0x44 ./src/hal_entry.o
                                 0x45 (size before relaxing)
 .comment       0x00000044       0x45 ./src/hal_warmstart.o
 .comment       0x00000044       0x45 ./ra_gen/common_data.o
 .comment       0x00000044       0x45 ./ra_gen/hal_data.o
 .comment       0x00000044       0x45 ./ra_gen/main.o
 .comment       0x00000044       0x45 ./ra_gen/pin_data.o
 .comment       0x00000044       0x45 ./ra_gen/vector_data.o
 .comment       0x00000044       0x45 ./ra/fsp/src/r_sci_b_uart/r_sci_b_uart.o
 .comment       0x00000044       0x45 ./ra/fsp/src/r_sci_b_spi/r_sci_b_spi.o
 .comment       0x00000044       0x45 ./ra/fsp/src/r_ioport/r_ioport.o
 .comment       0x00000044       0x45 ./ra/fsp/src/r_iic_master/r_iic_master.o
 .comment       0x00000044       0x45 ./ra/fsp/src/r_ceu/r_ceu.o
 .comment       0x00000044       0x45 ./ra/fsp/src/bsp/mcu/ra8p1/bsp_linker.o
 .comment       0x00000044       0x45 ./ra/fsp/src/bsp/mcu/all/bsp_clocks.o
 .comment       0x00000044       0x45 ./ra/fsp/src/bsp/mcu/all/bsp_common.o
 .comment       0x00000044       0x45 ./ra/fsp/src/bsp/mcu/all/bsp_delay.o
 .comment       0x00000044       0x45 ./ra/fsp/src/bsp/mcu/all/bsp_group_irq.o
 .comment       0x00000044       0x45 ./ra/fsp/src/bsp/mcu/all/bsp_io.o
 .comment       0x00000044       0x45 ./ra/fsp/src/bsp/mcu/all/bsp_irq.o
 .comment       0x00000044       0x45 ./ra/fsp/src/bsp/mcu/all/bsp_register_protection.o
 .comment       0x00000044       0x45 ./ra/fsp/src/bsp/mcu/all/bsp_sbrk.o
 .comment       0x00000044       0x45 ./ra/fsp/src/bsp/cmsis/Device/RENESAS/Source/startup.o
 .comment       0x00000044       0x45 ./ra/fsp/src/bsp/cmsis/Device/RENESAS/Source/system.o
 .comment       0x00000044       0x45 ./ra/board/ra8p1_ek/board_init.o

.debug_info     0x00000000    0x5cf64
 .debug_info    0x00000000     0x2208 ./src/hal_entry.o
 .debug_info    0x00002208      0xfff ./src/hal_warmstart.o
 .debug_info    0x00003207     0x125c ./ra_gen/common_data.o
 .debug_info    0x00004463     0x4ab4 ./ra_gen/hal_data.o
 .debug_info    0x00008f17       0xb1 ./ra_gen/main.o
 .debug_info    0x00008fc8      0xa40 ./ra_gen/pin_data.o
 .debug_info    0x00009a08      0xe6d ./ra_gen/vector_data.o
 .debug_info    0x0000a875     0xcc12 ./ra/fsp/src/r_sci_b_uart/r_sci_b_uart.o
 .debug_info    0x00017487     0xc778 ./ra/fsp/src/r_sci_b_spi/r_sci_b_spi.o
 .debug_info    0x00023bff     0xa0d8 ./ra/fsp/src/r_ioport/r_ioport.o
 .debug_info    0x0002dcd7     0xbc5b ./ra/fsp/src/r_iic_master/r_iic_master.o
 .debug_info    0x00039932     0x5042 ./ra/fsp/src/r_ceu/r_ceu.o
 .debug_info    0x0003e974      0x7c6 ./ra/fsp/src/bsp/mcu/ra8p1/bsp_linker.o
 .debug_info    0x0003f13a     0xafd2 ./ra/fsp/src/bsp/mcu/all/bsp_clocks.o
 .debug_info    0x0004a10c      0x96f ./ra/fsp/src/bsp/mcu/all/bsp_common.o
 .debug_info    0x0004aa7b      0x204 ./ra/fsp/src/bsp/mcu/all/bsp_delay.o
 .debug_info    0x0004ac7f     0x182f ./ra/fsp/src/bsp/mcu/all/bsp_group_irq.o
 .debug_info    0x0004c4ae       0xb2 ./ra/fsp/src/bsp/mcu/all/bsp_io.o
 .debug_info    0x0004c560     0x1d43 ./ra/fsp/src/bsp/mcu/all/bsp_irq.o
 .debug_info    0x0004e2a3     0x6360 ./ra/fsp/src/bsp/mcu/all/bsp_register_protection.o
 .debug_info    0x00054603       0xd8 ./ra/fsp/src/bsp/mcu/all/bsp_sbrk.o
 .debug_info    0x000546db      0x187 ./ra/fsp/src/bsp/cmsis/Device/RENESAS/Source/startup.o
 .debug_info    0x00054862     0x865d ./ra/fsp/src/bsp/cmsis/Device/RENESAS/Source/system.o
 .debug_info    0x0005cebf       0xa5 ./ra/board/ra8p1_ek/board_init.o

.debug_abbrev   0x00000000     0x3c5a
 .debug_abbrev  0x00000000      0x2df ./src/hal_entry.o
 .debug_abbrev  0x000002df      0x158 ./src/hal_warmstart.o
 .debug_abbrev  0x00000437      0x13a ./ra_gen/common_data.o
 .debug_abbrev  0x00000571      0x2b4 ./ra_gen/hal_data.o
 .debug_abbrev  0x00000825       0x61 ./ra_gen/main.o
 .debug_abbrev  0x00000886      0x10f ./ra_gen/pin_data.o
 .debug_abbrev  0x00000995       0xbe ./ra_gen/vector_data.o
 .debug_abbrev  0x00000a53      0x6b4 ./ra/fsp/src/r_sci_b_uart/r_sci_b_uart.o
 .debug_abbrev  0x00001107      0x681 ./ra/fsp/src/r_sci_b_spi/r_sci_b_spi.o
 .debug_abbrev  0x00001788      0x476 ./ra/fsp/src/r_ioport/r_ioport.o
 .debug_abbrev  0x00001bfe      0x62e ./ra/fsp/src/r_iic_master/r_iic_master.o
 .debug_abbrev  0x0000222c      0x548 ./ra/fsp/src/r_ceu/r_ceu.o
 .debug_abbrev  0x00002774       0xe3 ./ra/fsp/src/bsp/mcu/ra8p1/bsp_linker.o
 .debug_abbrev  0x00002857      0x482 ./ra/fsp/src/bsp/mcu/all/bsp_clocks.o
 .debug_abbrev  0x00002cd9      0x188 ./ra/fsp/src/bsp/mcu/all/bsp_common.o
 .debug_abbrev  0x00002e61      0x10d ./ra/fsp/src/bsp/mcu/all/bsp_delay.o
 .debug_abbrev  0x00002f6e      0x260 ./ra/fsp/src/bsp/mcu/all/bsp_group_irq.o
 .debug_abbrev  0x000031ce       0x5e ./ra/fsp/src/bsp/mcu/all/bsp_io.o
 .debug_abbrev  0x0000322c      0x1cf ./ra/fsp/src/bsp/mcu/all/bsp_irq.o
 .debug_abbrev  0x000033fb      0x26c ./ra/fsp/src/bsp/mcu/all/bsp_register_protection.o
 .debug_abbrev  0x00003667       0x90 ./ra/fsp/src/bsp/mcu/all/bsp_sbrk.o
 .debug_abbrev  0x000036f7      0x102 ./ra/fsp/src/bsp/cmsis/Device/RENESAS/Source/startup.o
 .debug_abbrev  0x000037f9      0x406 ./ra/fsp/src/bsp/cmsis/Device/RENESAS/Source/system.o
 .debug_abbrev  0x00003bff       0x5b ./ra/board/ra8p1_ek/board_init.o

.debug_loclists
                0x00000000     0x4f1c
 .debug_loclists
                0x00000000       0x9f ./src/hal_entry.o
 .debug_loclists
                0x0000009f       0x29 ./src/hal_warmstart.o
 .debug_loclists
                0x000000c8      0xebc ./ra/fsp/src/r_sci_b_uart/r_sci_b_uart.o
 .debug_loclists
                0x00000f84     0x1224 ./ra/fsp/src/r_sci_b_spi/r_sci_b_spi.o
 .debug_loclists
                0x000021a8      0x7e5 ./ra/fsp/src/r_ioport/r_ioport.o
 .debug_loclists
                0x0000298d      0xfbe ./ra/fsp/src/r_iic_master/r_iic_master.o
 .debug_loclists
                0x0000394b      0x66b ./ra/fsp/src/r_ceu/r_ceu.o
 .debug_loclists
                0x00003fb6      0xa79 ./ra/fsp/src/bsp/mcu/all/bsp_clocks.o
 .debug_loclists
                0x00004a2f       0x20 ./ra/fsp/src/bsp/mcu/all/bsp_common.o
 .debug_loclists
                0x00004a4f      0x1ac ./ra/fsp/src/bsp/mcu/all/bsp_delay.o
 .debug_loclists
                0x00004bfb       0x73 ./ra/fsp/src/bsp/mcu/all/bsp_group_irq.o
 .debug_loclists
                0x00004c6e       0x38 ./ra/fsp/src/bsp/mcu/all/bsp_irq.o
 .debug_loclists
                0x00004ca6       0xa7 ./ra/fsp/src/bsp/mcu/all/bsp_register_protection.o
 .debug_loclists
                0x00004d4d       0x29 ./ra/fsp/src/bsp/mcu/all/bsp_sbrk.o
 .debug_loclists
                0x00004d76      0x1a6 ./ra/fsp/src/bsp/cmsis/Device/RENESAS/Source/system.o

.debug_aranges  0x00000000      0x5a0
 .debug_aranges
                0x00000000       0x28 ./src/hal_entry.o
 .debug_aranges
                0x00000028       0x20 ./src/hal_warmstart.o
 .debug_aranges
                0x00000048       0x20 ./ra_gen/common_data.o
 .debug_aranges
                0x00000068       0x20 ./ra_gen/hal_data.o
 .debug_aranges
                0x00000088       0x20 ./ra_gen/main.o
 .debug_aranges