Archive member included to satisfy reference by file (symbol)

C:/Program Files (x86)/Arm GNU Toolchain arm-none-eabi/13.2 Rel1/bin/../lib/gcc/arm-none-eabi/13.2.1/thumb/v8-m.main+dp/hard\libgcc.a(_aeabi_ldivmod.o)
                              ./ra/fsp/src/r_sci_b_uart/r_sci_b_uart.o (__aeabi_ldivmod)
C:/Program Files (x86)/Arm GNU Toolchain arm-none-eabi/13.2 Rel1/bin/../lib/gcc/arm-none-eabi/13.2.1/thumb/v8-m.main+dp/hard\libgcc.a(_udivmoddi4.o)
                              C:/Program Files (x86)/Arm GNU Toolchain arm-none-eabi/13.2 Rel1/bin/../lib/gcc/arm-none-eabi/13.2.1/thumb/v8-m.main+dp/hard\libgcc.a(_aeabi_ldivmod.o) (__udivmoddi4)
C:/Program Files (x86)/Arm GNU Toolchain arm-none-eabi/13.2 Rel1/bin/../lib/gcc/arm-none-eabi/13.2.1/thumb/v8-m.main+dp/hard\libgcc.a(_dvmd_tls.o)
                              C:/Program Files (x86)/Arm GNU Toolchain arm-none-eabi/13.2 Rel1/bin/../lib/gcc/arm-none-eabi/13.2.1/thumb/v8-m.main+dp/hard\libgcc.a(_aeabi_ldivmod.o) (__aeabi_ldiv0)
C:/Program Files (x86)/Arm GNU Toolchain arm-none-eabi/13.2 Rel1/bin/../lib/gcc/arm-none-eabi/13.2.1/thumb/v8-m.main+dp/hard\libg_nano.a(libc_a-exit.o)
                              C:/Program Files (x86)/Arm GNU Toolchain arm-none-eabi/13.2 Rel1/bin/../lib/gcc/arm-none-eabi/13.2.1/thumb/v8-m.main+dp/hard/crt0.o (exit)
C:/Program Files (x86)/Arm GNU Toolchain arm-none-eabi/13.2 Rel1/bin/../lib/gcc/arm-none-eabi/13.2.1/thumb/v8-m.main+dp/hard\libg_nano.a(libc_a-findfp.o)
                              C:/Program Files (x86)/Arm GNU Toolchain arm-none-eabi/13.2 Rel1/bin/../lib/gcc/arm-none-eabi/13.2.1/thumb/v8-m.main+dp/hard\libg_nano.a(libc_a-exit.o) (__stdio_exit_handler)
C:/Program Files (x86)/Arm GNU Toolchain arm-none-eabi/13.2 Rel1/bin/../lib/gcc/arm-none-eabi/13.2.1/thumb/v8-m.main+dp/hard\libg_nano.a(libc_a-fwalk.o)
                              C:/Program Files (x86)/Arm GNU Toolchain arm-none-eabi/13.2 Rel1/bin/../lib/gcc/arm-none-eabi/13.2.1/thumb/v8-m.main+dp/hard\libg_nano.a(libc_a-findfp.o) (_fwalk_sglue)
C:/Program Files (x86)/Arm GNU Toolchain arm-none-eabi/13.2 Rel1/bin/../lib/gcc/arm-none-eabi/13.2.1/thumb/v8-m.main+dp/hard\libg_nano.a(libc_a-sprintf.o)
                              ./src/hal_entry.o (sprintf)
C:/Program Files (x86)/Arm GNU Toolchain arm-none-eabi/13.2 Rel1/bin/../lib/gcc/arm-none-eabi/13.2.1/thumb/v8-m.main+dp/hard\libg_nano.a(libc_a-stdio.o)
                              C:/Program Files (x86)/Arm GNU Toolchain arm-none-eabi/13.2 Rel1/bin/../lib/gcc/arm-none-eabi/13.2.1/thumb/v8-m.main+dp/hard\libg_nano.a(libc_a-findfp.o) (__sread)
C:/Program Files (x86)/Arm GNU Toolchain arm-none-eabi/13.2 Rel1/bin/../lib/gcc/arm-none-eabi/13.2.1/thumb/v8-m.main+dp/hard\libg_nano.a(libc_a-memset.o)
                              C:/Program Files (x86)/Arm GNU Toolchain arm-none-eabi/13.2 Rel1/bin/../lib/gcc/arm-none-eabi/13.2.1/thumb/v8-m.main+dp/hard/crt0.o (memset)
C:/Program Files (x86)/Arm GNU Toolchain arm-none-eabi/13.2 Rel1/bin/../lib/gcc/arm-none-eabi/13.2.1/thumb/v8-m.main+dp/hard\libg_nano.a(libc_a-closer.o)
                              C:/Program Files (x86)/Arm GNU Toolchain arm-none-eabi/13.2 Rel1/bin/../lib/gcc/arm-none-eabi/13.2.1/thumb/v8-m.main+dp/hard\libg_nano.a(libc_a-stdio.o) (_close_r)
C:/Program Files (x86)/Arm GNU Toolchain arm-none-eabi/13.2 Rel1/bin/../lib/gcc/arm-none-eabi/13.2.1/thumb/v8-m.main+dp/hard\libg_nano.a(libc_a-reent.o)
                              C:/Program Files (x86)/Arm GNU Toolchain arm-none-eabi/13.2 Rel1/bin/../lib/gcc/arm-none-eabi/13.2.1/thumb/v8-m.main+dp/hard\libg_nano.a(libc_a-closer.o) (errno)
C:/Program Files (x86)/Arm GNU Toolchain arm-none-eabi/13.2 Rel1/bin/../lib/gcc/arm-none-eabi/13.2.1/thumb/v8-m.main+dp/hard\libg_nano.a(libc_a-impure.o)
                              C:/Program Files (x86)/Arm GNU Toolchain arm-none-eabi/13.2 Rel1/bin/../lib/gcc/arm-none-eabi/13.2.1/thumb/v8-m.main+dp/hard\libg_nano.a(libc_a-sprintf.o) (_impure_ptr)
C:/Program Files (x86)/Arm GNU Toolchain arm-none-eabi/13.2 Rel1/bin/../lib/gcc/arm-none-eabi/13.2.1/thumb/v8-m.main+dp/hard\libg_nano.a(libc_a-lseekr.o)
                              C:/Program Files (x86)/Arm GNU Toolchain arm-none-eabi/13.2 Rel1/bin/../lib/gcc/arm-none-eabi/13.2.1/thumb/v8-m.main+dp/hard\libg_nano.a(libc_a-stdio.o) (_lseek_r)
C:/Program Files (x86)/Arm GNU Toolchain arm-none-eabi/13.2 Rel1/bin/../lib/gcc/arm-none-eabi/13.2.1/thumb/v8-m.main+dp/hard\libg_nano.a(libc_a-readr.o)
                              C:/Program Files (x86)/Arm GNU Toolchain arm-none-eabi/13.2 Rel1/bin/../lib/gcc/arm-none-eabi/13.2.1/thumb/v8-m.main+dp/hard\libg_nano.a(libc_a-stdio.o) (_read_r)
C:/Program Files (x86)/Arm GNU Toolchain arm-none-eabi/13.2 Rel1/bin/../lib/gcc/arm-none-eabi/13.2.1/thumb/v8-m.main+dp/hard\libg_nano.a(libc_a-writer.o)
                              C:/Program Files (x86)/Arm GNU Toolchain arm-none-eabi/13.2 Rel1/bin/../lib/gcc/arm-none-eabi/13.2.1/thumb/v8-m.main+dp/hard\libg_nano.a(libc_a-stdio.o) (_write_r)
[...]
Memory Configuration

Name             Origin             Length             Attributes
RAM              0x22000000         0x001d4000         xrw
FLASH            0x02000000         0x00100000         xr
DATA_FLASH       0x27000000         0x00000000         xr
SDRAM            0x68000000         0x08000000         xrw
OSPI0_CS0        0x80000000         0x10000000         xrw
OSPI0_CS1        0x90000000         0x10000000         xr
OSPI1_CS0        0x70000000         0x08000000         xrw
OSPI1_CS1        0x78000000         0x08000000         xr
OPTION_SETTING_OFS0 0x02c9f040         0x00000004         r
OPTION_SETTING_OFS2 0x02c9f044         0x00000004         r
OPTION_SETTING_SAS 0x02c9f074         0x00000004         r
OPTION_SETTING_OFS1 0x12c9f4c0         0x00000004         r
OPTION_SETTING_OFS1_SEC 0x02c9f0c0         0x00000004         r
OPTION_SETTING_OFS1_SEL 0x02c9f120         0x00000004         r
OPTION_SETTING_OFS3 0x12c9f4c4         0x00000004         r
OPTION_SETTING_OFS3_SEC 0x02c9f0c4         0x00000004         r
OPTION_SETTING_OFS3_SEL 0x02c9f124         0x00000004         r
OPTION_SETTING_BPS 0x12c9f600         0x00000080         r
OPTION_SETTING_BPS_SEC 0x02c9f200         0x00000080         r
OPTION_SETTING_OTP_FSBLCTRL0 0x02e07600         0x00000004         r
OPTION_SETTING_OTP_FSBLCTRL1 0x02e07604         0x00000004         r
OPTION_SETTING_OTP_FSBLCTRL2 0x02e07608         0x00000004         r
OPTION_SETTING_OTP_SAMR 0x02e07614         0x00000004         r
OPTION_SETTING_OTP_SACC00 0x02e07620         0x00000004         r
OPTION_SETTING_OTP_SACC10 0x02e07630         0x00000004         r
OPTION_SETTING_OTP_SACC01 0x02e07640         0x00000004         r
OPTION_SETTING_OTP_SACC11 0x02e07650         0x00000004         r
OPTION_SETTING_OTP_SACC02 0x02e07660         0x00000004         r
OPTION_SETTING_OTP_SACC12 0x02e07670         0x00000004         r
OPTION_SETTING_OTP_SACC03 0x02e07680         0x00000004         r
OPTION_SETTING_OTP_SACC13 0x02e07690         0x00000004         r
OPTION_SETTING_OTP_PBPS_SEC 0x02e17700         0x00000080         r
OPTION_SETTING_OTP_PBPS 0x12e17780         0x00000080         r
OPTION_SETTING_OTP_ZHUK 0x02e17920         0x00000004         r
ITCM             0x00000000         0x00020000         xrw
DTCM             0x20000000         0x00020000         xrw
*default*        0x00000000         0xffffffff

Linker script and memory map

LOAD C:/Program Files (x86)/Arm GNU Toolchain arm-none-eabi/13.2 Rel1/bin/../lib/gcc/arm-none-eabi/13.2.1/thumb/v8-m.main+dp/hard/crti.o
LOAD C:/Program Files (x86)/Arm GNU Toolchain arm-none-eabi/13.2 Rel1/bin/../lib/gcc/arm-none-eabi/13.2.1/thumb/v8-m.main+dp/hard/crtbegin.o
LOAD C:/Program Files (x86)/Arm GNU Toolchain arm-none-eabi/13.2 Rel1/bin/../lib/gcc/arm-none-eabi/13.2.1/thumb/v8-m.main+dp/hard/crt0.o
START GROUP
LOAD ./src/hal_entry.o
LOAD ./src/hal_warmstart.o
LOAD ./src/spi_comm.o
LOAD ./ra_gen/common_data.o
LOAD ./ra_gen/hal_data.o
LOAD ./ra_gen/main.o
LOAD ./ra_gen/pin_data.o
LOAD ./ra_gen/vector_data.o
LOAD ./ra/fsp/src/r_sci_b_uart/r_sci_b_uart.o
LOAD ./ra/fsp/src/r_sci_b_spi/r_sci_b_spi.o
LOAD ./ra/fsp/src/r_ioport/r_ioport.o
LOAD ./ra/fsp/src/r_iic_master/r_iic_master.o
LOAD ./ra/fsp/src/r_ceu/r_ceu.o
LOAD ./ra/fsp/src/bsp/mcu/ra8p1/bsp_linker.o
LOAD ./ra/fsp/src/bsp/mcu/all/bsp_clocks.o
LOAD ./ra/fsp/src/bsp/mcu/all/bsp_common.o
LOAD ./ra/fsp/src/bsp/mcu/all/bsp_delay.o
LOAD ./ra/fsp/src/bsp/mcu/all/bsp_group_irq.o
LOAD ./ra/fsp/src/bsp/mcu/all/bsp_guard.o
LOAD ./ra/fsp/src/bsp/mcu/all/bsp_io.o
LOAD ./ra/fsp/src/bsp/mcu/all/bsp_ipc.o
LOAD ./ra/fsp/src/bsp/mcu/all/bsp_irq.o
LOAD ./ra/fsp/src/bsp/mcu/all/bsp_macl.o
LOAD ./ra/fsp/src/bsp/mcu/all/bsp_ospi_b.o
LOAD ./ra/fsp/src/bsp/mcu/all/bsp_register_protection.o
LOAD ./ra/fsp/src/bsp/mcu/all/bsp_sbrk.o
LOAD ./ra/fsp/src/bsp/mcu/all/bsp_sdram.o
LOAD ./ra/fsp/src/bsp/mcu/all/bsp_security.o
LOAD ./ra/fsp/src/bsp/cmsis/Device/RENESAS/Source/startup.o
LOAD ./ra/fsp/src/bsp/cmsis/Device/RENESAS/Source/system.o
LOAD ./ra/board/ra8p1_ek/board_init.o
LOAD ./ra/board/ra8p1_ek/board_leds.o
END GROUP
START GROUP
LOAD C:/Program Files (x86)/Arm GNU Toolchain arm-none-eabi/13.2 Rel1/bin/../lib/gcc/arm-none-eabi/13.2.1/thumb/v8-m.main+dp/hard\libgcc.a
LOAD C:/Program Files (x86)/Arm GNU Toolchain arm-none-eabi/13.2 Rel1/bin/../lib/gcc/arm-none-eabi/13.2.1/thumb/v8-m.main+dp/hard\libg_nano.a
LOAD C:/Program Files (x86)/Arm GNU Toolchain arm-none-eabi/13.2 Rel1/bin/../lib/gcc/arm-none-eabi/13.2.1/thumb/v8-m.main+dp/hard\libc_nano.a
END GROUP
START GROUP
LOAD C:/Program Files (x86)/Arm GNU Toolchain arm-none-eabi/13.2 Rel1/bin/../lib/gcc/arm-none-eabi/13.2.1/thumb/v8-m.main+dp/hard\libgcc.a
LOAD C:/Program Files (x86)/Arm GNU Toolchain arm-none-eabi/13.2 Rel1/bin/../lib/gcc/arm-none-eabi/13.2.1/thumb/v8-m.main+dp/hard\libc_nano.a
END GROUP
LOAD C:/Program Files (x86)/Arm GNU Toolchain arm-none-eabi/13.2 Rel1/bin/../lib/gcc/arm-none-eabi/13.2.1/thumb/v8-m.main+dp/hard/crtend.o
LOAD C:/Program Files (x86)/Arm GNU Toolchain arm-none-eabi/13.2 Rel1/bin/../lib/gcc/arm-none-eabi/13.2.1/thumb/v8-m.main+dp/hard/crtn.o
                0x22000000                        RAM_START = 0x22000000
                0x001d4000                        RAM_LENGTH = 0x1d4000
                0x02000000                        FLASH_START = 0x2000000
                0x00100000                        FLASH_LENGTH = 0x100000
                0x27000000                        DATA_FLASH_START = 0x27000000
                0x00000000                        DATA_FLASH_LENGTH = 0x0
                0x68000000                        SDRAM_START = 0x68000000
                0x08000000                        SDRAM_LENGTH = 0x8000000
                0x80000000                        OSPI0_CS0_START = 0x80000000
                0x10000000                        OSPI0_CS0_LENGTH = 0x10000000
                0x90000000                        OSPI0_CS1_START = 0x90000000
                0x10000000                        OSPI0_CS1_LENGTH = 0x10000000
                0x70000000                        OSPI1_CS0_START = 0x70000000
                0x08000000                        OSPI1_CS0_LENGTH = 0x8000000
                0x78000000                        OSPI1_CS1_START = 0x78000000
                0x08000000                        OSPI1_CS1_LENGTH = 0x8000000
                0x02c9f040                        OPTION_SETTING_OFS0_START = 0x2c9f040
                0x00000004                        OPTION_SETTING_OFS0_LENGTH = 0x4
                0x02c9f044                        OPTION_SETTING_OFS2_START = 0x2c9f044
                0x00000004                        OPTION_SETTING_OFS2_LENGTH = 0x4
                0x02c9f074                        OPTION_SETTING_SAS_START = 0x2c9f074
                0x00000004                        OPTION_SETTING_SAS_LENGTH = 0x4
                0x12c9f4c0                        OPTION_SETTING_OFS1_START = 0x12c9f4c0
                0x00000004                        OPTION_SETTING_OFS1_LENGTH = 0x4
                0x02c9f0c0                        OPTION_SETTING_OFS1_SEC_START = 0x2c9f0c0
                0x00000004                        OPTION_SETTING_OFS1_SEC_LENGTH = 0x4
                0x02c9f120                        OPTION_SETTING_OFS1_SEL_START = 0x2c9f120
                0x00000004                        OPTION_SETTING_OFS1_SEL_LENGTH = 0x4
                0x12c9f4c4                        OPTION_SETTING_OFS3_START = 0x12c9f4c4
                0x00000004                        OPTION_SETTING_OFS3_LENGTH = 0x4
                0x02c9f0c4                        OPTION_SETTING_OFS3_SEC_START = 0x2c9f0c4
                0x00000004                        OPTION_SETTING_OFS3_SEC_LENGTH = 0x4
                0x02c9f124                        OPTION_SETTING_OFS3_SEL_START = 0x2c9f124
                0x00000004                        OPTION_SETTING_OFS3_SEL_LENGTH = 0x4
                0x12c9f600                        OPTION_SETTING_BPS_START = 0x12c9f600
                0x00000080                        OPTION_SETTING_BPS_LENGTH = 0x80
                0x02c9f200                        OPTION_SETTING_BPS_SEC_START = 0x2c9f200
                0x00000080                        OPTION_SETTING_BPS_SEC_LENGTH = 0x80
                0x02e07600                        OPTION_SETTING_OTP_FSBLCTRL0_START = 0x2e07600
                0x00000004                        OPTION_SETTING_OTP_FSBLCTRL0_LENGTH = 0x4
                0x02e07604                        OPTION_SETTING_OTP_FSBLCTRL1_START = 0x2e07604
                0x00000004                        OPTION_SETTING_OTP_FSBLCTRL1_LENGTH = 0x4
                0x02e07608                        OPTION_SETTING_OTP_FSBLCTRL2_START = 0x2e07608
                0x00000004                        OPTION_SETTING_OTP_FSBLCTRL2_LENGTH = 0x4
                0x02e07614                        OPTION_SETTING_OTP_SAMR_START = 0x2e07614
                0x00000004                        OPTION_SETTING_OTP_SAMR_LENGTH = 0x4
                0x02e07620                        OPTION_SETTING_OTP_SACC00_START = 0x2e07620
                0x00000004                        OPTION_SETTING_OTP_SACC00_LENGTH = 0x4
                0x02e07630                        OPTION_SETTING_OTP_SACC10_START = 0x2e07630
                0x00000004                        OPTION_SETTING_OTP_SACC10_LENGTH = 0x4
                0x02e07640                        OPTION_SETTING_OTP_SACC01_START = 0x2e07640
                0x00000004                        OPTION_SETTING_OTP_SACC01_LENGTH = 0x4
                0x02e07650                        OPTION_SETTING_OTP_SACC11_START = 0x2e07650
                0x00000004                        OPTION_SETTING_OTP_SACC11_LENGTH = 0x4
                0x02e07660                        OPTION_SETTING_OTP_SACC02_START = 0x2e07660
                0x00000004                        OPTION_SETTING_OTP_SACC02_LENGTH = 0x4
                0x02e07670                        OPTION_SETTING_OTP_SACC12_START = 0x2e07670
                0x00000004                        OPTION_SETTING_OTP_SACC12_LENGTH = 0x4
                0x02e07680                        OPTION_SETTING_OTP_SACC03_START = 0x2e07680
                0x00000004                        OPTION_SETTING_OTP_SACC03_LENGTH = 0x4
                0x02e07690                        OPTION_SETTING_OTP_SACC13_START = 0x2e07690
                0x00000004                        OPTION_SETTING_OTP_SACC13_LENGTH = 0x4
                0x02e17700                        OPTION_SETTING_OTP_PBPS_SEC_START = 0x2e17700
                0x00000080                        OPTION_SETTING_OTP_PBPS_SEC_LENGTH = 0x80
                0x12e17780                        OPTION_SETTING_OTP_PBPS_START = 0x12e17780
                0x00000080                        OPTION_SETTING_OTP_PBPS_LENGTH = 0x80
                0x02e17920                        OPTION_SETTING_OTP_ZHUK_START = 0x2e17920
                0x00000004                        OPTION_SETTING_OTP_ZHUK_LENGTH = 0x4
                0x00000000                        ITCM_START = 0x0
                0x00020000                        ITCM_LENGTH = 0x20000
                0x20000000                        DTCM_START = 0x20000000
                0x00020000                        DTCM_LENGTH = 0x20000
START GROUP
LOAD C:/Program Files (x86)/Arm GNU Toolchain arm-none-eabi/13.2 Rel1/bin/../lib/gcc/arm-none-eabi/13.2.1/thumb/v8-m.main+dp/hard\libgcc.a
LOAD C:/Program Files (x86)/Arm GNU Toolchain arm-none-eabi/13.2 Rel1/bin/../lib/gcc/arm-none-eabi/13.2.1/thumb/v8-m.main+dp/hard\libc.a
LOAD C:/Program Files (x86)/Arm GNU Toolchain arm-none-eabi/13.2 Rel1/bin/../lib/gcc/arm-none-eabi/13.2.1/thumb/v8-m.main+dp/hard\libm.a
END GROUP

.ospi0_cs1.startof
                0x90000000        0x0
                0x90000000                        __ddsc_OSPI0_CS1_START = .

.sdram.startof  0x68000000        0x0
                0x68000000                        __ddsc_SDRAM_START = .

__sdram_from_ospi0_cs1$$
                0x68000000        0x0 load address 0x90000000
                0x68000000                        __sdram_from_ospi0_cs1$$Base = .
                0x90000000                        __sdram_from_ospi0_cs1$$Load = LOADADDR (__sdram_from_ospi0_cs1$$)
 *(.sdram_from_ospi0_cs1)
 *(.sdram_code_from_ospi0_cs1)
                0x68000000                        __sdram_from_ospi0_cs1$$Limit = .

.ospi0_cs0.startof
                0x80000000        0x0
                0x80000000                        __ddsc_OSPI0_CS0_START = .

__ospi0_cs0_from_ospi0_cs1$$
                0x80000000        0x0 load address 0x90000000
                0x80000000                        __ospi0_cs0_from_ospi0_cs1$$Base = .
                0x90000000                        __ospi0_cs0_from_ospi0_cs1$$Load = LOADADDR (__ospi0_cs0_from_ospi0_cs1$$)
 *(.ospi0_cs0_from_ospi0_cs1)
 *(.ospi0_cs0_code_from_ospi0_cs1)
                0x80000000                        __ospi0_cs0_from_ospi0_cs1$$Limit = .

.ospi1_cs0.startof
                0x70000000        0x0
                0x70000000                        __ddsc_OSPI1_CS0_START = .

__ospi1_cs0_from_ospi0_cs1$$
                0x70000000        0x0 load address 0x90000000
                0x70000000                        __ospi1_cs0_from_ospi0_cs1$$Base = .
                0x90000000                        __ospi1_cs0_from_ospi0_cs1$$Load = LOADADDR (__ospi1_cs0_from_ospi0_cs1$$)
 *(.ospi1_cs0_from_ospi0_cs1)
 *(.ospi1_cs0_code_from_ospi0_cs1)
                0x70000000                        __ospi1_cs0_from_ospi0_cs1$$Limit = .

.itcm.startof   0x00000000        0x0
                0x00000000                        __ddsc_ITCM_START = .

__itcm_from_ospi0_cs1$$
                0x00000000        0x0 load address 0x90000000
                0x00000000                        __itcm_from_ospi0_cs1$$Base = .
                0x90000000                        __itcm_from_ospi0_cs1$$Load = LOADADDR (__itcm_from_ospi0_cs1$$)
 *(.itcm_from_ospi0_cs1)
 *(.itcm_code_from_ospi0_cs1)
                0x00000000                        __itcm_from_ospi0_cs1$$Limit = .

.dtcm.startof   0x20000000        0x0
                0x20000000                        __ddsc_DTCM_START = .

__dtcm_from_ospi0_cs1$$
                0x20000000        0x0 load address 0x90000000
                0x20000000                        __dtcm_from_ospi0_cs1$$Base = .
                0x90000000                        __dtcm_from_ospi0_cs1$$Load = LOADADDR (__dtcm_from_ospi0_cs1$$)
 *(.dtcm_from_ospi0_cs1)
 *(.dtcm_code_from_ospi0_cs1)
                0x20000000                        __dtcm_from_ospi0_cs1$$Limit = .

.ram.startof    0x22000000        0x0
                0x22000000                        __ddsc_RAM_START = .

__ram_dtc_vector$$
                0x22000000        0x0
                0x22000000                        __ram_dtc_vector$$Base = .
 *(.fsp_dtc_vector_table)
                0x22000000                        __ram_dtc_vector$$Limit = .

__ram_from_ospi0_cs1$$
                0x22000000        0x0 load address 0x90000000
                0x22000000                        __ram_from_ospi0_cs1$$Base = .
                0x90000000                        __ram_from_ospi0_cs1$$Load = LOADADDR (__ram_from_ospi0_cs1$$)
 *(.ram_from_ospi0_cs1)
 *(.ram_code_from_ospi0_cs1)
                0x22000000                        __ram_from_ospi0_cs1$$Limit = .

__ospi0_cs1_readonly$$
                0x90000000        0x0
                0x90000000                        __ospi0_cs1_readonly$$Base = .
 *(.ospi0_cs1)
 *(.ospi0_cs1_code)
                0x90000000                        __ospi0_cs1_readonly$$Limit = .

__ospi0_cs1_noinit$$
                0x90000000        0x0
                0x90000000                        __ospi0_cs1_noinit$$Base = .
 *(.ospi0_cs1_noinit)
                0x90000000                        __ospi0_cs1_noinit$$Limit = .

.ospi0_cs1.endof
                0x90000000        0x0
                0x90000000                        __ddsc_OSPI0_CS1_END = .

.ospi1_cs1.startof
                0x78000000        0x0
                0x78000000                        __ddsc_OSPI1_CS1_START = .

__sdram_from_ospi1_cs1$$
                0x68000000        0x0 load address 0x78000000
                0x68000000                        __sdram_from_ospi1_cs1$$Base = .
                0x78000000                        __sdram_from_ospi1_cs1$$Load = LOADADDR (__sdram_from_ospi1_cs1$$)
 *(.sdram_from_ospi1_cs1)
 *(.sdram_code_from_ospi1_cs1)
                0x68000000                        __sdram_from_ospi1_cs1$$Limit = .

__ospi0_cs0_from_ospi1_cs1$$
                0x80000000        0x0 load address 0x78000000
                0x80000000                        __ospi0_cs0_from_ospi1_cs1$$Base = .
                0x78000000                        __ospi0_cs0_from_ospi1_cs1$$Load = LOADADDR (__ospi0_cs0_from_ospi1_cs1$$)
 *(.ospi0_cs0_from_ospi1_cs1)
 *(.ospi0_cs0_code_from_ospi1_cs1)
                0x80000000                        __ospi0_cs0_from_ospi1_cs1$$Limit = .

__ospi1_cs0_from_ospi1_cs1$$
                0x70000000        0x0 load address 0x78000000
                0x70000000                        __ospi1_cs0_from_ospi1_cs1$$Base = .
                0x78000000                        __ospi1_cs0_from_ospi1_cs1$$Load = LOADADDR (__ospi1_cs0_from_ospi1_cs1$$)
 *(.ospi1_cs0_from_ospi1_cs1)
 *(.ospi1_cs0_code_from_ospi1_cs1)
                0x70000000                        __ospi1_cs0_from_ospi1_cs1$$Limit = .

__itcm_from_ospi1_cs1$$
                0x00000000        0x0 load address 0x78000000
                0x00000000                        __itcm_from_ospi1_cs1$$Base = .
                0x78000000                        __itcm_from_ospi1_cs1$$Load = LOADADDR (__itcm_from_ospi1_cs1$$)
 *(.itcm_from_ospi1_cs1)
 *(.itcm_code_from_ospi1_cs1)
                0x00000000                        __itcm_from_ospi1_cs1$$Limit = .

__dtcm_from_ospi1_cs1$$
                0x20000000        0x0 load address 0x78000000
                0x20000000                        __dtcm_from_ospi1_cs1$$Base = .
                0x78000000                        __dtcm_from_ospi1_cs1$$Load = LOADADDR (__dtcm_from_ospi1_cs1$$)
 *(.dtcm_from_ospi1_cs1)
 *(.dtcm_code_from_ospi1_cs1)
                0x20000000                        __dtcm_from_ospi1_cs1$$Limit = .

__ram_from_ospi1_cs1$$
                0x22000000        0x0 load address 0x78000000
                0x22000000                        __ram_from_ospi1_cs1$$Base = .
                0x78000000                        __ram_from_ospi1_cs1$$Load = LOADADDR (__ram_from_ospi1_cs1$$)
 *(.ram_from_ospi1_cs1)
 *(.ram_code_from_ospi1_cs1)
                0x22000000                        __ram_from_ospi1_cs1$$Limit = .

__ospi1_cs1_readonly$$
                0x78000000        0x0
                0x78000000                        __ospi1_cs1_readonly$$Base = .
 *(.ospi1_cs1)
 *(.ospi1_cs1_code)
                0x78000000                        __ospi1_cs1_readonly$$Limit = .

__ospi1_cs1_noinit$$
                0x78000000        0x0
                0x78000000                        __ospi1_cs1_noinit$$Base = .
 *(.ospi1_cs1_noinit)
                0x78000000                        __ospi1_cs1_noinit$$Limit = .

.ospi1_cs1.endof
                0x78000000        0x0
                0x78000000                        __ddsc_OSPI1_CS1_END = .

.data_flash.startof
                0x27000000        0x0
                0x27000000                        __ddsc_DATA_FLASH_START = .

__sdram_from_data_flash$$
                0x68000000        0x0 load address 0x27000000
                0x68000000                        __sdram_from_data_flash$$Base = .
                0x27000000                        __sdram_from_data_flash$$Load = LOADADDR (__sdram_from_data_flash$$)
 *(.sdram_from_data_flash)
 *(.sdram_code_from_data_flash)
                0x68000000                        __sdram_from_data_flash$$Limit = .

__ospi0_cs0_from_data_flash$$
                0x80000000        0x0 load address 0x27000000
                0x80000000                        __ospi0_cs0_from_data_flash$$Base = .
                0x27000000                        __ospi0_cs0_from_data_flash$$Load = LOADADDR (__ospi0_cs0_from_data_flash$$)
 *(.ospi0_cs0_from_data_flash)
 *(.ospi0_cs0_code_from_data_flash)
                0x80000000                        __ospi0_cs0_from_data_flash$$Limit = .

__ospi1_cs0_from_data_flash$$
                0x70000000        0x0 load address 0x27000000
                0x70000000                        __ospi1_cs0_from_data_flash$$Base = .
                0x27000000                        __ospi1_cs0_from_data_flash$$Load = LOADADDR (__ospi1_cs0_from_data_flash$$)
 *(.ospi1_cs0_from_data_flash)
 *(.ospi1_cs0_code_from_data_flash)
                0x70000000                        __ospi1_cs0_from_data_flash$$Limit = .

__itcm_from_data_flash$$
                0x00000000        0x0 load address 0x27000000
                0x00000000                        __itcm_from_data_flash$$Base = .
                0x27000000                        __itcm_from_data_flash$$Load = LOADADDR (__itcm_from_data_flash$$)
 *(.itcm_from_data_flash)
 *(.itcm_code_from_data_flash)
                0x00000000                        __itcm_from_data_flash$$Limit = .

__dtcm_from_data_flash$$
                0x20000000        0x0 load address 0x27000000
                0x20000000                        __dtcm_from_data_flash$$Base = .
                0x27000000                        __dtcm_from_data_flash$$Load = LOADADDR (__dtcm_from_data_flash$$)
 *(.dtcm_from_data_flash)
 *(.dtcm_code_from_data_flash)
                0x20000000                        __dtcm_from_data_flash$$Limit = .

__ram_from_data_flash$$
                0x22000000        0x0 load address 0x27000000
                0x22000000                        __ram_from_data_flash$$Base = .
                0x27000000                        __ram_from_data_flash$$Load = LOADADDR (__ram_from_data_flash$$)
 *(.ram_from_data_flash)
 *(.ram_code_from_data_flash)
                0x22000000                        __ram_from_data_flash$$Limit = .

__data_flash_readonly$$
                0x27000000        0x0
                0x27000000                        __data_flash_readonly$$Base = .
 *(.data_flash)
 *(.data_flash_code)
                0x27000000                        __data_flash_readonly$$Limit = .

__data_flash_noinit$$
                0x27000000        0x0
                0x27000000                        __data_flash_noinit$$Base = .
 *(.data_flash_noinit)
                0x27000000                        __data_flash_noinit$$Limit = .

.data_flash.endof
                0x27000000        0x0
                0x27000000                        __ddsc_DATA_FLASH_END = .

.flash.startof  0x02000000        0x0
                0x02000000                        __ddsc_FLASH_START = .

__flash_vectors$$
                0x02000000       0x74
                0x02000000                        __flash_vectors$$Base = .
                0x02000000                        _VECTORS = .
 *(.fixed_vectors)
 .fixed_vectors
                0x02000000       0x40 ./ra/fsp/src/bsp/cmsis/Device/RENESAS/Source/startup.o
                0x02000000                __Vectors
 *(.application_vectors)
 .application_vectors
                0x02000040       0x34 ./ra_gen/vector_data.o
                0x02000040                g_vector_table
                0x02000074                        __flash_vectors$$Limit = .

__flash_noinit$$
                0x02000074        0x0
                0x02000074                        __flash_noinit$$Base = .
 *(.flash_noinit)
                0x02000074                        __flash_noinit$$Limit = .

__sdram_from_flash$$
                0x68000000        0x0 load address 0x02000074
                0x68000000                        __sdram_from_flash$$Base = .
                0x02000074                        __sdram_from_flash$$Load = LOADADDR (__sdram_from_flash$$)
 *(.sdram_from_flash)
 *(.sdram_code_from_flash)
                0x68000000                        __sdram_from_flash$$Limit = .

__sdram_noinit_nocache$$
                0x68000000        0x0 load address 0x02000080
                0x68000000                        __sdram_noinit_nocache$$Base = .
 *(.sdram_noinit_nocache)
                0x68000000                        __sdram_noinit_nocache$$Limit = .

__sdram_zero_nocache$$
                0x68000000        0x0 load address 0x02000074
                0x68000000                        __sdram_zero_nocache$$Base = .
 *(.sdram_nocache)
                0x68000000                        . = ALIGN (0x20)
                0x68000000                        __sdram_zero_nocache$$Limit = .

__sdram_noinit$$
                0x68000000        0x0 load address 0x02000074
                0x68000000                        __sdram_noinit$$Base = .
 *(.sdram_noinit)
                0x68000000                        __sdram_noinit$$Limit = .

__sdram_zero$$  0x68000000        0x0 load address 0x02000074
                0x68000000                        __sdram_zero$$Base = .
 *(.sdram)
                0x68000000                        __sdram_zero$$Limit = .

.sdram.endof    0x68000000        0x0
                0x68000000                        __ddsc_SDRAM_END = .

__ospi0_cs0_from_flash$$
                0x80000000        0x0 load address 0x02000074
                0x80000000                        __ospi0_cs0_from_flash$$Base = .
                0x02000074                        __ospi0_cs0_from_flash$$Load = LOADADDR (__ospi0_cs0_from_flash$$)
 *(.ospi0_cs0_from_flash)
 *(.ospi0_cs0_code_from_flash)
                0x80000000                        __ospi0_cs0_from_flash$$Limit = .

__ospi0_cs0_noinit_nocache$$
                0x80000000        0x0 load address 0x02000080
                0x80000000                        __ospi0_cs0_noinit_nocache$$Base = .
 *(.ospi0_cs0_noinit_nocache)
                0x80000000                        __ospi0_cs0_noinit_nocache$$Limit = .

__ospi0_cs0_zero_nocache$$
                0x80000000        0x0 load address 0x02000074
                0x80000000                        __ospi0_cs0_zero_nocache$$Base = .
 *(.ospi0_cs0_nocache)
                0x80000000                        . = ALIGN (0x20)
                0x80000000                        __ospi0_cs0_zero_nocache$$Limit = .

__ospi0_cs0_noinit$$
                0x80000000        0x0 load address 0x02000074
                0x80000000                        __ospi0_cs0_noinit$$Base = .
 *(.ospi0_cs0_noinit)
                0x80000000                        __ospi0_cs0_noinit$$Limit = .

__ospi0_cs0_zero$$
                0x80000000        0x0 load address 0x02000074
                0x80000000                        __ospi0_cs0_zero$$Base = .
 *(.ospi0_cs0)
                0x80000000                        __ospi0_cs0_zero$$Limit = .

.ospi0_cs0.endof
                0x80000000        0x0
                0x80000000                        __ddsc_OSPI0_CS0_END = .

__ospi1_cs0_from_flash$$
                0x70000000        0x0 load address 0x02000074
                0x70000000                        __ospi1_cs0_from_flash$$Base = .
                0x02000074                        __ospi1_cs0_from_flash$$Load = LOADADDR (__ospi1_cs0_from_flash$$)
 *(.ospi1_cs0_from_flash)
 *(.ospi1_cs0_code_from_flash)
                0x70000000                        __ospi1_cs0_from_flash$$Limit = .

__ospi1_cs0_noinit_nocache$$
                0x70000000        0x0 load address 0x02000080
                0x70000000                        __ospi1_cs0_noinit_nocache$$Base = .
 *(.ospi1_cs0_noinit_nocache)
                0x70000000                        __ospi1_cs0_noinit_nocache$$Limit = .

__ospi1_cs0_zero_nocache$$
                0x70000000        0x0 load address 0x02000074
                0x70000000                        __ospi1_cs0_zero_nocache$$Base = .
 *(.ospi1_cs0_nocache)
                0x70000000                        . = ALIGN (0x20)
                0x70000000                        __ospi1_cs0_zero_nocache$$Limit = .

__ospi1_cs0_noinit$$
                0x70000000        0x0 load address 0x02000074
                0x70000000                        __ospi1_cs0_noinit$$Base = .
 *(.ospi1_cs0_noinit)
                0x70000000                        __ospi1_cs0_noinit$$Limit = .

__ospi1_cs0_zero$$
                0x70000000        0x0 load address 0x02000074
                0x70000000                        __ospi1_cs0_zero$$Base = .
 *(.ospi1_cs0)
                0x70000000                        __ospi1_cs0_zero$$Limit = .

.ospi1_cs0.endof
                0x70000000        0x0
                0x70000000                        __ddsc_OSPI1_CS0_END = .

__itcm_from_flash$$
                0x00000000        0x0 load address 0x02000074
                0x00000000                        __itcm_from_flash$$Base = .
                0x02000074                        __itcm_from_flash$$Load = LOADADDR (__itcm_from_flash$$)
 *(.itcm_from_flash)
 *(.itcm_code_from_flash)
                0x00000000                        __itcm_from_flash$$Limit = .

__itcm_noinit$$
                0x00000000        0x0 load address 0x02000074
                0x00000000                        __itcm_noinit$$Base = .
 *(.itcm_noinit)
                0x00000000                        __itcm_noinit$$Limit = .

__itcm_zero$$   0x00000000        0x0 load address 0x02000074
                0x00000000                        __itcm_zero$$Base = .
 *(.itcm)
                0x00000000                        __itcm_zero$$Limit = .

.itcm.endof     0x00000000        0x0
                0x00000000                        __ddsc_ITCM_END = .

__dtcm_from_flash$$
                0x20000000        0x0 load address 0x02000074
                0x20000000                        __dtcm_from_flash$$Base = .
                0x02000074                        __dtcm_from_flash$$Load = LOADADDR (__dtcm_from_flash$$)
 *(.dtcm_from_flash)
 *(.dtcm_code_from_flash)
                0x20000000                        __dtcm_from_flash$$Limit = .

__dtcm_noinit$$
                0x20000000        0x0 load address 0x02000074
                0x20000000                        __dtcm_noinit$$Base = .
 *(.dtcm_noinit)
                0x20000000                        __dtcm_noinit$$Limit = .

__dtcm_zero$$   0x20000000        0x0 load address 0x02000074
                0x20000000                        __dtcm_zero$$Base = .
 *(.dtcm)
                0x20000000                        __dtcm_zero$$Limit = .

.dtcm.endof     0x20000000        0x0
                0x20000000                        __ddsc_DTCM_END = .

__ram_from_flash$$
                0x22000000       0x54 load address 0x02000074
                0x22000000                        __ram_from_flash$$Base = .
                0x02000074                        __ram_from_flash$$Load = LOADADDR (__ram_from_flash$$)
 *(.ram_from_flash)
 *(.ram_code_from_flash)
 *(.data*)
 .data.g_uart9_baud_setting
                0x22000000        0x4 ./ra_gen/hal_data.o
                0x22000000                g_uart9_baud_setting
 .data._impure_ptr
                0x22000004        0x4 C:/Program Files (x86)/Arm GNU Toolchain arm-none-eabi/13.2 Rel1/bin/../lib/gcc/arm-none-eabi/13.2.1/thumb/v8-m.main+dp/hard\libg_nano.a(libc_a-impure.o)
                0x22000004                _impure_ptr
 .data._impure_data
                0x22000008       0x4c C:/Program Files (x86)/Arm GNU Toolchain arm-none-eabi/13.2 Rel1/bin/../lib/gcc/arm-none-eabi/13.2.1/thumb/v8-m.main+dp/hard\libg_nano.a(libc_a-impure.o)
                0x22000008                _impure_data
 *(vtable)
                0x22000054                        __ram_from_flash$$Limit = .

.tm_clone_table
                0x22000054        0x0 load address 0x020000c8
 .tm_clone_table
                0x22000054        0x0 C:/Program Files (x86)/Arm GNU Toolchain arm-none-eabi/13.2 Rel1/bin/../lib/gcc/arm-none-eabi/13.2.1/thumb/v8-m.main+dp/hard/crtbegin.o
 .tm_clone_table
                0x22000054        0x0 C:/Program Files (x86)/Arm GNU Toolchain arm-none-eabi/13.2 Rel1/bin/../lib/gcc/arm-none-eabi/13.2.1/thumb/v8-m.main+dp/hard/crtend.o

.igot.plt       0x22000054        0x0 load address 0x020000c8
 .igot.plt      0x22000054        0x0 C:/Program Files (x86)/Arm GNU Toolchain arm-none-eabi/13.2 Rel1/bin/../lib/gcc/arm-none-eabi/13.2.1/thumb/v8-m.main+dp/hard/crtbegin.o

__ram_noinit_nocache$$
                0x22000060        0x0 load address 0x020000e0
                0x22000060                        __ram_noinit_nocache$$Base = .
 *(.ram_noinit_nocache)
                0x22000060                        __ram_noinit_nocache$$Limit = .

__ram_zero_nocache$$
                0x22000054        0xc load address 0x020000c8
                0x22000054                        __ram_zero_nocache$$Base = .
 *(.bss.*_fsp_nocache)
 *(.ram_nocache)
                0x22000060                        . = ALIGN (0x20)
 *fill*         0x22000054        0xc 
                0x22000060                        __ram_zero_nocache$$Limit = .

__ram_noinit$$  0x22000060      0x42c load address 0x020000c8
                0x22000060                        __ram_noinit$$Base = .
 *(.bss.g_heap)
 *(.bss.g_main_stack)
 .bss.g_main_stack
                0x22000060      0x400 ./ra/fsp/src/bsp/cmsis/Device/RENESAS/Source/startup.o
                0x22000060                g_main_stack
 *(.ram_noinit)
 .ram_noinit    0x22000460       0x2c ./ra/fsp/src/bsp/mcu/all/bsp_clocks.o
 *(.noinit)
                0x2200048c                        __ram_noinit$$Limit = .

__ram_zero$$    0x22000490      0x26c load address 0x020000c8
                0x22000490                        __ram_zero$$Base = .
 *(.ram)
 *(.bss*)
 .bss.completed.1
                0x22000490        0x1 C:/Program Files (x86)/Arm GNU Toolchain arm-none-eabi/13.2 Rel1/bin/../lib/gcc/arm-none-eabi/13.2.1/thumb/v8-m.main+dp/hard/crtbegin.o
 *fill*         0x22000491        0x3 
 .bss.object.0  0x22000494       0x18 C:/Program Files (x86)/Arm GNU Toolchain arm-none-eabi/13.2 Rel1/bin/../lib/gcc/arm-none-eabi/13.2.1/thumb/v8-m.main+dp/hard/crtbegin.o
 .bss.g_ioport_ctrl
                0x220004ac        0x8 ./ra_gen/common_data.o
                0x220004ac                g_ioport_ctrl
 .bss.g_sci_spi0_ctrl
                0x220004b4       0x2c ./ra_gen/hal_data.o
                0x220004b4                g_sci_spi0_ctrl
 .bss.g_uart9_ctrl
                0x220004e0       0x34 ./ra_gen/hal_data.o
                0x220004e0                g_uart9_ctrl
 .bss.tx_dummy.0
                0x22000514        0x1 ./ra/fsp/src/r_sci_b_spi/r_sci_b_spi.o
 *fill*         0x22000515        0x3 
 .bss.g_bsp_group_irq_sources
                0x22000518       0x54 ./ra/fsp/src/bsp/mcu/all/bsp_group_irq.o
                0x22000518                g_bsp_group_irq_sources
 .bss.g_protect_pfswe_counter
                0x2200056c        0x4 ./ra/fsp/src/bsp/mcu/all/bsp_io.o
                0x2200056c                g_protect_pfswe_counter
 .bss.gp_renesas_isr_context
                0x22000570       0x34 ./ra/fsp/src/bsp/mcu/all/bsp_irq.o
                0x22000570                gp_renesas_isr_context
 .bss.g_protect_counters
                0x220005a4        0xa ./ra/fsp/src/bsp/mcu/all/bsp_register_protection.o
                0x220005a4                g_protect_counters
 *fill*         0x220005ae        0x2 
 .bss.SystemCoreClock
                0x220005b0        0x4 ./ra/fsp/src/bsp/cmsis/Device/RENESAS/Source/system.o
                0x220005b0                SystemCoreClock
 .bss.__sf      0x220005b4      0x138 C:/Program Files (x86)/Arm GNU Toolchain arm-none-eabi/13.2 Rel1/bin/../lib/gcc/arm-none-eabi/13.2.1/thumb/v8-m.main+dp/hard\libg_nano.a(libc_a-findfp.o)
                0x220005b4                __sf
 .bss.errno     0x220006ec        0x4 C:/Program Files (x86)/Arm GNU Toolchain arm-none-eabi/13.2 Rel1/bin/../lib/gcc/arm-none-eabi/13.2.1/thumb/v8-m.main+dp/hard\libg_nano.a(libc_a-reent.o)
                0x220006ec                errno
 .bss.__lock___malloc_recursive_mutex
                0x220006f0        0x1 C:/Program Files (x86)/Arm GNU Toolchain arm-none-eabi/13.2 Rel1/bin/../lib/gcc/arm-none-eabi/13.2.1/thumb/v8-m.main+dp/hard\libg_nano.a(libc_a-lock.o)
                0x220006f0                __lock___malloc_recursive_mutex
 *fill*         0x220006f1        0x3 
 .bss.__malloc_sbrk_start
                0x220006f4        0x4 C:/Program Files (x86)/Arm GNU Toolchain arm-none-eabi/13.2 Rel1/bin/../lib/gcc/arm-none-eabi/13.2.1/thumb/v8-m.main+dp/hard\libg_nano.a(libc_a-mallocr.o)
                0x220006f4                __malloc_sbrk_start
 .bss.__malloc_free_list
                0x220006f8        0x4 C:/Program Files (x86)/Arm GNU Toolchain arm-none-eabi/13.2 Rel1/bin/../lib/gcc/arm-none-eabi/13.2.1/thumb/v8-m.main+dp/hard\libg_nano.a(libc_a-mallocr.o)
                0x220006f8                __malloc_free_list
                0x220006fc                        __ram_zero$$Limit = .

__ram_thread_stack$$
                0x22000700        0x0 load address 0x020000c8
                0x22000700                        __ram_thread_stack$$Base = .
 *(.stack?*)
                0x22000700                        __ram_thread_stack$$Limit = .

.ram.endof      0x22000800        0x0
                0x22000800                        __ddsc_RAM_END = .

.ram.flat_nsc   0x22000800        0x0
                0x22000800                        __ddsc_RAM_NSC = .

__flash_readonly$$
                0x020000c8     0x4078
                0x020000c8                        __flash_readonly$$Base = .
 *(.flash)
 *(.flash_code)
 *(.text*)
 .text.deregister_tm_clones
                0x020000c8       0x1c C:/Program Files (x86)/Arm GNU Toolchain arm-none-eabi/13.2 Rel1/bin/../lib/gcc/arm-none-eabi/13.2.1/thumb/v8-m.main+dp/hard/crtbegin.o
 .text.register_tm_clones
                0x020000e4       0x28 C:/Program Files (x86)/Arm GNU Toolchain arm-none-eabi/13.2 Rel1/bin/../lib/gcc/arm-none-eabi/13.2.1/thumb/v8-m.main+dp/hard/crtbegin.o
 .text.__do_global_dtors_aux
                0x0200010c       0x28 C:/Program Files (x86)/Arm GNU Toolchain arm-none-eabi/13.2 Rel1/bin/../lib/gcc/arm-none-eabi/13.2.1/thumb/v8-m.main+dp/hard/crtbegin.o
 .text.frame_dummy
                0x02000134       0x24 C:/Program Files (x86)/Arm GNU Toolchain arm-none-eabi/13.2 Rel1/bin/../lib/gcc/arm-none-eabi/13.2.1/thumb/v8-m.main+dp/hard/crtbegin.o
 .text.sci_b_spi_callback
                0x02000158        0x4 ./src/hal_entry.o
                0x02000158                sci_b_spi_callback
 .text.hal_entry
                0x0200015c       0xe8 ./src/hal_entry.o
                0x0200015c                hal_entry
 .text.R_BSP_WarmStart
                0x02000244       0x18 ./src/hal_warmstart.o
                0x02000244                R_BSP_WarmStart
 .text.spi_comm_init
                0x0200025c       0x1c ./src/spi_comm.o
                0x0200025c                spi_comm_init
 .text.spi_comm_send_frame
                0x02000278       0xe0 ./src/spi_comm.o
                0x02000278                spi_comm_send_frame
 .text.startup.main
                0x02000358        0xc ./ra_gen/main.o
                0x02000358                main
 .text.R_SCI_B_UART_Read
                0x02000364        0xc ./ra/fsp/src/r_sci_b_uart/r_sci_b_uart.o
                0x02000364                R_SCI_B_UART_Read
 .text.R_SCI_B_UART_Write
                0x02000370       0x40 ./ra/fsp/src/r_sci_b_uart/r_sci_b_uart.o
                0x02000370                R_SCI_B_UART_Write
 .text.R_SCI_B_UART_CallbackSet
                0x020003b0       0x10 ./ra/fsp/src/r_sci_b_uart/r_sci_b_uart.o
                0x020003b0                R_SCI_B_UART_CallbackSet
 .text.R_SCI_B_UART_InfoGet
                0x020003c0        0xc ./ra/fsp/src/r_sci_b_uart/r_sci_b_uart.o
                0x020003c0                R_SCI_B_UART_InfoGet
 .text.R_SCI_B_UART_Abort
                0x020003cc       0x48 ./ra/fsp/src/r_sci_b_uart/r_sci_b_uart.o
                0x020003cc                R_SCI_B_UART_Abort
 .text.R_SCI_B_UART_ReadStop
                0x02000414       0x14 ./ra/fsp/src/r_sci_b_uart/r_sci_b_uart.o
                0x02000414                R_SCI_B_UART_ReadStop
 .text.R_SCI_B_UART_ReceiveSuspend
                0x02000428        0x4 ./ra/fsp/src/r_sci_b_uart/r_sci_b_uart.o
                0x02000428                R_SCI_B_UART_ReceiveSuspend
 .text.r_sci_b_irq_cfg
                0x0200042c       0x70 ./ra/fsp/src/r_sci_b_uart/r_sci_b_uart.o
 .text.r_sci_b_uart_call_callback
                0x0200049c       0x44 ./ra/fsp/src/r_sci_b_uart/r_sci_b_uart.o
 .text.R_SCI_B_UART_Close
                0x020004e0       0xf4 ./ra/fsp/src/r_sci_b_uart/r_sci_b_uart.o
                0x020004e0                R_SCI_B_UART_Close
 .text.r_sci_b_uart_synchronization_delay_cfg.constprop.0
                0x020005d4       0x7c ./ra/fsp/src/r_sci_b_uart/r_sci_b_uart.o
 .text.R_SCI_B_UART_BaudSet
                0x02000650       0x30 ./ra/fsp/src/r_sci_b_uart/r_sci_b_uart.o
                0x02000650                R_SCI_B_UART_BaudSet
 .text.R_SCI_B_UART_ReceiveResume
                0x02000680        0x4 ./ra/fsp/src/r_sci_b_uart/r_sci_b_uart.o
                0x02000680                R_SCI_B_UART_ReceiveResume
 .text.R_SCI_B_UART_Open
                0x02000684      0x288 ./ra/fsp/src/r_sci_b_uart/r_sci_b_uart.o
                0x02000684                R_SCI_B_UART_Open
 .text.sci_b_uart_txi_isr
                0x0200090c       0xa8 ./ra/fsp/src/r_sci_b_uart/r_sci_b_uart.o
                0x0200090c                sci_b_uart_txi_isr
 .text.sci_b_uart_rxi_isr
                0x020009b4       0x90 ./ra/fsp/src/r_sci_b_uart/r_sci_b_uart.o
                0x020009b4                sci_b_uart_rxi_isr
 .text.sci_b_uart_tei_isr
                0x02000a44       0x4c ./ra/fsp/src/r_sci_b_uart/r_sci_b_uart.o
                0x02000a44                sci_b_uart_tei_isr
 .text.sci_b_uart_eri_isr
                0x02000a90       0x84 ./ra/fsp/src/r_sci_b_uart/r_sci_b_uart.o
                0x02000a90                sci_b_uart_eri_isr
 .text.R_SCI_B_SPI_CallbackSet
                0x02000b14       0x10 ./ra/fsp/src/r_sci_b_spi/r_sci_b_spi.o
                0x02000b14                R_SCI_B_SPI_CallbackSet
 .text.r_sci_b_spi_call_callback
                0x02000b24       0x40 ./ra/fsp/src/r_sci_b_spi/r_sci_b_spi.o
 .text.R_SCI_B_SPI_Close
                0x02000b64       0xe8 ./ra/fsp/src/r_sci_b_spi/r_sci_b_spi.o
                0x02000b64                R_SCI_B_SPI_Close
 .text.R_SCI_B_SPI_Open
                0x02000c4c      0x31c ./ra/fsp/src/r_sci_b_spi/r_sci_b_spi.o
                0x02000c4c                R_SCI_B_SPI_Open
 .text.r_sci_b_spi_write_read_common
                0x02000f68      0x164 ./ra/fsp/src/r_sci_b_spi/r_sci_b_spi.o
 .text.R_SCI_B_SPI_Read
                0x020010cc        0xc ./ra/fsp/src/r_sci_b_spi/r_sci_b_spi.o
                0x020010cc                R_SCI_B_SPI_Read
 .text.R_SCI_B_SPI_Write
                0x020010d8        0x8 ./ra/fsp/src/r_sci_b_spi/r_sci_b_spi.o
                0x020010d8                R_SCI_B_SPI_Write
 .text.R_SCI_B_SPI_WriteRead
                0x020010e0        0x4 ./ra/fsp/src/r_sci_b_spi/r_sci_b_spi.o
                0x020010e0                R_SCI_B_SPI_WriteRead
 .text.sci_b_spi_txi_isr
                0x020010e4       0x70 ./ra/fsp/src/r_sci_b_spi/r_sci_b_spi.o
                0x020010e4                sci_b_spi_txi_isr
 .text.sci_b_spi_rxi_isr
                0x02001154       0x84 ./ra/fsp/src/r_sci_b_spi/r_sci_b_spi.o
                0x02001154                sci_b_spi_rxi_isr
 .text.sci_b_spi_tei_isr
                0x020011d8       0x44 ./ra/fsp/src/r_sci_b_spi/r_sci_b_spi.o
                0x020011d8                sci_b_spi_tei_isr
 .text.sci_b_spi_eri_isr
                0x0200121c       0x48 ./ra/fsp/src/r_sci_b_spi/r_sci_b_spi.o
                0x0200121c                sci_b_spi_eri_isr
 .text.R_IOPORT_PinWrite
                0x02001264       0x28 ./ra/fsp/src/r_ioport/r_ioport.o
                0x02001264                R_IOPORT_PinWrite
 .text.bsp_vbatt_init
                0x0200128c       0xec ./ra/fsp/src/r_ioport/r_ioport.o
 .text.r_ioport_pins_config
                0x02001378       0xac ./ra/fsp/src/r_ioport/r_ioport.o
 .text.R_IOPORT_Open
                0x02001424       0x14 ./ra/fsp/src/r_ioport/r_ioport.o
                0x02001424                R_IOPORT_Open
 .text.iic_master_notify
                0x02001438       0x3c ./ra/fsp/src/r_iic_master/r_iic_master.o
 .text.iic_master_open_hw_master
                0x02001474      0x238 ./ra/fsp/src/r_iic_master/r_iic_master.o
 .text.iic_master_rxi_isr
                0x020016ac      0x194 ./ra/fsp/src/r_iic_master/r_iic_master.o
                0x020016ac                iic_master_rxi_isr
 .text.iic_master_txi_isr
                0x02001840      0x124 ./ra/fsp/src/r_iic_master/r_iic_master.o
                0x02001840                iic_master_txi_isr
 .text.iic_master_tei_isr
                0x02001964       0xe4 ./ra/fsp/src/r_iic_master/r_iic_master.o
                0x02001964                iic_master_tei_isr
 .text.iic_master_eri_isr
                0x02001a48      0x14c ./ra/fsp/src/r_iic_master/r_iic_master.o
                0x02001a48                iic_master_eri_isr
 .text.ceu_isr  0x02001b94       0x9c ./ra/fsp/src/r_ceu/r_ceu.o
                0x02001b94                ceu_isr
 .text.SystemCoreClockUpdate
                0x02001c30       0x88 ./ra/fsp/src/bsp/mcu/all/bsp_clocks.o
                0x02001c30                SystemCoreClockUpdate
 .text.R_BSP_SubClockStabilizeWaitAfterReset
                0x02001cb8        0x4 ./ra/fsp/src/bsp/mcu/all/bsp_clocks.o
                0x02001cb8                R_BSP_SubClockStabilizeWaitAfterReset
 .text.R_BSP_OctaclkUpdate
                0x02001cbc      0x17c ./ra/fsp/src/bsp/mcu/all/bsp_clocks.o
                0x02001cbc                R_BSP_OctaclkUpdate
 .text.bsp_clock_init
                0x02001e38      0x528 ./ra/fsp/src/bsp/mcu/all/bsp_clocks.o
                0x02001e38                bsp_clock_init
 .text.R_BSP_SourceClockHzGet
                0x02002360        0xc ./ra/fsp/src/bsp/mcu/all/bsp_clocks.o
                0x02002360                R_BSP_SourceClockHzGet
 .text.R_BSP_Init_RTC
                0x0200236c       0xb0 ./ra/fsp/src/bsp/mcu/all/bsp_clocks.o
                0x0200236c                R_BSP_Init_RTC
 *fill*         0x0200241c        0x4 
 .text.bsp_prv_software_delay_loop
                0x02002420        0xc ./ra/fsp/src/bsp/mcu/all/bsp_delay.o
                0x02002420                bsp_prv_software_delay_loop
 .text.R_BSP_SoftwareDelay
                0x0200242c       0x88 ./ra/fsp/src/bsp/mcu/all/bsp_delay.o
                0x0200242c                R_BSP_SoftwareDelay
 .text.NMI_Handler
                0x020024b4       0x44 ./ra/fsp/src/bsp/mcu/all/bsp_group_irq.o
                0x020024b4                NMI_Handler
 .text.bsp_irq_cfg
                0x020024f8       0x2c ./ra/fsp/src/bsp/mcu/all/bsp_irq.o
                0x020024f8                bsp_irq_cfg
 .text.R_BSP_RegisterProtectEnable
                0x02002524       0x60 ./ra/fsp/src/bsp/mcu/all/bsp_register_protection.o
                0x02002524                R_BSP_RegisterProtectEnable
 .text.R_BSP_RegisterProtectDisable
                0x02002584       0x54 ./ra/fsp/src/bsp/mcu/all/bsp_register_protection.o
                0x02002584                R_BSP_RegisterProtectDisable
 .text._sbrk    0x020025d8       0x14 ./ra/fsp/src/bsp/mcu/all/bsp_sbrk.o
                0x020025d8                _sbrk
 .text.Default_Handler
                0x020025ec        0x4 ./ra/fsp/src/bsp/cmsis/Device/RENESAS/Source/startup.o
                0x020025ec                DebugMon_Handler
                0x020025ec                HardFault_Handler
                0x020025ec                SysTick_Handler
                0x020025ec                PendSV_Handler
                0x020025ec                UsageFault_Handler
                0x020025ec                SecureFault_Handler
                0x020025ec                Default_Handler
                0x020025ec                MemManage_Handler
                0x020025ec                SVC_Handler
                0x020025ec                BusFault_Handler
 .text.Reset_Handler
                0x020025f0        0xc ./ra/fsp/src/bsp/cmsis/Device/RENESAS/Source/startup.o
                0x020025f0                Reset_Handler
 .text.SystemRuntimeInit
                0x020025fc       0x64 ./ra/fsp/src/bsp/cmsis/Device/RENESAS/Source/system.o
 .text.SystemInit
                0x02002660      0x23c ./ra/fsp/src/bsp/cmsis/Device/RENESAS/Source/system.o
                0x02002660                SystemInit
 .text.bsp_init
                0x0200289c        0x4 ./ra/board/ra8p1_ek/board_init.o
                0x0200289c                bsp_init
 .text.sprintf  0x020028a0       0x40 C:/Program Files (x86)/Arm GNU Toolchain arm-none-eabi/13.2 Rel1/bin/../lib/gcc/arm-none-eabi/13.2.1/thumb/v8-m.main+dp/hard\libg_nano.a(libc_a-sprintf.o)
                0x020028a0                siprintf
                0x020028a0                sprintf
 .text.memset   0x020028e0       0x10 C:/Program Files (x86)/Arm GNU Toolchain arm-none-eabi/13.2 Rel1/bin/../lib/gcc/arm-none-eabi/13.2.1/thumb/v8-m.main+dp/hard\libg_nano.a(libc_a-memset.o)
                0x020028e0                memset
 .text.__errno  0x020028f0        0xc C:/Program Files (x86)/Arm GNU Toolchain arm-none-eabi/13.2 Rel1/bin/../lib/gcc/arm-none-eabi/13.2.1/thumb/v8-m.main+dp/hard\libg_nano.a(libc_a-errno.o)
                0x020028f0                __errno
 .text.__retarget_lock_acquire_recursive
                0x020028fc        0x2 C:/Program Files (x86)/Arm GNU Toolchain arm-none-eabi/13.2 Rel1/bin/../lib/gcc/arm-none-eabi/13.2.1/thumb/v8-m.main+dp/hard\libg_nano.a(libc_a-lock.o)
                0x020028fc                __retarget_lock_acquire_recursive
 .text.__retarget_lock_release_recursive
                0x020028fe        0x2 C:/Program Files (x86)/Arm GNU Toolchain arm-none-eabi/13.2 Rel1/bin/../lib/gcc/arm-none-eabi/13.2.1/thumb/v8-m.main+dp/hard\libg_nano.a(libc_a-lock.o)
                0x020028fe                __retarget_lock_release_recursive
 .text.memcpy   0x02002900       0x1a C:/Program Files (x86)/Arm GNU Toolchain arm-none-eabi/13.2 Rel1/bin/../lib/gcc/arm-none-eabi/13.2.1/thumb/v8-m.main+dp/hard\libg_nano.a(libc_a-memcpy-stub.o)
                0x02002900                memcpy
 .text          0x0200291a       0x10 C:/Program Files (x86)/Arm GNU Toolchain arm-none-eabi/13.2 Rel1/bin/../lib/gcc/arm-none-eabi/13.2.1/thumb/v8-m.main+dp/hard\libg_nano.a(libc_a-strlen.o)
                0x0200291a                strlen
 *fill*         0x0200292a        0x2 
 .text._free_r  0x0200292c       0x94 C:/Program Files (x86)/Arm GNU Toolchain arm-none-eabi/13.2 Rel1/bin/../lib/gcc/arm-none-eabi/13.2.1/thumb/v8-m.main+dp/hard\libg_nano.a(libc_a-freer.o)
                0x0200292c                _free_r
 .text.sbrk_aligned
                0x020029c0       0x44 C:/Program Files (x86)/Arm GNU Toolchain arm-none-eabi/13.2 Rel1/bin/../lib/gcc/arm-none-eabi/13.2.1/thumb/v8-m.main+dp/hard\libg_nano.a(libc_a-mallocr.o)
 .text._malloc_r
                0x02002a04      0x100 C:/Program Files (x86)/Arm GNU Toolchain arm-none-eabi/13.2 Rel1/bin/../lib/gcc/arm-none-eabi/13.2.1/thumb/v8-m.main+dp/hard\libg_nano.a(libc_a-mallocr.o)
                0x02002a04                _malloc_r
 .text.__malloc_lock
                0x02002b04        0xc C:/Program Files (x86)/Arm GNU Toolchain arm-none-eabi/13.2 Rel1/bin/../lib/gcc/arm-none-eabi/13.2.1/thumb/v8-m.main+dp/hard\libg_nano.a(libc_a-mlock.o)
                0x02002b04                __malloc_lock
 .text.__malloc_unlock
                0x02002b10        0xc C:/Program Files (x86)/Arm GNU Toolchain arm-none-eabi/13.2 Rel1/bin/../lib/gcc/arm-none-eabi/13.2.1/thumb/v8-m.main+dp/hard\libg_nano.a(libc_a-mlock.o)
                0x02002b10                __malloc_unlock
 .text.__ssputs_r
                0x02002b1c       0xb6 C:/Program Files (x86)/Arm GNU Toolchain arm-none-eabi/13.2 Rel1/bin/../lib/gcc/arm-none-eabi/13.2.1/thumb/v8-m.main+dp/hard\libg_nano.a(libc_a-nano-svfprintf.o)
                0x02002b1c                __ssputs_r
 *fill*         0x02002bd2        0x2 
 .text._svfprintf_r
                0x02002bd4      0x1f8 C:/Program Files (x86)/Arm GNU Toolchain arm-none-eabi/13.2 Rel1/bin/../lib/gcc/arm-none-eabi/13.2.1/thumb/v8-m.main+dp/hard\libg_nano.a(libc_a-nano-svfprintf.o)
                0x02002bd4                _svfiprintf_r
                0x02002bd4                _svfprintf_r
 .text._printf_common
                0x02002dcc       0xe4 C:/Program Files (x86)/Arm GNU Toolchain arm-none-eabi/13.2 Rel1/bin/../lib/gcc/arm-none-eabi/13.2.1/thumb/v8-m.main+dp/hard\libg_nano.a(libc_a-nano-vfprintf_i.o)
                0x02002dcc                _printf_common
 .text._printf_i
                0x02002eb0      0x23c C:/Program Files (x86)/Arm GNU Toolchain arm-none-eabi/13.2 Rel1/bin/../lib/gcc/arm-none-eabi/13.2.1/thumb/v8-m.main+dp/hard\libg_nano.a(libc_a-nano-vfprintf_i.o)
                0x02002eb0                _printf_i
 .text.memmove  0x020030ec       0x34 C:/Program Files (x86)/Arm GNU Toolchain arm-none-eabi/13.2 Rel1/bin/../lib/gcc/arm-none-eabi/13.2.1/thumb/v8-m.main+dp/hard\libg_nano.a(libc_a-memmove.o)
                0x020030ec                memmove
 .text._sbrk_r  0x02003120       0x20 C:/Program Files (x86)/Arm GNU Toolchain arm-none-eabi/13.2 Rel1/bin/../lib/gcc/arm-none-eabi/13.2.1/thumb/v8-m.main+dp/hard\libg_nano.a(libc_a-sbrkr.o)
                0x02003120                _sbrk_r
 .text.memchr   0x02003140       0x1c C:/Program Files (x86)/Arm GNU Toolchain arm-none-eabi/13.2 Rel1/bin/../lib/gcc/arm-none-eabi/13.2.1/thumb/v8-m.main+dp/hard\libg_nano.a(libc_a-memchr-stub.o)
                0x02003140                memchr
 .text._realloc_r
                0x0200315c       0x5c C:/Program Files (x86)/Arm GNU Toolchain arm-none-eabi/13.2 Rel1/bin/../lib/gcc/arm-none-eabi/13.2.1/thumb/v8-m.main+dp/hard\libg_nano.a(libc_a-reallocr.o)
                0x0200315c                _realloc_r
 .text._malloc_usable_size_r
                0x020031b8       0x10 C:/Program Files (x86)/Arm GNU Toolchain arm-none-eabi/13.2 Rel1/bin/../lib/gcc/arm-none-eabi/13.2.1/thumb/v8-m.main+dp/hard\libg_nano.a(libc_a-msizer.o)
                0x020031b8                _malloc_usable_size_r
 .text.sinf     0x020031c8      0x1e4 C:/Program Files (x86)/Arm GNU Toolchain arm-none-eabi/13.2 Rel1/bin/../lib/gcc/arm-none-eabi/13.2.1/thumb/v8-m.main+dp/hard\libm.a(libm_a-sinf.o)
                0x020031c8                sinf
 .text.with_errnof
                0x020033ac       0x1c C:/Program Files (x86)/Arm GNU Toolchain arm-none-eabi/13.2 Rel1/bin/../lib/gcc/arm-none-eabi/13.2.1/thumb/v8-m.main+dp/hard\libm.a(libm_a-math_errf.o)
 .text.__math_invalidf
                0x020033c8       0x20 C:/Program Files (x86)/Arm GNU Toolchain arm-none-eabi/13.2 Rel1/bin/../lib/gcc/arm-none-eabi/13.2.1/thumb/v8-m.main+dp/hard\libm.a(libm_a-math_errf.o)
                0x020033c8                __math_invalidf
 .text          0x020033e8      0x378 C:/Program Files (x86)/Arm GNU Toolchain arm-none-eabi/13.2 Rel1/bin/../lib/gcc/arm-none-eabi/13.2.1/thumb/v8-m.main+dp/hard\libgcc.a(_arm_addsubdf3.o)
                0x020033e8                __aeabi_drsub
                0x020033f0                __aeabi_dsub
                0x020033f0                __subdf3
                0x020033f4                __aeabi_dadd
                0x020033f4                __adddf3
                0x0200366c                __floatunsidf
                0x0200366c                __aeabi_ui2d
                0x0200368c                __floatsidf
                0x0200368c                __aeabi_i2d
                0x020036b0                __aeabi_f2d
                0x020036b0                __extendsfdf2
                0x020036f4                __floatundidf
                0x020036f4                __aeabi_ul2d
                0x02003704                __floatdidf
                0x02003704                __aeabi_l2d
 *(.rodata*)
 .rodata.hal_entry.str1.4
                0x02003760       0x29 ./src/hal_entry.o
 *fill*         0x02003789        0x3 
 .rodata.g_sci_spi0
                0x0200378c        0xc ./ra_gen/hal_data.o
                0x0200378c                g_sci_spi0
 .rodata.g_sci_spi0_cfg
                0x02003798       0x24 ./ra_gen/hal_data.o
                0x02003798                g_sci_spi0_cfg
 .rodata.g_sci_spi0_cfg_extend
                0x020037bc        0x5 ./ra_gen/hal_data.o
                0x020037bc                g_sci_spi0_cfg_extend
 *fill*         0x020037c1        0x3 
 .rodata.g_uart9
                0x020037c4        0xc ./ra_gen/hal_data.o
                0x020037c4                g_uart9
 .rodata.g_uart9_cfg
                0x020037d0       0x20 ./ra_gen/hal_data.o
                0x020037d0                g_uart9_cfg
 .rodata.g_uart9_cfg_extend
                0x020037f0       0x14 ./ra_gen/hal_data.o
                0x020037f0                g_uart9_cfg_extend
 .rodata.g_bsp_pin_cfg
                0x02003804        0xc ./ra_gen/pin_data.o
                0x02003804                g_bsp_pin_cfg
 .rodata.g_bsp_pin_cfg_data
                0x02003810      0x4c8 ./ra_gen/pin_data.o
                0x02003810                g_bsp_pin_cfg_data
 .rodata.g_interrupt_event_link_select
                0x02003cd8       0x1a ./ra_gen/vector_data.o
                0x02003cd8                g_interrupt_event_link_select
 *fill*         0x02003cf2        0x2 
 .rodata.g_uart_on_sci_b
                0x02003cf4       0x2c ./ra/fsp/src/r_sci_b_uart/r_sci_b_uart.o
                0x02003cf4                g_uart_on_sci_b
 .rodata.g_spi_on_sci_b
                0x02003d20       0x18 ./ra/fsp/src/r_sci_b_spi/r_sci_b_spi.o
                0x02003d20                g_spi_on_sci_b
 .rodata.g_vbatt_pins_input
                0x02003d38        0x6 ./ra/fsp/src/r_ioport/r_ioport.o
 *fill*         0x02003d3e        0x2 
 .rodata.g_init_info
                0x02003d40       0x18 ./ra/fsp/src/bsp/mcu/ra8p1/bsp_linker.o
                0x02003d40                g_init_info
 .rodata.nocache_list
                0x02003d58       0x20 ./ra/fsp/src/bsp/mcu/ra8p1/bsp_linker.o
 .rodata.copy_list
                0x02003d78      0x180 ./ra/fsp/src/bsp/mcu/ra8p1/bsp_linker.o
 .rodata.zero_list
                0x02003ef8       0x78 ./ra/fsp/src/bsp/mcu/ra8p1/bsp_linker.o
 .rodata.g_prcr_masks
                0x02003f70        0xa ./ra/fsp/src/bsp/mcu/all/bsp_register_protection.o
 .rodata._svfprintf_r.str1.1
                0x02003f7a       0x33 C:/Program Files (x86)/Arm GNU Toolchain arm-none-eabi/13.2 Rel1/bin/../lib/gcc/arm-none-eabi/13.2.1/thumb/v8-m.main+dp/hard\libg_nano.a(libc_a-nano-svfprintf.o)
                                 0x11 (size before relaxing)
 .rodata._printf_i.str1.1
                0x02003fad       0x22 C:/Program Files (x86)/Arm GNU Toolchain arm-none-eabi/13.2 Rel1/bin/../lib/gcc/arm-none-eabi/13.2.1/thumb/v8-m.main+dp/hard\libg_nano.a(libc_a-nano-vfprintf_i.o)
 *fill*         0x02003fad        0x3 
 .rodata.__inv_pio4
                0x02003fb0       0x60 C:/Program Files (x86)/Arm GNU Toolchain arm-none-eabi/13.2 Rel1/bin/../lib/gcc/arm-none-eabi/13.2.1/thumb/v8-m.main+dp/hard\libm.a(libm_a-sincosf_data.o)
                0x02003fb0                __inv_pio4
 .rodata.__sincosf_table
                0x02004010       0xe0 C:/Program Files (x86)/Arm GNU Toolchain arm-none-eabi/13.2 Rel1/bin/../lib/gcc/arm-none-eabi/13.2.1/thumb/v8-m.main+dp/hard\libm.a(libm_a-sincosf_data.o)
                0x02004010                __sincosf_table
 *(.mcuboot_sce9_key)
 *(.version)
 .version       0x020040f0       0x50 ./ra/fsp/src/bsp/mcu/all/bsp_common.o
                0x02004140                        __flash_readonly$$Limit = .

.glue_7         0x02004140        0x0
 .glue_7        0x02004140        0x0 linker stubs

.glue_7t        0x02004140        0x0
 .glue_7t       0x02004140        0x0 linker stubs

.vfp11_veneer   0x02004140        0x0
 .vfp11_veneer  0x02004140        0x0 linker stubs

.v4_bx          0x02004140        0x0
 .v4_bx         0x02004140        0x0 linker stubs

.init           0x02004140        0x4
 .init          0x02004140        0x4 C:/Program Files (x86)/Arm GNU Toolchain arm-none-eabi/13.2 Rel1/bin/../lib/gcc/arm-none-eabi/13.2.1/thumb/v8-m.main+dp/hard/crti.o
                0x02004140                _init

.fini           0x02004144        0x4
 .fini          0x02004144        0x4 C:/Program Files (x86)/Arm GNU Toolchain arm-none-eabi/13.2 Rel1/bin/../lib/gcc/arm-none-eabi/13.2.1/thumb/v8-m.main+dp/hard/crti.o
                0x02004144                _fini

.iplt           0x02004148        0x0
 .iplt          0x02004148        0x0 C:/Program Files (x86)/Arm GNU Toolchain arm-none-eabi/13.2 Rel1/bin/../lib/gcc/arm-none-eabi/13.2.1/thumb/v8-m.main+dp/hard/crtbegin.o

__flash_ctor$$
 *crtbegin.o(.ctors)
 *crtbegin?.o(.ctors)
 EXCLUDE_FILE(*crtend.o *crtend?.o) *(.ctors)
 *(SORT_BY_NAME(.ctors.*))
 *(.ctors)
 *crtbegin.o(.dtors)
 *crtbegin?.o(.dtors)
 EXCLUDE_FILE(*crtend.o *crtend?.o) *(.dtors)
 *(SORT_BY_NAME(.dtors.*))
 *(.dtors)

__flash_preinit_array$$
                0x02004148        0x0
                0x02004148                        __preinit_array_start = .
 *(.preinit_array)
                0x02004148                        __preinit_array_end = .

__flash_.got$$
 *(.got.plt)
 *(.got)

__flash_init_array$$
                0x02004148        0x4
                0x02004148                        __init_array_start = .
 *(SORT_BY_NAME(.init_array.*))
 *(.init_array)
 .init_array    0x02004148        0x4 C:/Program Files (x86)/Arm GNU Toolchain arm-none-eabi/13.2 Rel1/bin/../lib/gcc/arm-none-eabi/13.2.1/thumb/v8-m.main+dp/hard/crtbegin.o
                0x0200414c                        __init_array_end = .

__flash_fini_array$$
                0x0200414c        0x4
                0x0200414c                        __fini_array_start = .
 *(SORT_BY_NAME(.fini_array.*))
 *(.fini_array)
 .fini_array    0x0200414c        0x4 C:/Program Files (x86)/Arm GNU Toolchain arm-none-eabi/13.2 Rel1/bin/../lib/gcc/arm-none-eabi/13.2.1/thumb/v8-m.main+dp/hard/crtbegin.o
                0x02004150                        __fini_array_end = .

__flash_arm.extab$$
 *(.ARM.extab*)
 *(.gnu.linkonce.armextab.*)

__flash_arm.exidx$$
                0x02004150        0x8
                0x02004150                        __exidx_start = .
 *(.ARM.exidx*)
 .ARM.exidx     0x02004150        0x8 C:/Program Files (x86)/Arm GNU Toolchain arm-none-eabi/13.2 Rel1/bin/../lib/gcc/arm-none-eabi/13.2.1/thumb/v8-m.main+dp/hard\libg_nano.a(libc_a-strlen.o)
 *(.gnu.linkonce.armexidx.*)
                0x02004158                        __exidx_end = .

.flash.endof    0x02004200        0x0
                0x02004200                        __ddsc_FLASH_END = .

.flash.flat_nsc
                0x02004200        0x0
                0x02004200                        __ddsc_FLASH_NSC = .

.option_setting_ofs0.startof
                0x02c9f040        0x0
                0x02c9f040                        __ddsc_OPTION_SETTING_OFS0_START = .

__option_setting_ofs0_reg$$
                0x02c9f040        0x4
                0x02c9f040                        __option_setting_ofs0_reg$$Base = .
 *(.option_setting_ofs0)
 .option_setting_ofs0
                0x02c9f040        0x4 ./ra/fsp/src/bsp/mcu/ra8p1/bsp_linker.o
                0x02c9f044                        __option_setting_ofs0_reg$$Limit = .

.option_setting_ofs0.endof
                0x02c9f044        0x0
                0x02c9f044                        __ddsc_OPTION_SETTING_OFS0_END = .

.option_setting_ofs2.startof
                0x02c9f044        0x0
                0x02c9f044                        __ddsc_OPTION_SETTING_OFS2_START = .

__option_setting_ofs2_reg$$
                0x02c9f044        0x4
                0x02c9f044                        __option_setting_ofs2_reg$$Base = .
 *(.option_setting_ofs2)
 .option_setting_ofs2
                0x02c9f044        0x4 ./ra/fsp/src/bsp/mcu/ra8p1/bsp_linker.o
                0x02c9f048                        __option_setting_ofs2_reg$$Limit = .

.option_setting_ofs2.endof
                0x02c9f048        0x0
                0x02c9f048                        __ddsc_OPTION_SETTING_OFS2_END = .

.option_setting_sas.startof
                0x02c9f074        0x0
                0x02c9f074                        __ddsc_OPTION_SETTING_SAS_START = .

__option_setting_sas_reg$$
                0x02c9f074        0x0
                0x02c9f074                        __option_setting_sas_reg$$Base = .
 *(.option_setting_sas)
                0x02c9f074                        __option_setting_sas_reg$$Limit = .

.option_setting_sas.endof
                0x02c9f074        0x0
                0x02c9f074                        __ddsc_OPTION_SETTING_SAS_END = .

.option_setting_ofs1.startof
                0x12c9f4c0        0x0
                0x12c9f4c0                        __ddsc_OPTION_SETTING_OFS1_START = .

__option_setting_ofs1_reg$$
                0x12c9f4c0        0x0
                0x12c9f4c0                        __option_setting_ofs1_reg$$Base = .
 *(.option_setting_ofs1)
                0x12c9f4c0                        __option_setting_ofs1_reg$$Limit = .

.option_setting_ofs1.endof
                0x12c9f4c0        0x0
                0x12c9f4c0                        __ddsc_OPTION_SETTING_OFS1_END = .

.option_setting_ofs1_sec.startof
                0x02c9f0c0        0x0
                0x02c9f0c0                        __ddsc_OPTION_SETTING_OFS1_SEC_START = .

__option_setting_ofs1_sec_reg$$
                0x02c9f0c0        0x4
                0x02c9f0c0                        __option_setting_ofs1_sec_reg$$Base = .
 *(.option_setting_ofs1_sec)
 .option_setting_ofs1_sec
                0x02c9f0c0        0x4 ./ra/fsp/src/bsp/mcu/ra8p1/bsp_linker.o
                0x02c9f0c4                        __option_setting_ofs1_sec_reg$$Limit = .

.option_setting_ofs1_sec.endof
                0x02c9f0c4        0x0
                0x02c9f0c4                        __ddsc_OPTION_SETTING_OFS1_SEC_END = .

.option_setting_ofs1_sel.startof
                0x02c9f120        0x0
                0x02c9f120                        __ddsc_OPTION_SETTING_OFS1_SEL_START = .

__option_setting_ofs1_sel_reg$$
                0x02c9f120        0x4
                0x02c9f120                        __option_setting_ofs1_sel_reg$$Base = .
 *(.option_setting_ofs1_sel)
 .option_setting_ofs1_sel
                0x02c9f120        0x4 ./ra/fsp/src/bsp/mcu/ra8p1/bsp_linker.o
                0x02c9f124                        __option_setting_ofs1_sel_reg$$Limit = .

.option_setting_ofs1_sel.endof
                0x02c9f124        0x0
                0x02c9f124                        __ddsc_OPTION_SETTING_OFS1_SEL_END = .

.option_setting_ofs3.startof
                0x12c9f4c4        0x0
                0x12c9f4c4                        __ddsc_OPTION_SETTING_OFS3_START = .

__option_setting_ofs3_reg$$
                0x12c9f4c4        0x0
                0x12c9f4c4                        __option_setting_ofs3_reg$$Base = .
 *(.option_setting_ofs3)
                0x12c9f4c4                        __option_setting_ofs3_reg$$Limit = .

.option_setting_ofs3.endof
                0x12c9f4c4        0x0
                0x12c9f4c4                        __ddsc_OPTION_SETTING_OFS3_END = .

.option_setting_ofs3_sec.startof
                0x02c9f0c4        0x0
                0x02c9f0c4                        __ddsc_OPTION_SETTING_OFS3_SEC_START = .

__option_setting_ofs3_sec_reg$$
                0x02c9f0c4        0x4
                0x02c9f0c4                        __option_setting_ofs3_sec_reg$$Base = .
 *(.option_setting_ofs3_sec)
 .option_setting_ofs3_sec
                0x02c9f0c4        0x4 ./ra/fsp/src/bsp/mcu/ra8p1/bsp_linker.o
                0x02c9f0c8                        __option_setting_ofs3_sec_reg$$Limit = .

.option_setting_ofs3_sec.endof
                0x02c9f0c8        0x0
                0x02c9f0c8                        __ddsc_OPTION_SETTING_OFS3_SEC_END = .

.option_setting_ofs3_sel.startof
                0x02c9f124        0x0
                0x02c9f124                        __ddsc_OPTION_SETTING_OFS3_SEL_START = .

__option_setting_ofs3_sel_reg$$
                0x02c9f124        0x4
                0x02c9f124                        __option_setting_ofs3_sel_reg$$Base = .
 *(.option_setting_ofs3_sel)
 .option_setting_ofs3_sel
                0x02c9f124        0x4 ./ra/fsp/src/bsp/mcu/ra8p1/bsp_linker.o
                0x02c9f128                        __option_setting_ofs3_sel_reg$$Limit = .

.eh_frame       0x02c9f128        0x0
 .eh_frame      0x02c9f128        0x0 C:/Program Files (x86)/Arm GNU Toolchain arm-none-eabi/13.2 Rel1/bin/../lib/gcc/arm-none-eabi/13.2.1/thumb/v8-m.main+dp/hard/crtbegin.o

.rel.dyn        0x02c9f128        0x0
 .rel.iplt      0x02c9f128        0x0 C:/Program Files (x86)/Arm GNU Toolchain arm-none-eabi/13.2 Rel1/bin/../lib/gcc/arm-none-eabi/13.2.1/thumb/v8-m.main+dp/hard/crtbegin.o

.option_setting_ofs3_sel.endof
                0x02c9f128        0x0
                0x02c9f128                        __ddsc_OPTION_SETTING_OFS3_SEL_END = .

.option_setting_bps.startof
                0x12c9f600        0x0
                0x12c9f600                        __ddsc_OPTION_SETTING_BPS_START = .

__option_setting_bps_reg$$
                0x12c9f600        0x0
                0x12c9f600                        __option_setting_bps_reg$$Base = .
 *(.option_setting_bps)
                0x12c9f600                        __option_setting_bps_reg$$Limit = .

.option_setting_bps.endof
                0x12c9f600        0x0
                0x12c9f600                        __ddsc_OPTION_SETTING_BPS_END = .

.option_setting_bps_sec.startof
                0x02c9f200        0x0
                0x02c9f200                        __ddsc_OPTION_SETTING_BPS_SEC_START = .

__option_setting_bps_sec_reg$$
                0x02c9f200        0x0
                0x02c9f200                        __option_setting_bps_sec_reg$$Base = .
 *(.option_setting_bps_sec)
                0x02c9f200                        __option_setting_bps_sec_reg$$Limit = .

.option_setting_bps_sec.endof
                0x02c9f200        0x0
                0x02c9f200                        __ddsc_OPTION_SETTING_BPS_SEC_END = .

.option_setting_otp_fsblctrl0.startof
                0x02e07600        0x0
                0x02e07600                        __ddsc_OPTION_SETTING_OTP_FSBLCTRL0_START = .

__option_setting_otp_fsblctrl0_reg$$
                0x02e07600        0x0
                0x02e07600                        __option_setting_otp_fsblctrl0_reg$$Base = .
 *(.option_setting_otp_fsblctrl0)
                0x02e07600                        __option_setting_otp_fsblctrl0_reg$$Limit = .

.option_setting_otp_fsblctrl0.endof
                0x02e07600        0x0
                0x02e07600                        __ddsc_OPTION_SETTING_OTP_FSBLCTRL0_END = .

.option_setting_otp_fsblctrl1.startof
                0x02e07604        0x0
                0x02e07604                        __ddsc_OPTION_SETTING_OTP_FSBLCTRL1_START = .

__option_setting_otp_fsblctrl1_reg$$
                0x02e07604        0x0
                0x02e07604                        __option_setting_otp_fsblctrl1_reg$$Base = .
 *(.option_setting_otp_fsblctrl1)
                0x02e07604                        __option_setting_otp_fsblctrl1_reg$$Limit = .

.option_setting_otp_fsblctrl1.endof
                0x02e07604        0x0
                0x02e07604                        __ddsc_OPTION_SETTING_OTP_FSBLCTRL1_END = .

.option_setting_otp_fsblctrl2.startof
                0x02e07608        0x0
                0x02e07608                        __ddsc_OPTION_SETTING_OTP_FSBLCTRL2_START = .

__option_setting_otp_fsblctrl2_reg$$
                0x02e07608        0x0
                0x02e07608                        __option_setting_otp_fsblctrl2_reg$$Base = .
 *(.option_setting_otp_fsblctrl2)
                0x02e07608                        __option_setting_otp_fsblctrl2_reg$$Limit = .

.option_setting_otp_fsblctrl2.endof
                0x02e07608        0x0
                0x02e07608                        __ddsc_OPTION_SETTING_OTP_FSBLCTRL2_END = .

.option_setting_otp_samr.startof
                0x02e07614        0x0
                0x02e07614                        __ddsc_OPTION_SETTING_OTP_SAMR_START = .

__option_setting_otp_samr_reg$$
                0x02e07614        0x0
                0x02e07614                        __option_setting_otp_samr_reg$$Base = .
 *(.option_setting_otp_samr)
                0x02e07614                        __option_setting_otp_samr_reg$$Limit = .

.option_setting_otp_samr.endof
                0x02e07614        0x0
                0x02e07614                        __ddsc_OPTION_SETTING_OTP_SAMR_END = .

.option_setting_otp_sacc00.startof
                0x02e07620        0x0
                0x02e07620                        __ddsc_OPTION_SETTING_OTP_SACC00_START = .

__option_setting_otp_sacc00_reg$$
                0x02e07620        0x0
                0x02e07620                        __option_setting_otp_sacc00_reg$$Base = .
 *(.option_setting_otp_sacc00)
                0x02e07620                        __option_setting_otp_sacc00_reg$$Limit = .

.option_setting_otp_sacc00.endof
                0x02e07620        0x0
                0x02e07620                        __ddsc_OPTION_SETTING_OTP_SACC00_END = .

.option_setting_otp_sacc10.startof
                0x02e07630        0x0
                0x02e07630                        __ddsc_OPTION_SETTING_OTP_SACC10_START = .

__option_setting_otp_sacc10_reg$$
                0x02e07630        0x0
                0x02e07630                        __option_setting_otp_sacc10_reg$$Base = .
 *(.option_setting_otp_sacc10)
                0x02e07630                        __option_setting_otp_sacc10_reg$$Limit = .

.option_setting_otp_sacc10.endof
                0x02e07630        0x0
                0x02e07630                        __ddsc_OPTION_SETTING_OTP_SACC10_END = .

.option_setting_otp_sacc01.startof
                0x02e07640        0x0
                0x02e07640                        __ddsc_OPTION_SETTING_OTP_SACC01_START = .

__option_setting_otp_sacc01_reg$$
                0x02e07640        0x0
                0x02e07640                        __option_setting_otp_sacc01_reg$$Base = .
 *(.option_setting_otp_sacc01)
                0x02e07640                        __option_setting_otp_sacc01_reg$$Limit = .

.option_setting_otp_sacc01.endof
                0x02e07640        0x0
                0x02e07640                        __ddsc_OPTION_SETTING_OTP_SACC01_END = .

.option_setting_otp_sacc11.startof
                0x02e07650        0x0
                0x02e07650                        __ddsc_OPTION_SETTING_OTP_SACC11_START = .

__option_setting_otp_sacc11_reg$$
                0x02e07650        0x0
                0x02e07650                        __option_setting_otp_sacc11_reg$$Base = .
 *(.option_setting_otp_sacc11)
                0x02e07650                        __option_setting_otp_sacc11_reg$$Limit = .

.option_setting_otp_sacc11.endof
                0x02e07650        0x0
                0x02e07650                        __ddsc_OPTION_SETTING_OTP_SACC11_END = .

.option_setting_otp_sacc02.startof
                0x02e07660        0x0
                0x02e07660                        __ddsc_OPTION_SETTING_OTP_SACC02_START = .

__option_setting_otp_sacc02_reg$$
                0x02e07660        0x0
                0x02e07660                        __option_setting_otp_sacc02_reg$$Base = .
 *(.option_setting_otp_sacc02)
                0x02e07660                        __option_setting_otp_sacc02_reg$$Limit = .

.option_setting_otp_sacc02.endof
                0x02e07660        0x0
                0x02e07660                        __ddsc_OPTION_SETTING_OTP_SACC02_END = .

.option_setting_otp_sacc12.startof
                0x02e07670        0x0
                0x02e07670                        __ddsc_OPTION_SETTING_OTP_SACC12_START = .

__option_setting_otp_sacc12_reg$$
                0x02e07670        0x0
                0x02e07670                        __option_setting_otp_sacc12_reg$$Base = .
 *(.option_setting_otp_sacc12)
                0x02e07670                        __option_setting_otp_sacc12_reg$$Limit = .

.option_setting_otp_sacc12.endof
                0x02e07670        0x0
                0x02e07670                        __ddsc_OPTION_SETTING_OTP_SACC12_END = .

.option_setting_otp_sacc03.startof
                0x02e07680        0x0
                0x02e07680                        __ddsc_OPTION_SETTING_OTP_SACC03_START = .

__option_setting_otp_sacc03_reg$$
                0x02e07680        0x0
                0x02e07680                        __option_setting_otp_sacc03_reg$$Base = .
 *(.option_setting_otp_sacc03)
                0x02e07680                        __option_setting_otp_sacc03_reg$$Limit = .

.option_setting_otp_sacc03.endof
                0x02e07680        0x0
                0x02e07680                        __ddsc_OPTION_SETTING_OTP_SACC03_END = .

.option_setting_otp_sacc13.startof
                0x02e07690        0x0
                0x02e07690                        __ddsc_OPTION_SETTING_OTP_SACC13_START = .

__option_setting_otp_sacc13_reg$$
                0x02e07690        0x0
                0x02e07690                        __option_setting_otp_sacc13_reg$$Base = .
 *(.option_setting_otp_sacc13)
                0x02e07690                        __option_setting_otp_sacc13_reg$$Limit = .

.option_setting_otp_sacc13.endof
                0x02e07690        0x0
                0x02e07690                        __ddsc_OPTION_SETTING_OTP_SACC13_END = .

.option_setting_otp_pbps_sec.startof
                0x02e17700        0x0
                0x02e17700                        __ddsc_OPTION_SETTING_OTP_PBPS_SEC_START = .

__option_setting_otp_pbps_sec_reg$$
                0x02e17700        0x0
                0x02e17700                        __option_setting_otp_pbps_sec_reg$$Base = .
 *(.option_setting_otp_pbps_sec)
                0x02e17700                        __option_setting_otp_pbps_sec_reg$$Limit = .

.option_setting_otp_pbps_sec.endof
                0x02e17700        0x0
                0x02e17700                        __ddsc_OPTION_SETTING_OTP_PBPS_SEC_END = .

.option_setting_otp_pbps.startof
                0x12e17780        0x0
                0x12e17780                        __ddsc_OPTION_SETTING_OTP_PBPS_START = .

__option_setting_otp_pbps_reg$$
                0x12e17780        0x0
                0x12e17780                        __option_setting_otp_pbps_reg$$Base = .
 *(.option_setting_otp_pbps)
                0x12e17780                        __option_setting_otp_pbps_reg$$Limit = .

.option_setting_otp_pbps.endof
                0x12e17780        0x0
                0x12e17780                        __ddsc_OPTION_SETTING_OTP_PBPS_END = .

.option_setting_otp_zhuk.startof
                0x02e17920        0x0
                0x02e17920                        __ddsc_OPTION_SETTING_OTP_ZHUK_START = .

__option_setting_otp_zhuk_reg$$
                0x02e17920        0x0
                0x02e17920                        __option_setting_otp_zhuk_reg$$Base = .
 *(.option_setting_otp_zhuk)
                0x02e17920                        __option_setting_otp_zhuk_reg$$Limit = .

.option_setting_otp_zhuk.endof
                0x02e17920        0x0
                0x02e17920                        __ddsc_OPTION_SETTING_OTP_ZHUK_END = .
OUTPUT(LifeDream.elf elf32-littlearm)
LOAD linker stubs

.ARM.attributes
                0x00000000       0x3a
 .ARM.attributes
                0x00000000       0x24 C:/Program Files (x86)/Arm GNU Toolchain arm-none-eabi/13.2 Rel1/bin/../lib/gcc/arm-none-eabi/13.2.1/thumb/v8-m.main+dp/hard/crti.o
 .ARM.attributes
                0x00000024       0x36 C:/Program Files (x86)/Arm GNU Toolchain arm-none-eabi/13.2 Rel1/bin/../lib/gcc/arm-none-eabi/13.2.1/thumb/v8-m.main+dp/hard/crtbegin.o
 .ARM.attributes
                0x0000005a       0x3e ./src/hal_entry.o
 .ARM.attributes
                0x00000098       0x3e ./src/hal_warmstart.o
 .ARM.attributes
                0x000000d6       0x3e ./src/spi_comm.o
 .ARM.attributes
                0x00000114       0x3e ./ra_gen/common_data.o
 .ARM.attributes
                0x00000152       0x3e ./ra_gen/hal_data.o
 .ARM.attributes
                0x00000190       0x3e ./ra_gen/main.o
 .ARM.attributes
                0x000001ce       0x3e ./ra_gen/pin_data.o
 .ARM.attributes
                0x0000020c       0x3e ./ra_gen/vector_data.o
 .ARM.attributes
                0x0000024a       0x3e ./ra/fsp/src/r_sci_b_uart/r_sci_b_uart.o
 .ARM.attributes
                0x00000288       0x3e ./ra/fsp/src/r_sci_b_spi/r_sci_b_spi.o
 .ARM.attributes
                0x000002c6       0x3e ./ra/fsp/src/r_ioport/r_ioport.o
 .ARM.attributes
                0x00000304       0x3e ./ra/fsp/src/r_iic_master/r_iic_master.o
 .ARM.attributes
                0x00000342       0x3e ./ra/fsp/src/r_ceu/r_ceu.o
 .ARM.attributes
                0x00000380       0x3e ./ra/fsp/src/bsp/mcu/ra8p1/bsp_linker.o
 .ARM.attributes
                0x000003be       0x3e ./ra/fsp/src/bsp/mcu/all/bsp_clocks.o
 .ARM.attributes
                0x000003fc       0x3e ./ra/fsp/src/bsp/mcu/all/bsp_common.o
 .ARM.attributes
                0x0000043a       0x3e ./ra/fsp/src/bsp/mcu/all/bsp_delay.o
 .ARM.attributes
                0x00000478       0x3e ./ra/fsp/src/bsp/mcu/all/bsp_group_irq.o
 .ARM.attributes
                0x000004b6       0x3e ./ra/fsp/src/bsp/mcu/all/bsp_io.o
 .ARM.attributes
                0x000004f4       0x3e ./ra/fsp/src/bsp/mcu/all/bsp_irq.o
 .ARM.attributes
                0x00000532       0x3e ./ra/fsp/src/bsp/mcu/all/bsp_register_protection.o
 .ARM.attributes
                0x00000570       0x3e ./ra/fsp/src/bsp/mcu/all/bsp_sbrk.o
 .ARM.attributes
                0x000005ae       0x3e ./ra/fsp/src/bsp/cmsis/Device/RENESAS/Source/startup.o
 .ARM.attributes
                0x000005ec       0x3e ./ra/fsp/src/bsp/cmsis/Device/RENESAS/Source/system.o
 .ARM.attributes
                0x0000062a       0x3e ./ra/board/ra8p1_ek/board_init.o
 .ARM.attributes
                0x00000668       0x36 C:/Program Files (x86)/Arm GNU Toolchain arm-none-eabi/13.2 Rel1/bin/../lib/gcc/arm-none-eabi/13.2.1/thumb/v8-m.main+dp/hard\libg_nano.a(libc_a-findfp.o)
 .ARM.attributes
                0x0000069e       0x36 C:/Program Files (x86)/Arm GNU Toolchain arm-none-eabi/13.2 Rel1/bin/../lib/gcc/arm-none-eabi/13.2.1/thumb/v8-m.main+dp/hard\libg_nano.a(libc_a-sprintf.o)
 .ARM.attributes
                0x000006d4       0x36 C:/Program Files (x86)/Arm GNU Toolchain arm-none-eabi/13.2 Rel1/bin/../lib/gcc/arm-none-eabi/13.2.1/thumb/v8-m.main+dp/hard\libg_nano.a(libc_a-memset.o)
 .ARM.attributes
                0x0000070a       0x36 C:/Program Files (x86)/Arm GNU Toolchain arm-none-eabi/13.2 Rel1/bin/../lib/gcc/arm-none-eabi/13.2.1/thumb/v8-m.main+dp/hard\libg_nano.a(libc_a-reent.o)
 .ARM.attributes
                0x00000740       0x36 C:/Program Files (x86)/Arm GNU Toolchain arm-none-eabi/13.2 Rel1/bin/../lib/gcc/arm-none-eabi/13.2.1/thumb/v8-m.main+dp/hard\libg_nano.a(libc_a-impure.o)
 .ARM.attributes
                0x00000776       0x36 C:/Program Files (x86)/Arm GNU Toolchain arm-none-eabi/13.2 Rel1/bin/../lib/gcc/arm-none-eabi/13.2.1/thumb/v8-m.main+dp/hard\libg_nano.a(libc_a-errno.o)
 .ARM.attributes
                0x000007ac       0x36 C:/Program Files (x86)/Arm GNU Toolchain arm-none-eabi/13.2 Rel1/bin/../lib/gcc/arm-none-eabi/13.2.1/thumb/v8-m.main+dp/hard\libg_nano.a(libc_a-lock.o)
 .ARM.attributes
                0x000007e2       0x36 C:/Program Files (x86)/Arm GNU Toolchain arm-none-eabi/13.2 Rel1/bin/../lib/gcc/arm-none-eabi/13.2.1/thumb/v8-m.main+dp/hard\libg_nano.a(libc_a-memcpy-stub.o)
 .ARM.attributes
                0x00000818       0x22 C:/Program Files (x86)/Arm GNU Toolchain arm-none-eabi/13.2 Rel1/bin/../lib/gcc/arm-none-eabi/13.2.1/thumb/v8-m.main+dp/hard\libg_nano.a(libc_a-strlen.o)
 .ARM.attributes
                0x0000083a       0x36 C:/Program Files (x86)/Arm GNU Toolchain arm-none-eabi/13.2 Rel1/bin/../lib/gcc/arm-none-eabi/13.2.1/thumb/v8-m.main+dp/hard\libg_nano.a(libc_a-freer.o)
 .ARM.attributes
                0x00000870       0x36 C:/Program Files (x86)/Arm GNU Toolchain arm-none-eabi/13.2 Rel1/bin/../lib/gcc/arm-none-eabi/13.2.1/thumb/v8-m.main+dp/hard\libg_nano.a(libc_a-mallocr.o)
 .ARM.attributes
                0x000008a6       0x36 C:/Program Files (x86)/Arm GNU Toolchain arm-none-eabi/13.2 Rel1/bin/../lib/gcc/arm-none-eabi/13.2.1/thumb/v8-m.main+dp/hard\libg_nano.a(libc_a-mlock.o)
 .ARM.attributes
                0x000008dc       0x36 C:/Program Files (x86)/Arm GNU Toolchain arm-none-eabi/13.2 Rel1/bin/../lib/gcc/arm-none-eabi/13.2.1/thumb/v8-m.main+dp/hard\libg_nano.a(libc_a-nano-svfprintf.o)
 .ARM.attributes
                0x00000912       0x36 C:/Program Files (x86)/Arm GNU Toolchain arm-none-eabi/13.2 Rel1/bin/../lib/gcc/arm-none-eabi/13.2.1/thumb/v8-m.main+dp/hard\libg_nano.a(libc_a-nano-vfprintf_i.o)
 .ARM.attributes
                0x00000948       0x36 C:/Program Files (x86)/Arm GNU Toolchain arm-none-eabi/13.2 Rel1/bin/../lib/gcc/arm-none-eabi/13.2.1/thumb/v8-m.main+dp/hard\libg_nano.a(libc_a-memmove.o)
 .ARM.attributes
                0x0000097e       0x36 C:/Program Files (x86)/Arm GNU Toolchain arm-none-eabi/13.2 Rel1/bin/../lib/gcc/arm-none-eabi/13.2.1/thumb/v8-m.main+dp/hard\libg_nano.a(libc_a-sbrkr.o)
 .ARM.attributes
                0x000009b4       0x36 C:/Program Files (x86)/Arm GNU Toolchain arm-none-eabi/13.2 Rel1/bin/../lib/gcc/arm-none-eabi/13.2.1/thumb/v8-m.main+dp/hard\libg_nano.a(libc_a-memchr-stub.o)
 .ARM.attributes
                0x000009ea       0x36 C:/Program Files (x86)/Arm GNU Toolchain arm-none-eabi/13.2 Rel1/bin/../lib/gcc/arm-none-eabi/13.2.1/thumb/v8-m.main+dp/hard\libg_nano.a(libc_a-reallocr.o)
 .ARM.attributes
                0x00000a20       0x36 C:/Program Files (x86)/Arm GNU Toolchain arm-none-eabi/13.2 Rel1/bin/../lib/gcc/arm-none-eabi/13.2.1/thumb/v8-m.main+dp/hard\libg_nano.a(libc_a-msizer.o)
 .ARM.attributes
                0x00000a56       0x36 C:/Program Files (x86)/Arm GNU Toolchain arm-none-eabi/13.2 Rel1/bin/../lib/gcc/arm-none-eabi/13.2.1/thumb/v8-m.main+dp/hard/crtend.o
 .ARM.attributes
                0x00000a8c       0x36 C:/Program Files (x86)/Arm GNU Toolchain arm-none-eabi/13.2 Rel1/bin/../lib/gcc/arm-none-eabi/13.2.1/thumb/v8-m.main+dp/hard\libm.a(libm_a-sinf.o)
 .ARM.attributes
                0x00000ac2       0x36 C:/Program Files (x86)/Arm GNU Toolchain arm-none-eabi/13.2 Rel1/bin/../lib/gcc/arm-none-eabi/13.2.1/thumb/v8-m.main+dp/hard\libm.a(libm_a-sincosf_data.o)
 .ARM.attributes
                0x00000af8       0x36 C:/Program Files (x86)/Arm GNU Toolchain arm-none-eabi/13.2 Rel1/bin/../lib/gcc/arm-none-eabi/13.2.1/thumb/v8-m.main+dp/hard\libm.a(libm_a-math_errf.o)
 .ARM.attributes
                0x00000b2e       0x24 C:/Program Files (x86)/Arm GNU Toolchain arm-none-eabi/13.2 Rel1/bin/../lib/gcc/arm-none-eabi/13.2.1/thumb/v8-m.main+dp/hard\libgcc.a(_arm_addsubdf3.o)

.comment        0x00000000       0x44
 .comment       0x00000000       0x44 ./src/hal_entry.o
                                 0x45 (size before relaxing)
 .comment       0x00000044       0x45 ./src/hal_warmstart.o
 .comment       0x00000044       0x45 ./src/spi_comm.o
 .comment       0x00000044       0x45 ./ra_gen/common_data.o
 .comment       0x00000044       0x45 ./ra_gen/hal_data.o
 .comment       0x00000044       0x45 ./ra_gen/main.o
 .comment       0x00000044       0x45 ./ra_gen/pin_data.o
 .comment       0x00000044       0x45 ./ra_gen/vector_data.o
 .comment       0x00000044       0x45 ./ra/fsp/src/r_sci_b_uart/r_sci_b_uart.o
 .comment       0x00000044       0x45 ./ra/fsp/src/r_sci_b_spi/r_sci_b_spi.o
 .comment       0x00000044       0x45 ./ra/fsp/src/r_ioport/r_ioport.o
 .comment       0x00000044       0x45 ./ra/fsp/src/r_iic_master/r_iic_master.o
 .comment       0x00000044       0x45 ./ra/fsp/src/r_ceu/r_ceu.o
 .comment       0x00000044       0x45 ./ra/fsp/src/bsp/mcu/ra8p1/bsp_linker.o
 .comment       0x00000044       0x45 ./ra/fsp/src/bsp/mcu/all/bsp_clocks.o
 .comment       0x00000044       0x45 ./ra/fsp/src/bsp/mcu/all/bsp_common.o
 .comment       0x00000044       0x45 ./ra/fsp/src/bsp/mcu/all/bsp_delay.o
 .comment       0x00000044       0x45 ./ra/fsp/src/bsp/mcu/all/bsp_group_irq.o
 .comment       0x00000044       0x45 ./ra/fsp/src/bsp/mcu/all/bsp_io.o
 .comment       0x00000044       0x45 ./ra/fsp/src/bsp/mcu/all/bsp_irq.o
 .comment       0x00000044       0x45 ./ra/fsp/src/bsp/mcu/all/bsp_register_protection.o
 .comment       0x00000044       0x45 ./ra/fsp/src/bsp/mcu/all/bsp_sbrk.o
 .comment       0x00000044       0x45 ./ra/fsp/src/bsp/cmsis/Device/RENESAS/Source/startup.o
 .comment       0x00000044       0x45 ./ra/fsp/src/bsp/cmsis/Device/RENESAS/Source/system.o
 .comment       0x00000044       0x45 ./ra/board/ra8p1_ek/board_init.o

.debug_info     0x00000000    0x5e93f
 .debug_info    0x00000000     0x1db3 ./src/hal_entry.o
 .debug_info    0x00001db3      0xfff ./src/hal_warmstart.o
 .debug_info    0x00002db2     0x1e30 ./src/spi_comm.o
 .debug_info    0x00004be2     0x125c ./ra_gen/common_data.o
 .debug_info    0x00005e3e     0x4ab4 ./ra_gen/hal_data.o
 .debug_info    0x0000a8f2       0xb1 ./ra_gen/main.o
 .debug_info    0x0000a9a3      0xa40 ./ra_gen/pin_data.o
 .debug_info    0x0000b3e3      0xe6d ./ra_gen/vector_data.o
 .debug_info    0x0000c250     0xcc12 ./ra/fsp/src/r_sci_b_uart/r_sci_b_uart.o
 .debug_info    0x00018e62     0xc778 ./ra/fsp/src/r_sci_b_spi/r_sci_b_spi.o
 .debug_info    0x000255da     0xa0d8 ./ra/fsp/src/r_ioport/r_ioport.o
 .debug_info    0x0002f6b2     0xbc5b ./ra/fsp/src/r_iic_master/r_iic_master.o
 .debug_info    0x0003b30d     0x5042 ./ra/fsp/src/r_ceu/r_ceu.o
 .debug_info    0x0004034f      0x7c6 ./ra/fsp/src/bsp/mcu/ra8p1/bsp_linker.o
 .debug_info    0x00040b15     0xafd2 ./ra/fsp/src/bsp/mcu/all/bsp_clocks.o
 .debug_info    0x0004bae7      0x96f ./ra/fsp/src/bsp/mcu/all/bsp_common.o
 .debug_info    0x0004c456      0x204 ./ra/fsp/src/bsp/mcu/all/bsp_delay.o
 .debug_info    0x0004c65a     0x182f ./ra/fsp/src/bsp/mcu/all/bsp_group_irq.o
 .debug_info    0x0004de89       0xb2 ./ra/fsp/src/bsp/mcu/all/bsp_io.o
 .debug_info    0x0004df3b     0x1d43 ./ra/fsp/src/bsp/mcu/all/bsp_irq.o
 .debug_info    0x0004fc7e     0x6360 ./ra/fsp/src/bsp/mcu/all/bsp_register_protection.o
 .debug_info    0x00055fde       0xd8 ./ra/fsp/src/bsp/mcu/all/bsp_sbrk.o
 .debug_info    0x000560b6      0x187 ./ra/fsp/src/bsp/cmsis/Device/RENESAS/Source/startup.o
 .debug_info    0x0005623d     0x865d ./ra/fsp/src/bsp/cmsis/Device/RENESAS/Source/system.o
 .debug_info    0x0005e89a       0xa5 ./ra/board/ra8p1_ek/board_init.o

.debug_abbrev   0x00000000     0x4088
 .debug_abbrev  0x00000000      0x336 ./src/hal_entry.o
 .debug_abbrev  0x00000336      0x158 ./src/hal_warmstart.o
 .debug_abbrev  0x0000048e      0x3d7 ./src/spi_comm.o
 .debug_abbrev  0x00000865      0x13a ./ra_gen/common_data.o
 .debug_abbrev  0x0000099f      0x2b4 ./ra_gen/hal_data.o
 .debug_abbrev  0x00000c53       0x61 ./ra_gen/main.o
 .debug_abbrev  0x00000cb4      0x10f ./ra_gen/pin_data.o
 .debug_abbrev  0x00000dc3       0xbe ./ra_gen/vector_data.o
 .debug_abbrev  0x00000e81      0x6b4 ./ra/fsp/src/r_sci_b_uart/r_sci_b_uart.o
 .debug_abbrev  0x00001535      0x681 ./ra/fsp/src/r_sci_b_spi/r_sci_b_spi.o
 .debug_abbrev  0x00001bb6      0x476 ./ra/fsp/src/r_ioport/r_ioport.o
 .debug_abbrev  0x0000202c      0x62e ./ra/fsp/src/r_iic_master/r_iic_master.o
 .debug_abbrev  0x0000265a      0x548 ./ra/fsp/src/r_ceu/r_ceu.o
 .debug_abbrev  0x00002ba2       0xe3 ./ra/fsp/src/bsp/mcu/ra8p1/bsp_linker.o
 .debug_abbrev  0x00002c85      0x482 ./ra/fsp/src/bsp/mcu/all/bsp_clocks.o
 .debug_abbrev  0x00003107      0x188 ./ra/fsp/src/bsp/mcu/all/bsp_common.o
 .debug_abbrev  0x0000328f      0x10d ./ra/fsp/src/bsp/mcu/all/bsp_delay.o
 .debug_abbrev  0x0000339c      0x260 ./ra/fsp/src/bsp/mcu/all/bsp_group_irq.o
 .debug_abbrev  0x000035fc       0x5e ./ra/fsp/src/bsp/mcu/all/bsp_io.o
 .debug_abbrev  0x0000365a      0x1cf ./ra/fsp/src/bsp/mcu/all/bsp_irq.o
 .debug_abbrev  0x00003829      0x26c ./ra/fsp/src/bsp/mcu/all/bsp_register_protection.o
 .debug_abbrev  0x00003a95       0x90 ./ra/fsp/src/bsp/mcu/all/bsp_sbrk.o
 .debug_abbrev  0x00003b25      0x102 ./ra/fsp/src/bsp/cmsis/Device/RENESAS/Source/startup.o
 .debug_abbrev  0x00003c27      0x406 ./ra/fsp/src/bsp/cmsis/Device/RENESAS/Source/system.o
 .debug_abbrev  0x0000402d       0x5b ./ra/board/ra8p1_ek/board_init.o

.debug_loclists
                0x00000000     0x5248
 .debug_loclists
                0x00000000       0xcf ./src/hal_entry.o
 .debug_loclists
                0x000000cf       0x29 ./src/hal_warmstart.o
 .debug_loclists
                0x000000f8      0x2fc ./src/spi_comm.o
 .debug_loclists
                0x000003f4      0xebc ./ra/fsp/src/r_sci_b_uart/r_sci_b_uart.o
 .debug_loclists
                0x000012b0     0x1224 ./ra/fsp/src/r_sci_b_spi/r_sci_b_spi.o
 .debug_loclists
                0x000024d4      0x7e5 ./ra/fsp/src/r_ioport/r_ioport.o
 .debug_loclists
                0x00002cb9      0xfbe ./ra/fsp/src/r_iic_master/r_iic_master.o
 .debug_loclists
                0x00003c77      0x66b ./ra/fsp/src/r_ceu/r_ceu.o
 .debug_loclists
                0x000042e2      0xa79 ./ra/fsp/src/bsp/mcu/all/bsp_clocks.o
 .debug_loclists
                0x00004d5b       0x20 ./ra/fsp/src/bsp/mcu/all/bsp_common.o
 .debug_loclists
                0x00004d7b      0x1ac ./ra/fsp/src/bsp/mcu/all/bsp_delay.o
 .debug_loclists
                0x00004f27       0x73 ./ra/fsp/src/bsp/mcu/all/bsp_group_irq.o
 .debug_loclists
                0x00004f9a       0x38 ./ra/fsp/src/bsp/mcu/all/bsp_irq.o
 .debug_loclists
                0x00004fd2       0xa7 ./ra/fsp/src/bsp/mcu/all/bsp_register_protection.o
 .debug_loclists